Archive member included to satisfy reference by file (symbol)

../../../libopencm3/lib/libopencm3_stm32f1.a(exti_common_all.o)
                              bin/main.o (exti_set_trigger)
../../../libopencm3/lib/libopencm3_stm32f1.a(gpio.o)
                              bin/main.o (gpio_set_mode)
../../../libopencm3/lib/libopencm3_stm32f1.a(gpio_common_all.o)
                              bin/main.o (gpio_set)
../../../libopencm3/lib/libopencm3_stm32f1.a(rcc.o)
                              bin/main.o (rcc_ahb_frequency)
../../../libopencm3/lib/libopencm3_stm32f1.a(rcc_common_all.o)
                              bin/main.o (rcc_periph_clock_enable)
../../../libopencm3/lib/libopencm3_stm32f1.a(timer_common_all.o)
                              bin/main.o (timer_enable_irq)
../../../libopencm3/lib/libopencm3_stm32f1.a(vector.o)
                              (reset_handler)
../../../libopencm3/lib/libopencm3_stm32f1.a(nvic.o)
                              bin/main.o (nvic_enable_irq)
../../../libopencm3/lib/libopencm3_stm32f1.a(assert.o)
                              ../../../libopencm3/lib/libopencm3_stm32f1.a(rcc.o) (cm3_assert_failed)
../../../libopencm3/lib/libopencm3_stm32f1.a(flash_common_all.o)
                              ../../../libopencm3/lib/libopencm3_stm32f1.a(rcc.o) (flash_set_ws)

Discarded input sections

 .data          0x00000000        0x0 bin/main.o
 .group         0x00000000        0xc ../../../libopencm3/lib/libopencm3_stm32f1.a(exti_common_all.o)
 .group         0x00000000        0xc ../../../libopencm3/lib/libopencm3_stm32f1.a(exti_common_all.o)
 .group         0x00000000        0xc ../../../libopencm3/lib/libopencm3_stm32f1.a(exti_common_all.o)
 .group         0x00000000        0xc ../../../libopencm3/lib/libopencm3_stm32f1.a(exti_common_all.o)
 .group         0x00000000        0xc ../../../libopencm3/lib/libopencm3_stm32f1.a(exti_common_all.o)
 .group         0x00000000        0xc ../../../libopencm3/lib/libopencm3_stm32f1.a(exti_common_all.o)
 .group         0x00000000        0xc ../../../libopencm3/lib/libopencm3_stm32f1.a(exti_common_all.o)
 .group         0x00000000        0xc ../../../libopencm3/lib/libopencm3_stm32f1.a(exti_common_all.o)
 .group         0x00000000        0xc ../../../libopencm3/lib/libopencm3_stm32f1.a(exti_common_all.o)
 .group         0x00000000        0xc ../../../libopencm3/lib/libopencm3_stm32f1.a(exti_common_all.o)
 .group         0x00000000        0xc ../../../libopencm3/lib/libopencm3_stm32f1.a(exti_common_all.o)
 .text          0x00000000        0x0 ../../../libopencm3/lib/libopencm3_stm32f1.a(exti_common_all.o)
 .data          0x00000000        0x0 ../../../libopencm3/lib/libopencm3_stm32f1.a(exti_common_all.o)
 .bss           0x00000000        0x0 ../../../libopencm3/lib/libopencm3_stm32f1.a(exti_common_all.o)
 .text.exti_get_flag_status
                0x00000000       0x10 ../../../libopencm3/lib/libopencm3_stm32f1.a(exti_common_all.o)
 .group         0x00000000        0xc ../../../libopencm3/lib/libopencm3_stm32f1.a(gpio.o)
 .group         0x00000000        0xc ../../../libopencm3/lib/libopencm3_stm32f1.a(gpio.o)
 .group         0x00000000        0xc ../../../libopencm3/lib/libopencm3_stm32f1.a(gpio.o)
 .group         0x00000000        0xc ../../../libopencm3/lib/libopencm3_stm32f1.a(gpio.o)
 .group         0x00000000        0xc ../../../libopencm3/lib/libopencm3_stm32f1.a(gpio.o)
 .group         0x00000000        0xc ../../../libopencm3/lib/libopencm3_stm32f1.a(gpio.o)
 .group         0x00000000        0xc ../../../libopencm3/lib/libopencm3_stm32f1.a(gpio.o)
 .group         0x00000000        0xc ../../../libopencm3/lib/libopencm3_stm32f1.a(gpio.o)
 .group         0x00000000        0xc ../../../libopencm3/lib/libopencm3_stm32f1.a(gpio.o)
 .text          0x00000000        0x0 ../../../libopencm3/lib/libopencm3_stm32f1.a(gpio.o)
 .data          0x00000000        0x0 ../../../libopencm3/lib/libopencm3_stm32f1.a(gpio.o)
 .bss           0x00000000        0x0 ../../../libopencm3/lib/libopencm3_stm32f1.a(gpio.o)
 .text.gpio_set_eventout
                0x00000000       0x10 ../../../libopencm3/lib/libopencm3_stm32f1.a(gpio.o)
 .text.gpio_primary_remap
                0x00000000       0x14 ../../../libopencm3/lib/libopencm3_stm32f1.a(gpio.o)
 .text.gpio_secondary_remap
                0x00000000       0x10 ../../../libopencm3/lib/libopencm3_stm32f1.a(gpio.o)
 .debug_macro   0x00000000      0xac0 ../../../libopencm3/lib/libopencm3_stm32f1.a(gpio.o)
 .debug_macro   0x00000000       0x1c ../../../libopencm3/lib/libopencm3_stm32f1.a(gpio.o)
 .debug_macro   0x00000000      0x34e ../../../libopencm3/lib/libopencm3_stm32f1.a(gpio.o)
 .debug_macro   0x00000000       0x22 ../../../libopencm3/lib/libopencm3_stm32f1.a(gpio.o)
 .debug_macro   0x00000000       0xe8 ../../../libopencm3/lib/libopencm3_stm32f1.a(gpio.o)
 .debug_macro   0x00000000       0x76 ../../../libopencm3/lib/libopencm3_stm32f1.a(gpio.o)
 .debug_macro   0x00000000      0x1b4 ../../../libopencm3/lib/libopencm3_stm32f1.a(gpio.o)
 .debug_macro   0x00000000       0x76 ../../../libopencm3/lib/libopencm3_stm32f1.a(gpio.o)
 .debug_macro   0x00000000      0xe2e ../../../libopencm3/lib/libopencm3_stm32f1.a(gpio.o)
 .group         0x00000000        0xc ../../../libopencm3/lib/libopencm3_stm32f1.a(gpio_common_all.o)
 .group         0x00000000        0xc ../../../libopencm3/lib/libopencm3_stm32f1.a(gpio_common_all.o)
 .group         0x00000000        0xc ../../../libopencm3/lib/libopencm3_stm32f1.a(gpio_common_all.o)
 .group         0x00000000        0xc ../../../libopencm3/lib/libopencm3_stm32f1.a(gpio_common_all.o)
 .group         0x00000000        0xc ../../../libopencm3/lib/libopencm3_stm32f1.a(gpio_common_all.o)
 .group         0x00000000        0xc ../../../libopencm3/lib/libopencm3_stm32f1.a(gpio_common_all.o)
 .group         0x00000000        0xc ../../../libopencm3/lib/libopencm3_stm32f1.a(gpio_common_all.o)
 .group         0x00000000        0xc ../../../libopencm3/lib/libopencm3_stm32f1.a(gpio_common_all.o)
 .group         0x00000000        0xc ../../../libopencm3/lib/libopencm3_stm32f1.a(gpio_common_all.o)
 .text          0x00000000        0x0 ../../../libopencm3/lib/libopencm3_stm32f1.a(gpio_common_all.o)
 .data          0x00000000        0x0 ../../../libopencm3/lib/libopencm3_stm32f1.a(gpio_common_all.o)
 .bss           0x00000000        0x0 ../../../libopencm3/lib/libopencm3_stm32f1.a(gpio_common_all.o)
 .text.gpio_toggle
                0x00000000       0x12 ../../../libopencm3/lib/libopencm3_stm32f1.a(gpio_common_all.o)
 .text.gpio_port_read
                0x00000000        0x6 ../../../libopencm3/lib/libopencm3_stm32f1.a(gpio_common_all.o)
 .text.gpio_port_write
                0x00000000        0x4 ../../../libopencm3/lib/libopencm3_stm32f1.a(gpio_common_all.o)
 .text.gpio_port_config_lock
                0x00000000       0x10 ../../../libopencm3/lib/libopencm3_stm32f1.a(gpio_common_all.o)
 .debug_macro   0x00000000      0xac0 ../../../libopencm3/lib/libopencm3_stm32f1.a(gpio_common_all.o)
 .debug_macro   0x00000000       0x1c ../../../libopencm3/lib/libopencm3_stm32f1.a(gpio_common_all.o)
 .debug_macro   0x00000000      0x34e ../../../libopencm3/lib/libopencm3_stm32f1.a(gpio_common_all.o)
 .debug_macro   0x00000000       0x22 ../../../libopencm3/lib/libopencm3_stm32f1.a(gpio_common_all.o)
 .debug_macro   0x00000000       0xe8 ../../../libopencm3/lib/libopencm3_stm32f1.a(gpio_common_all.o)
 .debug_macro   0x00000000       0x76 ../../../libopencm3/lib/libopencm3_stm32f1.a(gpio_common_all.o)
 .debug_macro   0x00000000      0x1b4 ../../../libopencm3/lib/libopencm3_stm32f1.a(gpio_common_all.o)
 .debug_macro   0x00000000       0x76 ../../../libopencm3/lib/libopencm3_stm32f1.a(gpio_common_all.o)
 .debug_macro   0x00000000      0xe2e ../../../libopencm3/lib/libopencm3_stm32f1.a(gpio_common_all.o)
 .group         0x00000000        0xc ../../../libopencm3/lib/libopencm3_stm32f1.a(rcc.o)
 .group         0x00000000        0xc ../../../libopencm3/lib/libopencm3_stm32f1.a(rcc.o)
 .group         0x00000000        0xc ../../../libopencm3/lib/libopencm3_stm32f1.a(rcc.o)
 .group         0x00000000        0xc ../../../libopencm3/lib/libopencm3_stm32f1.a(rcc.o)
 .group         0x00000000        0xc ../../../libopencm3/lib/libopencm3_stm32f1.a(rcc.o)
 .group         0x00000000        0xc ../../../libopencm3/lib/libopencm3_stm32f1.a(rcc.o)
 .group         0x00000000        0xc ../../../libopencm3/lib/libopencm3_stm32f1.a(rcc.o)
 .group         0x00000000        0xc ../../../libopencm3/lib/libopencm3_stm32f1.a(rcc.o)
 .group         0x00000000        0xc ../../../libopencm3/lib/libopencm3_stm32f1.a(rcc.o)
 .group         0x00000000        0xc ../../../libopencm3/lib/libopencm3_stm32f1.a(rcc.o)
 .group         0x00000000        0xc ../../../libopencm3/lib/libopencm3_stm32f1.a(rcc.o)
 .text          0x00000000        0x0 ../../../libopencm3/lib/libopencm3_stm32f1.a(rcc.o)
 .data          0x00000000        0x0 ../../../libopencm3/lib/libopencm3_stm32f1.a(rcc.o)
 .bss           0x00000000        0x0 ../../../libopencm3/lib/libopencm3_stm32f1.a(rcc.o)
 .text.rcc_osc_ready_int_clear
                0x00000000       0x5c ../../../libopencm3/lib/libopencm3_stm32f1.a(rcc.o)
 .text.rcc_osc_ready_int_enable
                0x00000000       0x5c ../../../libopencm3/lib/libopencm3_stm32f1.a(rcc.o)
 .text.rcc_osc_ready_int_disable
                0x00000000       0x5c ../../../libopencm3/lib/libopencm3_stm32f1.a(rcc.o)
 .text.rcc_osc_ready_int_flag
                0x00000000       0x54 ../../../libopencm3/lib/libopencm3_stm32f1.a(rcc.o)
 .text.rcc_css_int_clear
                0x00000000       0x10 ../../../libopencm3/lib/libopencm3_stm32f1.a(rcc.o)
 .text.rcc_css_int_flag
                0x00000000       0x10 ../../../libopencm3/lib/libopencm3_stm32f1.a(rcc.o)
 .text.rcc_osc_off
                0x00000000       0x60 ../../../libopencm3/lib/libopencm3_stm32f1.a(rcc.o)
 .text.rcc_css_enable
                0x00000000       0x10 ../../../libopencm3/lib/libopencm3_stm32f1.a(rcc.o)
 .text.rcc_css_disable
                0x00000000       0x10 ../../../libopencm3/lib/libopencm3_stm32f1.a(rcc.o)
 .text.rcc_rtc_clock_enabled_flag
                0x00000000       0x10 ../../../libopencm3/lib/libopencm3_stm32f1.a(rcc.o)
 .text.rcc_enable_rtc_clock
                0x00000000       0x10 ../../../libopencm3/lib/libopencm3_stm32f1.a(rcc.o)
 .text.rcc_set_rtc_clock_source
                0x00000000       0x84 ../../../libopencm3/lib/libopencm3_stm32f1.a(rcc.o)
 .text.rcc_system_clock_source
                0x00000000       0x10 ../../../libopencm3/lib/libopencm3_stm32f1.a(rcc.o)
 .text.rcc_clock_setup_in_hsi_out_64mhz
                0x00000000       0x70 ../../../libopencm3/lib/libopencm3_stm32f1.a(rcc.o)
 .text.rcc_clock_setup_in_hsi_out_48mhz
                0x00000000       0x7c ../../../libopencm3/lib/libopencm3_stm32f1.a(rcc.o)
 .text.rcc_clock_setup_in_hsi_out_24mhz
                0x00000000       0x60 ../../../libopencm3/lib/libopencm3_stm32f1.a(rcc.o)
 .text.rcc_clock_setup_in_hse_8mhz_out_24mhz
                0x00000000       0x78 ../../../libopencm3/lib/libopencm3_stm32f1.a(rcc.o)
 .text.rcc_clock_setup_in_hse_8mhz_out_72mhz
                0x00000000       0x88 ../../../libopencm3/lib/libopencm3_stm32f1.a(rcc.o)
 .text.rcc_clock_setup_in_hse_12mhz_out_72mhz
                0x00000000       0x88 ../../../libopencm3/lib/libopencm3_stm32f1.a(rcc.o)
 .text.rcc_clock_setup_in_hse_16mhz_out_72mhz
                0x00000000       0x88 ../../../libopencm3/lib/libopencm3_stm32f1.a(rcc.o)
 .text.rcc_clock_setup_in_hse_25mhz_out_72mhz
                0x00000000       0xa8 ../../../libopencm3/lib/libopencm3_stm32f1.a(rcc.o)
 .text.rcc_backupdomain_reset
                0x00000000       0x18 ../../../libopencm3/lib/libopencm3_stm32f1.a(rcc.o)
 .text.rcc_get_usart_clk_freq
                0x00000000       0x1c ../../../libopencm3/lib/libopencm3_stm32f1.a(rcc.o)
 .text.rcc_get_timer_clk_freq
                0x00000000       0x34 ../../../libopencm3/lib/libopencm3_stm32f1.a(rcc.o)
 .text.rcc_get_i2c_clk_freq
                0x00000000        0xc ../../../libopencm3/lib/libopencm3_stm32f1.a(rcc.o)
 .rodata.rcc_hsi_configs
                0x00000000       0x54 ../../../libopencm3/lib/libopencm3_stm32f1.a(rcc.o)
 .debug_macro   0x00000000      0xac0 ../../../libopencm3/lib/libopencm3_stm32f1.a(rcc.o)
 .debug_macro   0x00000000       0x1c ../../../libopencm3/lib/libopencm3_stm32f1.a(rcc.o)
 .debug_macro   0x00000000      0x34e ../../../libopencm3/lib/libopencm3_stm32f1.a(rcc.o)
 .debug_macro   0x00000000       0x22 ../../../libopencm3/lib/libopencm3_stm32f1.a(rcc.o)
 .debug_macro   0x00000000       0xe8 ../../../libopencm3/lib/libopencm3_stm32f1.a(rcc.o)
 .debug_macro   0x00000000       0x76 ../../../libopencm3/lib/libopencm3_stm32f1.a(rcc.o)
 .debug_macro   0x00000000      0x1b4 ../../../libopencm3/lib/libopencm3_stm32f1.a(rcc.o)
 .group         0x00000000        0xc ../../../libopencm3/lib/libopencm3_stm32f1.a(rcc_common_all.o)
 .group         0x00000000        0xc ../../../libopencm3/lib/libopencm3_stm32f1.a(rcc_common_all.o)
 .group         0x00000000        0xc ../../../libopencm3/lib/libopencm3_stm32f1.a(rcc_common_all.o)
 .group         0x00000000        0xc ../../../libopencm3/lib/libopencm3_stm32f1.a(rcc_common_all.o)
 .group         0x00000000        0xc ../../../libopencm3/lib/libopencm3_stm32f1.a(rcc_common_all.o)
 .group         0x00000000        0xc ../../../libopencm3/lib/libopencm3_stm32f1.a(rcc_common_all.o)
 .group         0x00000000        0xc ../../../libopencm3/lib/libopencm3_stm32f1.a(rcc_common_all.o)
 .group         0x00000000        0xc ../../../libopencm3/lib/libopencm3_stm32f1.a(rcc_common_all.o)
 .text          0x00000000        0x0 ../../../libopencm3/lib/libopencm3_stm32f1.a(rcc_common_all.o)
 .data          0x00000000        0x0 ../../../libopencm3/lib/libopencm3_stm32f1.a(rcc_common_all.o)
 .bss           0x00000000        0x0 ../../../libopencm3/lib/libopencm3_stm32f1.a(rcc_common_all.o)
 .text.rcc_peripheral_enable_clock
                0x00000000        0x8 ../../../libopencm3/lib/libopencm3_stm32f1.a(rcc_common_all.o)
 .text.rcc_peripheral_disable_clock
                0x00000000        0xa ../../../libopencm3/lib/libopencm3_stm32f1.a(rcc_common_all.o)
 .text.rcc_peripheral_reset
                0x00000000        0x8 ../../../libopencm3/lib/libopencm3_stm32f1.a(rcc_common_all.o)
 .text.rcc_peripheral_clear_reset
                0x00000000        0xa ../../../libopencm3/lib/libopencm3_stm32f1.a(rcc_common_all.o)
 .text.rcc_periph_clock_disable
                0x00000000       0x1c ../../../libopencm3/lib/libopencm3_stm32f1.a(rcc_common_all.o)
 .text.rcc_periph_reset_pulse
                0x00000000       0x22 ../../../libopencm3/lib/libopencm3_stm32f1.a(rcc_common_all.o)
 .text.rcc_periph_reset_hold
                0x00000000        0x4 ../../../libopencm3/lib/libopencm3_stm32f1.a(rcc_common_all.o)
 .text.rcc_periph_reset_release
                0x00000000        0x4 ../../../libopencm3/lib/libopencm3_stm32f1.a(rcc_common_all.o)
 .text.rcc_set_mco
                0x00000000       0x14 ../../../libopencm3/lib/libopencm3_stm32f1.a(rcc_common_all.o)
 .text.rcc_osc_bypass_enable
                0x00000000       0x28 ../../../libopencm3/lib/libopencm3_stm32f1.a(rcc_common_all.o)
 .text.rcc_osc_bypass_disable
                0x00000000       0x28 ../../../libopencm3/lib/libopencm3_stm32f1.a(rcc_common_all.o)
 .text.rcc_get_div_from_hpre
                0x00000000       0x18 ../../../libopencm3/lib/libopencm3_stm32f1.a(rcc_common_all.o)
 .debug_macro   0x00000000      0xac0 ../../../libopencm3/lib/libopencm3_stm32f1.a(rcc_common_all.o)
 .debug_macro   0x00000000       0x1c ../../../libopencm3/lib/libopencm3_stm32f1.a(rcc_common_all.o)
 .debug_macro   0x00000000      0x34e ../../../libopencm3/lib/libopencm3_stm32f1.a(rcc_common_all.o)
 .debug_macro   0x00000000       0x22 ../../../libopencm3/lib/libopencm3_stm32f1.a(rcc_common_all.o)
 .debug_macro   0x00000000       0xe8 ../../../libopencm3/lib/libopencm3_stm32f1.a(rcc_common_all.o)
 .debug_macro   0x00000000       0x76 ../../../libopencm3/lib/libopencm3_stm32f1.a(rcc_common_all.o)
 .debug_macro   0x00000000      0x1b4 ../../../libopencm3/lib/libopencm3_stm32f1.a(rcc_common_all.o)
 .debug_macro   0x00000000      0x8c6 ../../../libopencm3/lib/libopencm3_stm32f1.a(rcc_common_all.o)
 .group         0x00000000        0xc ../../../libopencm3/lib/libopencm3_stm32f1.a(timer_common_all.o)
 .group         0x00000000        0xc ../../../libopencm3/lib/libopencm3_stm32f1.a(timer_common_all.o)
 .group         0x00000000        0xc ../../../libopencm3/lib/libopencm3_stm32f1.a(timer_common_all.o)
 .group         0x00000000        0xc ../../../libopencm3/lib/libopencm3_stm32f1.a(timer_common_all.o)
 .group         0x00000000        0xc ../../../libopencm3/lib/libopencm3_stm32f1.a(timer_common_all.o)
 .group         0x00000000        0xc ../../../libopencm3/lib/libopencm3_stm32f1.a(timer_common_all.o)
 .group         0x00000000        0xc ../../../libopencm3/lib/libopencm3_stm32f1.a(timer_common_all.o)
 .group         0x00000000        0xc ../../../libopencm3/lib/libopencm3_stm32f1.a(timer_common_all.o)
 .group         0x00000000        0xc ../../../libopencm3/lib/libopencm3_stm32f1.a(timer_common_all.o)
 .text          0x00000000        0x0 ../../../libopencm3/lib/libopencm3_stm32f1.a(timer_common_all.o)
 .data          0x00000000        0x0 ../../../libopencm3/lib/libopencm3_stm32f1.a(timer_common_all.o)
 .bss           0x00000000        0x0 ../../../libopencm3/lib/libopencm3_stm32f1.a(timer_common_all.o)
 .text.timer_interrupt_source
                0x00000000       0x14 ../../../libopencm3/lib/libopencm3_stm32f1.a(timer_common_all.o)
 .text.timer_set_mode
                0x00000000       0x12 ../../../libopencm3/lib/libopencm3_stm32f1.a(timer_common_all.o)
 .text.timer_set_clock_division
                0x00000000       0x14 ../../../libopencm3/lib/libopencm3_stm32f1.a(timer_common_all.o)
 .text.timer_enable_preload
                0x00000000        0xa ../../../libopencm3/lib/libopencm3_stm32f1.a(timer_common_all.o)
 .text.timer_disable_preload
                0x00000000        0xa ../../../libopencm3/lib/libopencm3_stm32f1.a(timer_common_all.o)
 .text.timer_set_alignment
                0x00000000       0x14 ../../../libopencm3/lib/libopencm3_stm32f1.a(timer_common_all.o)
 .text.timer_direction_up
                0x00000000        0xa ../../../libopencm3/lib/libopencm3_stm32f1.a(timer_common_all.o)
 .text.timer_direction_down
                0x00000000        0xa ../../../libopencm3/lib/libopencm3_stm32f1.a(timer_common_all.o)
 .text.timer_one_shot_mode
                0x00000000        0xa ../../../libopencm3/lib/libopencm3_stm32f1.a(timer_common_all.o)
 .text.timer_continuous_mode
                0x00000000        0xa ../../../libopencm3/lib/libopencm3_stm32f1.a(timer_common_all.o)
 .text.timer_update_on_any
                0x00000000        0xa ../../../libopencm3/lib/libopencm3_stm32f1.a(timer_common_all.o)
 .text.timer_update_on_overflow
                0x00000000        0xa ../../../libopencm3/lib/libopencm3_stm32f1.a(timer_common_all.o)
 .text.timer_enable_update_event
                0x00000000        0xa ../../../libopencm3/lib/libopencm3_stm32f1.a(timer_common_all.o)
 .text.timer_disable_update_event
                0x00000000        0xa ../../../libopencm3/lib/libopencm3_stm32f1.a(timer_common_all.o)
 .text.timer_set_output_idle_state
                0x00000000        0xc ../../../libopencm3/lib/libopencm3_stm32f1.a(timer_common_all.o)
 .text.timer_reset_output_idle_state
                0x00000000        0xe ../../../libopencm3/lib/libopencm3_stm32f1.a(timer_common_all.o)
 .text.timer_set_ti1_ch123_xor
                0x00000000        0xa ../../../libopencm3/lib/libopencm3_stm32f1.a(timer_common_all.o)
 .text.timer_set_ti1_ch1
                0x00000000        0xa ../../../libopencm3/lib/libopencm3_stm32f1.a(timer_common_all.o)
 .text.timer_set_master_mode
                0x00000000       0x10 ../../../libopencm3/lib/libopencm3_stm32f1.a(timer_common_all.o)
 .text.timer_set_dma_on_compare_event
                0x00000000        0xa ../../../libopencm3/lib/libopencm3_stm32f1.a(timer_common_all.o)
 .text.timer_set_dma_on_update_event
                0x00000000        0xa ../../../libopencm3/lib/libopencm3_stm32f1.a(timer_common_all.o)
 .text.timer_enable_compare_control_update_on_trigger
                0x00000000        0xa ../../../libopencm3/lib/libopencm3_stm32f1.a(timer_common_all.o)
 .text.timer_disable_compare_control_update_on_trigger
                0x00000000        0xa ../../../libopencm3/lib/libopencm3_stm32f1.a(timer_common_all.o)
 .text.timer_enable_preload_complementry_enable_bits
                0x00000000        0xa ../../../libopencm3/lib/libopencm3_stm32f1.a(timer_common_all.o)
 .text.timer_disable_preload_complementry_enable_bits
                0x00000000        0xa ../../../libopencm3/lib/libopencm3_stm32f1.a(timer_common_all.o)
 .text.timer_set_repetition_counter
                0x00000000        0x4 ../../../libopencm3/lib/libopencm3_stm32f1.a(timer_common_all.o)
 .text.timer_enable_oc_clear
                0x00000000       0x34 ../../../libopencm3/lib/libopencm3_stm32f1.a(timer_common_all.o)
 .text.timer_disable_oc_clear
                0x00000000       0x34 ../../../libopencm3/lib/libopencm3_stm32f1.a(timer_common_all.o)
 .text.timer_set_oc_fast_mode
                0x00000000       0x34 ../../../libopencm3/lib/libopencm3_stm32f1.a(timer_common_all.o)
 .text.timer_set_oc_slow_mode
                0x00000000       0x34 ../../../libopencm3/lib/libopencm3_stm32f1.a(timer_common_all.o)
 .text.timer_set_oc_mode
                0x00000000      0x18c ../../../libopencm3/lib/libopencm3_stm32f1.a(timer_common_all.o)
 .text.timer_enable_oc_preload
                0x00000000       0x34 ../../../libopencm3/lib/libopencm3_stm32f1.a(timer_common_all.o)
 .text.timer_disable_oc_preload
                0x00000000       0x34 ../../../libopencm3/lib/libopencm3_stm32f1.a(timer_common_all.o)
 .text.timer_set_oc_polarity_high
                0x00000000       0x4a ../../../libopencm3/lib/libopencm3_stm32f1.a(timer_common_all.o)
 .text.timer_set_oc_polarity_low
                0x00000000       0x4a ../../../libopencm3/lib/libopencm3_stm32f1.a(timer_common_all.o)
 .text.timer_enable_oc_output
                0x00000000       0x4a ../../../libopencm3/lib/libopencm3_stm32f1.a(timer_common_all.o)
 .text.timer_disable_oc_output
                0x00000000       0x4a ../../../libopencm3/lib/libopencm3_stm32f1.a(timer_common_all.o)
 .text.timer_set_oc_idle_state_set
                0x00000000       0x4a ../../../libopencm3/lib/libopencm3_stm32f1.a(timer_common_all.o)
 .text.timer_set_oc_idle_state_unset
                0x00000000       0x4a ../../../libopencm3/lib/libopencm3_stm32f1.a(timer_common_all.o)
 .text.timer_set_oc_value
                0x00000000       0x20 ../../../libopencm3/lib/libopencm3_stm32f1.a(timer_common_all.o)
 .text.timer_enable_break_main_output
                0x00000000        0xa ../../../libopencm3/lib/libopencm3_stm32f1.a(timer_common_all.o)
 .text.timer_disable_break_main_output
                0x00000000        0xa ../../../libopencm3/lib/libopencm3_stm32f1.a(timer_common_all.o)
 .text.timer_enable_break_automatic_output
                0x00000000        0xa ../../../libopencm3/lib/libopencm3_stm32f1.a(timer_common_all.o)
 .text.timer_disable_break_automatic_output
                0x00000000        0xa ../../../libopencm3/lib/libopencm3_stm32f1.a(timer_common_all.o)
 .text.timer_set_break_polarity_high
                0x00000000        0xa ../../../libopencm3/lib/libopencm3_stm32f1.a(timer_common_all.o)
 .text.timer_set_break_polarity_low
                0x00000000        0xa ../../../libopencm3/lib/libopencm3_stm32f1.a(timer_common_all.o)
 .text.timer_enable_break
                0x00000000        0xa ../../../libopencm3/lib/libopencm3_stm32f1.a(timer_common_all.o)
 .text.timer_disable_break
                0x00000000        0xa ../../../libopencm3/lib/libopencm3_stm32f1.a(timer_common_all.o)
 .text.timer_set_enabled_off_state_in_run_mode
                0x00000000        0xa ../../../libopencm3/lib/libopencm3_stm32f1.a(timer_common_all.o)
 .text.timer_set_disabled_off_state_in_run_mode
                0x00000000        0xa ../../../libopencm3/lib/libopencm3_stm32f1.a(timer_common_all.o)
 .text.timer_set_enabled_off_state_in_idle_mode
                0x00000000        0xa ../../../libopencm3/lib/libopencm3_stm32f1.a(timer_common_all.o)
 .text.timer_set_disabled_off_state_in_idle_mode
                0x00000000        0xa ../../../libopencm3/lib/libopencm3_stm32f1.a(timer_common_all.o)
 .text.timer_set_break_lock
                0x00000000        0x8 ../../../libopencm3/lib/libopencm3_stm32f1.a(timer_common_all.o)
 .text.timer_set_deadtime
                0x00000000        0x4 ../../../libopencm3/lib/libopencm3_stm32f1.a(timer_common_all.o)
 .text.timer_generate_event
                0x00000000        0x8 ../../../libopencm3/lib/libopencm3_stm32f1.a(timer_common_all.o)
 .text.timer_get_counter
                0x00000000        0x4 ../../../libopencm3/lib/libopencm3_stm32f1.a(timer_common_all.o)
 .text.timer_ic_set_filter
                0x00000000       0x50 ../../../libopencm3/lib/libopencm3_stm32f1.a(timer_common_all.o)
 .text.timer_ic_set_prescaler
                0x00000000       0x50 ../../../libopencm3/lib/libopencm3_stm32f1.a(timer_common_all.o)
 .text.timer_ic_set_input
                0x00000000       0x62 ../../../libopencm3/lib/libopencm3_stm32f1.a(timer_common_all.o)
 .text.timer_ic_enable
                0x00000000        0xe ../../../libopencm3/lib/libopencm3_stm32f1.a(timer_common_all.o)
 .text.timer_ic_disable
                0x00000000       0x10 ../../../libopencm3/lib/libopencm3_stm32f1.a(timer_common_all.o)
 .text.timer_slave_set_filter
                0x00000000       0x12 ../../../libopencm3/lib/libopencm3_stm32f1.a(timer_common_all.o)
 .text.timer_slave_set_prescaler
                0x00000000       0x12 ../../../libopencm3/lib/libopencm3_stm32f1.a(timer_common_all.o)
 .text.timer_slave_set_polarity
                0x00000000       0x12 ../../../libopencm3/lib/libopencm3_stm32f1.a(timer_common_all.o)
 .text.timer_slave_set_mode
                0x00000000       0x10 ../../../libopencm3/lib/libopencm3_stm32f1.a(timer_common_all.o)
 .text.timer_slave_set_trigger
                0x00000000       0x10 ../../../libopencm3/lib/libopencm3_stm32f1.a(timer_common_all.o)
 .text.timer_slave_set_extclockmode2
                0x00000000       0x12 ../../../libopencm3/lib/libopencm3_stm32f1.a(timer_common_all.o)
 .debug_macro   0x00000000      0xac0 ../../../libopencm3/lib/libopencm3_stm32f1.a(timer_common_all.o)
 .debug_macro   0x00000000       0x1c ../../../libopencm3/lib/libopencm3_stm32f1.a(timer_common_all.o)
 .debug_macro   0x00000000      0x34e ../../../libopencm3/lib/libopencm3_stm32f1.a(timer_common_all.o)
 .debug_macro   0x00000000       0x22 ../../../libopencm3/lib/libopencm3_stm32f1.a(timer_common_all.o)
 .debug_macro   0x00000000       0xe8 ../../../libopencm3/lib/libopencm3_stm32f1.a(timer_common_all.o)
 .debug_macro   0x00000000       0x76 ../../../libopencm3/lib/libopencm3_stm32f1.a(timer_common_all.o)
 .debug_macro   0x00000000      0x1b4 ../../../libopencm3/lib/libopencm3_stm32f1.a(timer_common_all.o)
 .debug_macro   0x00000000      0x8c6 ../../../libopencm3/lib/libopencm3_stm32f1.a(timer_common_all.o)
 .group         0x00000000        0xc ../../../libopencm3/lib/libopencm3_stm32f1.a(vector.o)
 .group         0x00000000        0xc ../../../libopencm3/lib/libopencm3_stm32f1.a(vector.o)
 .group         0x00000000        0xc ../../../libopencm3/lib/libopencm3_stm32f1.a(vector.o)
 .group         0x00000000        0xc ../../../libopencm3/lib/libopencm3_stm32f1.a(vector.o)
 .group         0x00000000        0xc ../../../libopencm3/lib/libopencm3_stm32f1.a(vector.o)
 .group         0x00000000        0xc ../../../libopencm3/lib/libopencm3_stm32f1.a(vector.o)
 .group         0x00000000        0xc ../../../libopencm3/lib/libopencm3_stm32f1.a(vector.o)
 .group         0x00000000        0xc ../../../libopencm3/lib/libopencm3_stm32f1.a(vector.o)
 .group         0x00000000        0xc ../../../libopencm3/lib/libopencm3_stm32f1.a(vector.o)
 .text          0x00000000        0x0 ../../../libopencm3/lib/libopencm3_stm32f1.a(vector.o)
 .data          0x00000000        0x0 ../../../libopencm3/lib/libopencm3_stm32f1.a(vector.o)
 .bss           0x00000000        0x0 ../../../libopencm3/lib/libopencm3_stm32f1.a(vector.o)
 .debug_macro   0x00000000      0xac0 ../../../libopencm3/lib/libopencm3_stm32f1.a(vector.o)
 .debug_macro   0x00000000       0x76 ../../../libopencm3/lib/libopencm3_stm32f1.a(vector.o)
 .debug_macro   0x00000000       0x1c ../../../libopencm3/lib/libopencm3_stm32f1.a(vector.o)
 .debug_macro   0x00000000      0x34e ../../../libopencm3/lib/libopencm3_stm32f1.a(vector.o)
 .debug_macro   0x00000000       0x22 ../../../libopencm3/lib/libopencm3_stm32f1.a(vector.o)
 .debug_macro   0x00000000       0xe8 ../../../libopencm3/lib/libopencm3_stm32f1.a(vector.o)
 .group         0x00000000        0xc ../../../libopencm3/lib/libopencm3_stm32f1.a(nvic.o)
 .group         0x00000000        0xc ../../../libopencm3/lib/libopencm3_stm32f1.a(nvic.o)
 .group         0x00000000        0xc ../../../libopencm3/lib/libopencm3_stm32f1.a(nvic.o)
 .group         0x00000000        0xc ../../../libopencm3/lib/libopencm3_stm32f1.a(nvic.o)
 .group         0x00000000        0xc ../../../libopencm3/lib/libopencm3_stm32f1.a(nvic.o)
 .group         0x00000000        0xc ../../../libopencm3/lib/libopencm3_stm32f1.a(nvic.o)
 .group         0x00000000        0xc ../../../libopencm3/lib/libopencm3_stm32f1.a(nvic.o)
 .group         0x00000000        0xc ../../../libopencm3/lib/libopencm3_stm32f1.a(nvic.o)
 .group         0x00000000        0xc ../../../libopencm3/lib/libopencm3_stm32f1.a(nvic.o)
 .text          0x00000000        0x0 ../../../libopencm3/lib/libopencm3_stm32f1.a(nvic.o)
 .data          0x00000000        0x0 ../../../libopencm3/lib/libopencm3_stm32f1.a(nvic.o)
 .bss           0x00000000        0x0 ../../../libopencm3/lib/libopencm3_stm32f1.a(nvic.o)
 .text.nvic_disable_irq
                0x00000000       0x18 ../../../libopencm3/lib/libopencm3_stm32f1.a(nvic.o)
 .text.nvic_get_pending_irq
                0x00000000       0x20 ../../../libopencm3/lib/libopencm3_stm32f1.a(nvic.o)
 .text.nvic_set_pending_irq
                0x00000000       0x18 ../../../libopencm3/lib/libopencm3_stm32f1.a(nvic.o)
 .text.nvic_clear_pending_irq
                0x00000000       0x18 ../../../libopencm3/lib/libopencm3_stm32f1.a(nvic.o)
 .text.nvic_get_irq_enabled
                0x00000000       0x20 ../../../libopencm3/lib/libopencm3_stm32f1.a(nvic.o)
 .text.nvic_set_priority
                0x00000000       0x20 ../../../libopencm3/lib/libopencm3_stm32f1.a(nvic.o)
 .text.nvic_get_active_irq
                0x00000000       0x20 ../../../libopencm3/lib/libopencm3_stm32f1.a(nvic.o)
 .text.nvic_generate_software_interrupt
                0x00000000       0x14 ../../../libopencm3/lib/libopencm3_stm32f1.a(nvic.o)
 .debug_macro   0x00000000      0xac0 ../../../libopencm3/lib/libopencm3_stm32f1.a(nvic.o)
 .debug_macro   0x00000000       0x1c ../../../libopencm3/lib/libopencm3_stm32f1.a(nvic.o)
 .debug_macro   0x00000000      0x34e ../../../libopencm3/lib/libopencm3_stm32f1.a(nvic.o)
 .debug_macro   0x00000000       0x22 ../../../libopencm3/lib/libopencm3_stm32f1.a(nvic.o)
 .debug_macro   0x00000000       0xe8 ../../../libopencm3/lib/libopencm3_stm32f1.a(nvic.o)
 .debug_macro   0x00000000       0x76 ../../../libopencm3/lib/libopencm3_stm32f1.a(nvic.o)
 .debug_macro   0x00000000      0x1a2 ../../../libopencm3/lib/libopencm3_stm32f1.a(nvic.o)
 .group         0x00000000        0xc ../../../libopencm3/lib/libopencm3_stm32f1.a(assert.o)
 .group         0x00000000        0xc ../../../libopencm3/lib/libopencm3_stm32f1.a(assert.o)
 .group         0x00000000        0xc ../../../libopencm3/lib/libopencm3_stm32f1.a(assert.o)
 .group         0x00000000        0xc ../../../libopencm3/lib/libopencm3_stm32f1.a(assert.o)
 .group         0x00000000        0xc ../../../libopencm3/lib/libopencm3_stm32f1.a(assert.o)
 .group         0x00000000        0xc ../../../libopencm3/lib/libopencm3_stm32f1.a(assert.o)
 .text          0x00000000        0x0 ../../../libopencm3/lib/libopencm3_stm32f1.a(assert.o)
 .data          0x00000000        0x0 ../../../libopencm3/lib/libopencm3_stm32f1.a(assert.o)
 .bss           0x00000000        0x0 ../../../libopencm3/lib/libopencm3_stm32f1.a(assert.o)
 .text.cm3_assert_failed
                0x00000000        0x2 ../../../libopencm3/lib/libopencm3_stm32f1.a(assert.o)
 .text.cm3_assert_failed_verbose
                0x00000000        0x6 ../../../libopencm3/lib/libopencm3_stm32f1.a(assert.o)
 .debug_info    0x00000000      0x101 ../../../libopencm3/lib/libopencm3_stm32f1.a(assert.o)
 .debug_abbrev  0x00000000       0x94 ../../../libopencm3/lib/libopencm3_stm32f1.a(assert.o)
 .debug_loclists
                0x00000000       0x80 ../../../libopencm3/lib/libopencm3_stm32f1.a(assert.o)
 .debug_aranges
                0x00000000       0x28 ../../../libopencm3/lib/libopencm3_stm32f1.a(assert.o)
 .debug_rnglists
                0x00000000       0x19 ../../../libopencm3/lib/libopencm3_stm32f1.a(assert.o)
 .debug_macro   0x00000000       0x40 ../../../libopencm3/lib/libopencm3_stm32f1.a(assert.o)
 .debug_macro   0x00000000      0xac0 ../../../libopencm3/lib/libopencm3_stm32f1.a(assert.o)
 .debug_macro   0x00000000       0x1c ../../../libopencm3/lib/libopencm3_stm32f1.a(assert.o)
 .debug_macro   0x00000000      0x34e ../../../libopencm3/lib/libopencm3_stm32f1.a(assert.o)
 .debug_macro   0x00000000       0x22 ../../../libopencm3/lib/libopencm3_stm32f1.a(assert.o)
 .debug_macro   0x00000000       0xe8 ../../../libopencm3/lib/libopencm3_stm32f1.a(assert.o)
 .debug_macro   0x00000000       0x16 ../../../libopencm3/lib/libopencm3_stm32f1.a(assert.o)
 .debug_line    0x00000000       0xdf ../../../libopencm3/lib/libopencm3_stm32f1.a(assert.o)
 .debug_str     0x00000000     0x3d7d ../../../libopencm3/lib/libopencm3_stm32f1.a(assert.o)
 .comment       0x00000000       0x27 ../../../libopencm3/lib/libopencm3_stm32f1.a(assert.o)
 .debug_frame   0x00000000       0x38 ../../../libopencm3/lib/libopencm3_stm32f1.a(assert.o)
 .ARM.attributes
                0x00000000       0x2d ../../../libopencm3/lib/libopencm3_stm32f1.a(assert.o)
 .group         0x00000000        0xc ../../../libopencm3/lib/libopencm3_stm32f1.a(flash_common_all.o)
 .group         0x00000000        0xc ../../../libopencm3/lib/libopencm3_stm32f1.a(flash_common_all.o)
 .group         0x00000000        0xc ../../../libopencm3/lib/libopencm3_stm32f1.a(flash_common_all.o)
 .group         0x00000000        0xc ../../../libopencm3/lib/libopencm3_stm32f1.a(flash_common_all.o)
 .group         0x00000000        0xc ../../../libopencm3/lib/libopencm3_stm32f1.a(flash_common_all.o)
 .group         0x00000000        0xc ../../../libopencm3/lib/libopencm3_stm32f1.a(flash_common_all.o)
 .group         0x00000000        0xc ../../../libopencm3/lib/libopencm3_stm32f1.a(flash_common_all.o)
 .group         0x00000000        0xc ../../../libopencm3/lib/libopencm3_stm32f1.a(flash_common_all.o)
 .group         0x00000000        0xc ../../../libopencm3/lib/libopencm3_stm32f1.a(flash_common_all.o)
 .text          0x00000000        0x0 ../../../libopencm3/lib/libopencm3_stm32f1.a(flash_common_all.o)
 .data          0x00000000        0x0 ../../../libopencm3/lib/libopencm3_stm32f1.a(flash_common_all.o)
 .bss           0x00000000        0x0 ../../../libopencm3/lib/libopencm3_stm32f1.a(flash_common_all.o)
 .text.flash_prefetch_enable
                0x00000000       0x10 ../../../libopencm3/lib/libopencm3_stm32f1.a(flash_common_all.o)
 .text.flash_prefetch_disable
                0x00000000       0x10 ../../../libopencm3/lib/libopencm3_stm32f1.a(flash_common_all.o)
 .text.flash_unlock_option_bytes
                0x00000000       0x18 ../../../libopencm3/lib/libopencm3_stm32f1.a(flash_common_all.o)
 .debug_macro   0x00000000      0xac0 ../../../libopencm3/lib/libopencm3_stm32f1.a(flash_common_all.o)
 .debug_macro   0x00000000       0x1c ../../../libopencm3/lib/libopencm3_stm32f1.a(flash_common_all.o)
 .debug_macro   0x00000000      0x34e ../../../libopencm3/lib/libopencm3_stm32f1.a(flash_common_all.o)
 .debug_macro   0x00000000       0x22 ../../../libopencm3/lib/libopencm3_stm32f1.a(flash_common_all.o)
 .debug_macro   0x00000000       0xe8 ../../../libopencm3/lib/libopencm3_stm32f1.a(flash_common_all.o)
 .debug_macro   0x00000000       0x76 ../../../libopencm3/lib/libopencm3_stm32f1.a(flash_common_all.o)
 .debug_macro   0x00000000      0x1b4 ../../../libopencm3/lib/libopencm3_stm32f1.a(flash_common_all.o)
 .debug_macro   0x00000000       0xee ../../../libopencm3/lib/libopencm3_stm32f1.a(flash_common_all.o)
 .debug_macro   0x00000000       0x82 ../../../libopencm3/lib/libopencm3_stm32f1.a(flash_common_all.o)

Memory Configuration

Name             Origin             Length             Attributes
rom              0x08000000         0x00010000         xr
ram              0x20000000         0x00005000         xrw
*default*        0x00000000         0xffffffff

Linker script and memory map

LOAD bin/main.o
LOAD ../../../libopencm3/lib/libopencm3_stm32f1.a
LOAD ../../../libopencm3/lib/libopencm3_stm32f1.a
LOAD /usr/lib/gcc/arm-none-eabi/13.2.1/../../../arm-none-eabi/lib/thumb/v7-m/nofp/libc.a
LOAD /usr/lib/gcc/arm-none-eabi/13.2.1/thumb/v7-m/nofp/libgcc.a
LOAD /usr/lib/gcc/arm-none-eabi/13.2.1/../../../arm-none-eabi/lib/thumb/v7-m/nofp/libnosys.a
                0x20005000                        _stack = (ORIGIN (ram) + LENGTH (ram))

.text           0x08000000      0x928
 *(.vectors)
 .vectors       0x08000000      0x150 ../../../libopencm3/lib/libopencm3_stm32f1.a(vector.o)
                0x08000000                vector_table
 *(.text*)
 .text          0x08000150      0x1e4 bin/main.o
                0x08000150                tim2_isr
                0x08000210                exti0_isr
                0x08000314                main
 .text.exti_set_trigger
                0x08000334       0x48 ../../../libopencm3/lib/libopencm3_stm32f1.a(exti_common_all.o)
                0x08000334                exti_set_trigger
 .text.exti_enable_request
                0x0800037c       0x1c ../../../libopencm3/lib/libopencm3_stm32f1.a(exti_common_all.o)
                0x0800037c                exti_enable_request
 .text.exti_disable_request
                0x08000398       0x20 ../../../libopencm3/lib/libopencm3_stm32f1.a(exti_common_all.o)
                0x08000398                exti_disable_request
 .text.exti_reset_request
                0x080003b8        0xc ../../../libopencm3/lib/libopencm3_stm32f1.a(exti_common_all.o)
                0x080003b8                exti_reset_request
 .text.exti_select_source
                0x080003c4       0xa0 ../../../libopencm3/lib/libopencm3_stm32f1.a(exti_common_all.o)
                0x080003c4                exti_select_source
 .text.gpio_set_mode
                0x08000464       0x5e ../../../libopencm3/lib/libopencm3_stm32f1.a(gpio.o)
                0x08000464                gpio_set_mode
 .text.gpio_set
                0x080004c2        0x4 ../../../libopencm3/lib/libopencm3_stm32f1.a(gpio_common_all.o)
                0x080004c2                gpio_set
 .text.gpio_clear
                0x080004c6        0x6 ../../../libopencm3/lib/libopencm3_stm32f1.a(gpio_common_all.o)
                0x080004c6                gpio_clear
 .text.gpio_get
                0x080004cc        0x6 ../../../libopencm3/lib/libopencm3_stm32f1.a(gpio_common_all.o)
                0x080004cc                gpio_get
 *fill*         0x080004d2        0x2 
 .text.rcc_is_osc_ready
                0x080004d4       0x58 ../../../libopencm3/lib/libopencm3_stm32f1.a(rcc.o)
                0x080004d4                rcc_is_osc_ready
 .text.rcc_wait_for_osc_ready
                0x0800052c       0x10 ../../../libopencm3/lib/libopencm3_stm32f1.a(rcc.o)
                0x0800052c                rcc_wait_for_osc_ready
 .text.rcc_osc_on
                0x0800053c       0x60 ../../../libopencm3/lib/libopencm3_stm32f1.a(rcc.o)
                0x0800053c                rcc_osc_on
 .text.rcc_set_sysclk_source
                0x0800059c       0x14 ../../../libopencm3/lib/libopencm3_stm32f1.a(rcc.o)
                0x0800059c                rcc_set_sysclk_source
 .text.rcc_set_pll_multiplication_factor
                0x080005b0       0x14 ../../../libopencm3/lib/libopencm3_stm32f1.a(rcc.o)
                0x080005b0                rcc_set_pll_multiplication_factor
 .text.rcc_set_pll2_multiplication_factor
                0x080005c4       0x14 ../../../libopencm3/lib/libopencm3_stm32f1.a(rcc.o)
                0x080005c4                rcc_set_pll2_multiplication_factor
 .text.rcc_set_pll3_multiplication_factor
                0x080005d8       0x14 ../../../libopencm3/lib/libopencm3_stm32f1.a(rcc.o)
                0x080005d8                rcc_set_pll3_multiplication_factor
 .text.rcc_set_pll_source
                0x080005ec       0x14 ../../../libopencm3/lib/libopencm3_stm32f1.a(rcc.o)
                0x080005ec                rcc_set_pll_source
 .text.rcc_set_pllxtpre
                0x08000600       0x14 ../../../libopencm3/lib/libopencm3_stm32f1.a(rcc.o)
                0x08000600                rcc_set_pllxtpre
 .text.rcc_set_adcpre
                0x08000614       0x14 ../../../libopencm3/lib/libopencm3_stm32f1.a(rcc.o)
                0x08000614                rcc_set_adcpre
 .text.rcc_set_ppre2
                0x08000628       0x14 ../../../libopencm3/lib/libopencm3_stm32f1.a(rcc.o)
                0x08000628                rcc_set_ppre2
 .text.rcc_set_ppre1
                0x0800063c       0x14 ../../../libopencm3/lib/libopencm3_stm32f1.a(rcc.o)
                0x0800063c                rcc_set_ppre1
 .text.rcc_set_hpre
                0x08000650       0x14 ../../../libopencm3/lib/libopencm3_stm32f1.a(rcc.o)
                0x08000650                rcc_set_hpre
 .text.rcc_set_usbpre
                0x08000664       0x18 ../../../libopencm3/lib/libopencm3_stm32f1.a(rcc.o)
                0x08000664                rcc_set_usbpre
 .text.rcc_set_prediv1
                0x0800067c       0x14 ../../../libopencm3/lib/libopencm3_stm32f1.a(rcc.o)
                0x0800067c                rcc_set_prediv1
 .text.rcc_set_prediv2
                0x08000690       0x14 ../../../libopencm3/lib/libopencm3_stm32f1.a(rcc.o)
                0x08000690                rcc_set_prediv2
 .text.rcc_set_prediv1_source
                0x080006a4       0x18 ../../../libopencm3/lib/libopencm3_stm32f1.a(rcc.o)
                0x080006a4                rcc_set_prediv1_source
 .text.rcc_clock_setup_pll
                0x080006bc       0xbc ../../../libopencm3/lib/libopencm3_stm32f1.a(rcc.o)
                0x080006bc                rcc_clock_setup_pll
 .text.rcc_periph_clock_enable
                0x08000778       0x1a ../../../libopencm3/lib/libopencm3_stm32f1.a(rcc_common_all.o)
                0x08000778                rcc_periph_clock_enable
 .text.timer_enable_irq
                0x08000792        0x8 ../../../libopencm3/lib/libopencm3_stm32f1.a(timer_common_all.o)
                0x08000792                timer_enable_irq
 .text.timer_disable_irq
                0x0800079a        0xa ../../../libopencm3/lib/libopencm3_stm32f1.a(timer_common_all.o)
                0x0800079a                timer_disable_irq
 .text.timer_get_flag
                0x080007a4        0xc ../../../libopencm3/lib/libopencm3_stm32f1.a(timer_common_all.o)
                0x080007a4                timer_get_flag
 .text.timer_clear_flag
                0x080007b0        0x6 ../../../libopencm3/lib/libopencm3_stm32f1.a(timer_common_all.o)
                0x080007b0                timer_clear_flag
 .text.timer_enable_counter
                0x080007b6        0xa ../../../libopencm3/lib/libopencm3_stm32f1.a(timer_common_all.o)
                0x080007b6                timer_enable_counter
 .text.timer_disable_counter
                0x080007c0        0xa ../../../libopencm3/lib/libopencm3_stm32f1.a(timer_common_all.o)
                0x080007c0                timer_disable_counter
 .text.timer_set_prescaler
                0x080007ca        0x4 ../../../libopencm3/lib/libopencm3_stm32f1.a(timer_common_all.o)
                0x080007ca                timer_set_prescaler
 .text.timer_set_period
                0x080007ce        0x4 ../../../libopencm3/lib/libopencm3_stm32f1.a(timer_common_all.o)
                0x080007ce                timer_set_period
 .text.timer_set_counter
                0x080007d2        0x4 ../../../libopencm3/lib/libopencm3_stm32f1.a(timer_common_all.o)
                0x080007d2                timer_set_counter
 .text.blocking_handler
                0x080007d6        0x2 ../../../libopencm3/lib/libopencm3_stm32f1.a(vector.o)
                0x080007d6                usart3_isr
                0x080007d6                rtc_isr
                0x080007d6                tim7_isr
                0x080007d6                adc1_2_isr
                0x080007d6                tim1_trg_com_isr
                0x080007d6                usb_hp_can_tx_isr
                0x080007d6                tim6_isr
                0x080007d6                usb_wakeup_isr
                0x080007d6                blocking_handler
                0x080007d6                tim5_isr
                0x080007d6                otg_fs_isr
                0x080007d6                spi1_isr
                0x080007d6                exti2_isr
                0x080007d6                dma1_channel6_isr
                0x080007d6                can_rx1_isr
                0x080007d6                dma1_channel5_isr
                0x080007d6                dma2_channel5_isr
                0x080007d6                usart1_isr
                0x080007d6                usage_fault_handler
                0x080007d6                tim8_trg_com_isr
                0x080007d6                can2_rx0_isr
                0x080007d6                tim1_brk_isr
                0x080007d6                can2_rx1_isr
                0x080007d6                tim1_cc_isr
                0x080007d6                sdio_isr
                0x080007d6                eth_isr
                0x080007d6                dma1_channel4_isr
                0x080007d6                tim8_brk_isr
                0x080007d6                dma2_channel4_5_isr
                0x080007d6                pvd_isr
                0x080007d6                rcc_isr
                0x080007d6                flash_isr
                0x080007d6                uart4_isr
                0x080007d6                rtc_alarm_isr
                0x080007d6                exti15_10_isr
                0x080007d6                hard_fault_handler
                0x080007d6                exti1_isr
                0x080007d6                i2c1_ev_isr
                0x080007d6                dma2_channel1_isr
                0x080007d6                spi2_isr
                0x080007d6                tim8_up_isr
                0x080007d6                dma2_channel2_isr
                0x080007d6                exti3_isr
                0x080007d6                adc3_isr
                0x080007d6                tim3_isr
                0x080007d6                usart2_isr
                0x080007d6                usb_lp_can_rx0_isr
                0x080007d6                i2c2_er_isr
                0x080007d6                i2c2_ev_isr
                0x080007d6                uart5_isr
                0x080007d6                fsmc_isr
                0x080007d6                dma1_channel1_isr
                0x080007d6                exti4_isr
                0x080007d6                mem_manage_handler
                0x080007d6                can2_tx_isr
                0x080007d6                exti9_5_isr
                0x080007d6                dma2_channel3_isr
                0x080007d6                dma1_channel7_isr
                0x080007d6                tim1_up_isr
                0x080007d6                can2_sce_isr
                0x080007d6                tim4_isr
                0x080007d6                dma1_channel2_isr
                0x080007d6                i2c1_er_isr
                0x080007d6                can_sce_isr
                0x080007d6                tim8_cc_isr
                0x080007d6                tamper_isr
                0x080007d6                eth_wkup_isr
                0x080007d6                bus_fault_handler
                0x080007d6                wwdg_isr
                0x080007d6                dma1_channel3_isr
                0x080007d6                spi3_isr
 .text.null_handler
                0x080007d8        0x2 ../../../libopencm3/lib/libopencm3_stm32f1.a(vector.o)
                0x080007d8                null_handler
                0x080007d8                sv_call_handler
                0x080007d8                pend_sv_handler
                0x080007d8                debug_monitor_handler
                0x080007d8                sys_tick_handler
                0x080007d8                nmi_handler
 *fill*         0x080007da        0x2 
 .text.reset_handler
                0x080007dc       0x94 ../../../libopencm3/lib/libopencm3_stm32f1.a(vector.o)
                0x080007dc                reset_handler
 .text.nvic_enable_irq
                0x08000870       0x18 ../../../libopencm3/lib/libopencm3_stm32f1.a(nvic.o)
                0x08000870                nvic_enable_irq
 .text.flash_set_ws
                0x08000888       0x14 ../../../libopencm3/lib/libopencm3_stm32f1.a(flash_common_all.o)
                0x08000888                flash_set_ws
 *(.rodata*)
 .rodata.rcc_hse_configs
                0x0800089c       0x8c ../../../libopencm3/lib/libopencm3_stm32f1.a(rcc.o)
                0x0800089c                rcc_hse_configs
 *(.glue_7)
 .glue_7        0x08000928        0x0 linker stubs
 *(.glue_7t)
 .glue_7t       0x08000928        0x0 linker stubs
 *(.eh_frame)

.vfp11_veneer   0x08000928        0x0
 .vfp11_veneer  0x08000928        0x0 linker stubs

.v4_bx          0x08000928        0x0
 .v4_bx         0x08000928        0x0 linker stubs

.iplt           0x08000928        0x0
 .iplt          0x08000928        0x0 bin/main.o

.rel.dyn        0x08000928        0x0
 .rel.iplt      0x08000928        0x0 bin/main.o

.ARM.exidx      0x08000928        0x0
                0x08000928                        __exidx_start = .
 *(.ARM.exidx*)
                0x08000928                        __exidx_end = .

.data           0x20000000        0xc load address 0x08000928
                0x20000000                        _data = .
                0x08000928                        _data_loadaddr = LOADADDR (.data)
 *(.data*)
 .data.rcc_ahb_frequency
                0x20000000        0x4 ../../../libopencm3/lib/libopencm3_stm32f1.a(rcc.o)
                0x20000000                rcc_ahb_frequency
 .data.rcc_apb2_frequency
                0x20000004        0x4 ../../../libopencm3/lib/libopencm3_stm32f1.a(rcc.o)
                0x20000004                rcc_apb2_frequency
 .data.rcc_apb1_frequency
                0x20000008        0x4 ../../../libopencm3/lib/libopencm3_stm32f1.a(rcc.o)
                0x20000008                rcc_apb1_frequency
                0x2000000c                        . = ALIGN (0x4)
                0x2000000c                        _edata = .

.igot.plt       0x2000000c        0x0 load address 0x08000934
 .igot.plt      0x2000000c        0x0 bin/main.o

.bss            0x2000000c        0xc load address 0x08000934
                0x2000000c                        _bss = .
 *(.bss*)
 .bss           0x2000000c        0x9 bin/main.o
                0x2000000c                debounce_active
                0x20000010                debounce_counter
                0x20000014                led_on
 *(COMMON)
                0x20000018                        . = ALIGN (0x4)
 *fill*         0x20000015        0x3 
                0x20000018                        _ebss = .

.init_array     0x20000018        0x0
                0x20000018                        __init_array_start = .
 *(.init_array*)
                0x20000018                        __init_array_end = .

.fini_array     0x20000018        0x0
                0x20000018                        __fini_array_start = .
 *(.fini_array*)
                0x20000018                        __fini_array_end = .

.preinit_array  0x20000018        0x0
                0x20000018                        __preinit_array_start = .
 *(.preinit_array*)
                0x20000018                        __preinit_array_end = .
                0x08000928                        _etext = (LOADADDR (.text) + SIZEOF (.text))
OUTPUT(bin/main.elf elf32-littlearm)
LOAD linker stubs

.debug_info     0x00000000     0x3c86
 .debug_info    0x00000000      0x63e bin/main.o
 .debug_info    0x0000063e      0x208 ../../../libopencm3/lib/libopencm3_stm32f1.a(exti_common_all.o)
 .debug_info    0x00000846      0x1d1 ../../../libopencm3/lib/libopencm3_stm32f1.a(gpio.o)
 .debug_info    0x00000a17      0x23a ../../../libopencm3/lib/libopencm3_stm32f1.a(gpio_common_all.o)
 .debug_info    0x00000c51     0x14b6 ../../../libopencm3/lib/libopencm3_stm32f1.a(rcc.o)
 .debug_info    0x00002107      0x5e6 ../../../libopencm3/lib/libopencm3_stm32f1.a(rcc_common_all.o)
 .debug_info    0x000026ed      0xfea ../../../libopencm3/lib/libopencm3_stm32f1.a(timer_common_all.o)
 .debug_info    0x000036d7      0x2b8 ../../../libopencm3/lib/libopencm3_stm32f1.a(vector.o)
 .debug_info    0x0000398f      0x212 ../../../libopencm3/lib/libopencm3_stm32f1.a(nvic.o)
 .debug_info    0x00003ba1       0xe5 ../../../libopencm3/lib/libopencm3_stm32f1.a(flash_common_all.o)

.debug_abbrev   0x00000000      0xd13
 .debug_abbrev  0x00000000      0x19d bin/main.o
 .debug_abbrev  0x0000019d      0x104 ../../../libopencm3/lib/libopencm3_stm32f1.a(exti_common_all.o)
 .debug_abbrev  0x000002a1       0xd3 ../../../libopencm3/lib/libopencm3_stm32f1.a(gpio.o)
 .debug_abbrev  0x00000374      0x117 ../../../libopencm3/lib/libopencm3_stm32f1.a(gpio_common_all.o)
 .debug_abbrev  0x0000048b      0x2bf ../../../libopencm3/lib/libopencm3_stm32f1.a(rcc.o)
 .debug_abbrev  0x0000074a      0x186 ../../../libopencm3/lib/libopencm3_stm32f1.a(rcc_common_all.o)
 .debug_abbrev  0x000008d0      0x1ad ../../../libopencm3/lib/libopencm3_stm32f1.a(timer_common_all.o)
 .debug_abbrev  0x00000a7d      0x149 ../../../libopencm3/lib/libopencm3_stm32f1.a(vector.o)
 .debug_abbrev  0x00000bc6       0xb7 ../../../libopencm3/lib/libopencm3_stm32f1.a(nvic.o)
 .debug_abbrev  0x00000c7d       0x96 ../../../libopencm3/lib/libopencm3_stm32f1.a(flash_common_all.o)

.debug_aranges  0x00000000      0x620
 .debug_aranges
                0x00000000       0x20 bin/main.o
 .debug_aranges
                0x00000020       0x48 ../../../libopencm3/lib/libopencm3_stm32f1.a(exti_common_all.o)
 .debug_aranges
                0x00000068       0x38 ../../../libopencm3/lib/libopencm3_stm32f1.a(gpio.o)
 .debug_aranges
                0x000000a0       0x50 ../../../libopencm3/lib/libopencm3_stm32f1.a(gpio_common_all.o)
 .debug_aranges
                0x000000f0      0x170 ../../../libopencm3/lib/libopencm3_stm32f1.a(rcc.o)
 .debug_aranges
                0x00000260       0x80 ../../../libopencm3/lib/libopencm3_stm32f1.a(rcc_common_all.o)
 .debug_aranges
                0x000002e0      0x278 ../../../libopencm3/lib/libopencm3_stm32f1.a(timer_common_all.o)
 .debug_aranges
                0x00000558       0x30 ../../../libopencm3/lib/libopencm3_stm32f1.a(vector.o)
 .debug_aranges
                0x00000588       0x60 ../../../libopencm3/lib/libopencm3_stm32f1.a(nvic.o)
 .debug_aranges
                0x000005e8       0x38 ../../../libopencm3/lib/libopencm3_stm32f1.a(flash_common_all.o)

.debug_line     0x00000000     0x3040
 .debug_line    0x00000000      0x1ff bin/main.o
 .debug_line    0x000001ff      0x30c ../../../libopencm3/lib/libopencm3_stm32f1.a(exti_common_all.o)
 .debug_line    0x0000050b      0x293 ../../../libopencm3/lib/libopencm3_stm32f1.a(gpio.o)
 .debug_line    0x0000079e      0x27b ../../../libopencm3/lib/libopencm3_stm32f1.a(gpio_common_all.o)
 .debug_line    0x00000a19      0xc28 ../../../libopencm3/lib/libopencm3_stm32f1.a(rcc.o)
 .debug_line    0x00001641      0x322 ../../../libopencm3/lib/libopencm3_stm32f1.a(rcc_common_all.o)
 .debug_line    0x00001963      0xf61 ../../../libopencm3/lib/libopencm3_stm32f1.a(timer_common_all.o)
 .debug_line    0x000028c4      0x2ad ../../../libopencm3/lib/libopencm3_stm32f1.a(vector.o)
 .debug_line    0x00002b71      0x2a3 ../../../libopencm3/lib/libopencm3_stm32f1.a(nvic.o)
 .debug_line    0x00002e14      0x22c ../../../libopencm3/lib/libopencm3_stm32f1.a(flash_common_all.o)

.debug_str      0x00000000    0x13338
 .debug_str     0x00000000    0x13338 bin/main.o
                                0x758 (size before relaxing)
 .debug_str     0x00013338     0x86ee ../../../libopencm3/lib/libopencm3_stm32f1.a(exti_common_all.o)
 .debug_str     0x00013338     0x82ba ../../../libopencm3/lib/libopencm3_stm32f1.a(gpio.o)
 .debug_str     0x00013338     0x82b8 ../../../libopencm3/lib/libopencm3_stm32f1.a(gpio_common_all.o)
 .debug_str     0x00013338     0x7f1a ../../../libopencm3/lib/libopencm3_stm32f1.a(rcc.o)
 .debug_str     0x00013338     0x761d ../../../libopencm3/lib/libopencm3_stm32f1.a(rcc_common_all.o)
 .debug_str     0x00013338     0xbbc4 ../../../libopencm3/lib/libopencm3_stm32f1.a(timer_common_all.o)
 .debug_str     0x00013338     0x6309 ../../../libopencm3/lib/libopencm3_stm32f1.a(vector.o)
 .debug_str     0x00013338     0x58d6 ../../../libopencm3/lib/libopencm3_stm32f1.a(nvic.o)
 .debug_str     0x00013338     0x5208 ../../../libopencm3/lib/libopencm3_stm32f1.a(flash_common_all.o)

.comment        0x00000000       0x26
 .comment       0x00000000       0x26 bin/main.o
                                 0x27 (size before relaxing)
 .comment       0x00000026       0x27 ../../../libopencm3/lib/libopencm3_stm32f1.a(exti_common_all.o)
 .comment       0x00000026       0x27 ../../../libopencm3/lib/libopencm3_stm32f1.a(gpio.o)
 .comment       0x00000026       0x27 ../../../libopencm3/lib/libopencm3_stm32f1.a(gpio_common_all.o)
 .comment       0x00000026       0x27 ../../../libopencm3/lib/libopencm3_stm32f1.a(rcc.o)
 .comment       0x00000026       0x27 ../../../libopencm3/lib/libopencm3_stm32f1.a(rcc_common_all.o)
 .comment       0x00000026       0x27 ../../../libopencm3/lib/libopencm3_stm32f1.a(timer_common_all.o)
 .comment       0x00000026       0x27 ../../../libopencm3/lib/libopencm3_stm32f1.a(vector.o)
 .comment       0x00000026       0x27 ../../../libopencm3/lib/libopencm3_stm32f1.a(nvic.o)
 .comment       0x00000026       0x27 ../../../libopencm3/lib/libopencm3_stm32f1.a(flash_common_all.o)

.ARM.attributes
                0x00000000       0x2d
 .ARM.attributes
                0x00000000       0x2d bin/main.o
 .ARM.attributes
                0x0000002d       0x2d ../../../libopencm3/lib/libopencm3_stm32f1.a(exti_common_all.o)
 .ARM.attributes
                0x0000005a       0x2d ../../../libopencm3/lib/libopencm3_stm32f1.a(gpio.o)
 .ARM.attributes
                0x00000087       0x2d ../../../libopencm3/lib/libopencm3_stm32f1.a(gpio_common_all.o)
 .ARM.attributes
                0x000000b4       0x2d ../../../libopencm3/lib/libopencm3_stm32f1.a(rcc.o)
 .ARM.attributes
                0x000000e1       0x2d ../../../libopencm3/lib/libopencm3_stm32f1.a(rcc_common_all.o)
 .ARM.attributes
                0x0000010e       0x2d ../../../libopencm3/lib/libopencm3_stm32f1.a(timer_common_all.o)
 .ARM.attributes
                0x0000013b       0x2d ../../../libopencm3/lib/libopencm3_stm32f1.a(vector.o)
 .ARM.attributes
                0x00000168       0x2d ../../../libopencm3/lib/libopencm3_stm32f1.a(nvic.o)
 .ARM.attributes
                0x00000195       0x2d ../../../libopencm3/lib/libopencm3_stm32f1.a(flash_common_all.o)

.debug_frame    0x00000000      0xc2c
 .debug_frame   0x00000000       0xb8 bin/main.o
 .debug_frame   0x000000b8       0x88 ../../../libopencm3/lib/libopencm3_stm32f1.a(exti_common_all.o)
 .debug_frame   0x00000140       0x60 ../../../libopencm3/lib/libopencm3_stm32f1.a(gpio.o)
 .debug_frame   0x000001a0       0x80 ../../../libopencm3/lib/libopencm3_stm32f1.a(gpio_common_all.o)
 .debug_frame   0x00000220      0x318 ../../../libopencm3/lib/libopencm3_stm32f1.a(rcc.o)
 .debug_frame   0x00000538       0xe0 ../../../libopencm3/lib/libopencm3_stm32f1.a(rcc_common_all.o)
 .debug_frame   0x00000618      0x4d8 ../../../libopencm3/lib/libopencm3_stm32f1.a(timer_common_all.o)
 .debug_frame   0x00000af0       0x4c ../../../libopencm3/lib/libopencm3_stm32f1.a(vector.o)
 .debug_frame   0x00000b3c       0xa0 ../../../libopencm3/lib/libopencm3_stm32f1.a(nvic.o)
 .debug_frame   0x00000bdc       0x50 ../../../libopencm3/lib/libopencm3_stm32f1.a(flash_common_all.o)

.debug_loclists
                0x00000000      0x910
 .debug_loclists
                0x00000000       0xa0 ../../../libopencm3/lib/libopencm3_stm32f1.a(exti_common_all.o)
 .debug_loclists
                0x000000a0       0xd5 ../../../libopencm3/lib/libopencm3_stm32f1.a(gpio.o)
 .debug_loclists
                0x00000175       0x96 ../../../libopencm3/lib/libopencm3_stm32f1.a(gpio_common_all.o)
 .debug_loclists
                0x0000020b      0x2cb ../../../libopencm3/lib/libopencm3_stm32f1.a(rcc.o)
 .debug_loclists
                0x000004d6       0x87 ../../../libopencm3/lib/libopencm3_stm32f1.a(rcc_common_all.o)
 .debug_loclists
                0x0000055d      0x1d5 ../../../libopencm3/lib/libopencm3_stm32f1.a(timer_common_all.o)
 .debug_loclists
                0x00000732       0xb6 ../../../libopencm3/lib/libopencm3_stm32f1.a(vector.o)
 .debug_loclists
                0x000007e8      0x111 ../../../libopencm3/lib/libopencm3_stm32f1.a(nvic.o)
 .debug_loclists
                0x000008f9       0x17 ../../../libopencm3/lib/libopencm3_stm32f1.a(flash_common_all.o)

.debug_rnglists
                0x00000000      0x4b4
 .debug_rnglists
                0x00000000       0x3f ../../../libopencm3/lib/libopencm3_stm32f1.a(exti_common_all.o)
 .debug_rnglists
                0x0000003f       0x25 ../../../libopencm3/lib/libopencm3_stm32f1.a(gpio.o)
 .debug_rnglists
                0x00000064       0x37 ../../../libopencm3/lib/libopencm3_stm32f1.a(gpio_common_all.o)
 .debug_rnglists
                0x0000009b      0x160 ../../../libopencm3/lib/libopencm3_stm32f1.a(rcc.o)
 .debug_rnglists
                0x000001fb       0x5b ../../../libopencm3/lib/libopencm3_stm32f1.a(rcc_common_all.o)
 .debug_rnglists
                0x00000256      0x1d6 ../../../libopencm3/lib/libopencm3_stm32f1.a(timer_common_all.o)
 .debug_rnglists
                0x0000042c       0x20 ../../../libopencm3/lib/libopencm3_stm32f1.a(vector.o)
 .debug_rnglists
                0x0000044c       0x43 ../../../libopencm3/lib/libopencm3_stm32f1.a(nvic.o)
 .debug_rnglists
                0x0000048f       0x25 ../../../libopencm3/lib/libopencm3_stm32f1.a(flash_common_all.o)

.debug_macro    0x00000000     0x491a
 .debug_macro   0x00000000       0x9b ../../../libopencm3/lib/libopencm3_stm32f1.a(exti_common_all.o)
 .debug_macro   0x0000009b      0xac0 ../../../libopencm3/lib/libopencm3_stm32f1.a(exti_common_all.o)
 .debug_macro   0x00000b5b       0x1c ../../../libopencm3/lib/libopencm3_stm32f1.a(exti_common_all.o)
 .debug_macro   0x00000b77      0x34e ../../../libopencm3/lib/libopencm3_stm32f1.a(exti_common_all.o)
 .debug_macro   0x00000ec5       0x22 ../../../libopencm3/lib/libopencm3_stm32f1.a(exti_common_all.o)
 .debug_macro   0x00000ee7       0xe8 ../../../libopencm3/lib/libopencm3_stm32f1.a(exti_common_all.o)
 .debug_macro   0x00000fcf       0x76 ../../../libopencm3/lib/libopencm3_stm32f1.a(exti_common_all.o)
 .debug_macro   0x00001045      0x1b4 ../../../libopencm3/lib/libopencm3_stm32f1.a(exti_common_all.o)
 .debug_macro   0x000011f9       0xee ../../../libopencm3/lib/libopencm3_stm32f1.a(exti_common_all.o)
 .debug_macro   0x000012e7       0x28 ../../../libopencm3/lib/libopencm3_stm32f1.a(exti_common_all.o)
 .debug_macro   0x0000130f       0x76 ../../../libopencm3/lib/libopencm3_stm32f1.a(exti_common_all.o)
 .debug_macro   0x00001385      0xe2e ../../../libopencm3/lib/libopencm3_stm32f1.a(exti_common_all.o)
 .debug_macro   0x000021b3       0x6f ../../../libopencm3/lib/libopencm3_stm32f1.a(gpio.o)
 .debug_macro   0x00002222       0x6f ../../../libopencm3/lib/libopencm3_stm32f1.a(gpio_common_all.o)
 .debug_macro   0x00002291       0x9e ../../../libopencm3/lib/libopencm3_stm32f1.a(rcc.o)
 .debug_macro   0x0000232f       0x16 ../../../libopencm3/lib/libopencm3_stm32f1.a(rcc.o)
 .debug_macro   0x00002345      0x8c6 ../../../libopencm3/lib/libopencm3_stm32f1.a(rcc.o)
 .debug_macro   0x00002c0b       0xee ../../../libopencm3/lib/libopencm3_stm32f1.a(rcc.o)
 .debug_macro   0x00002cf9       0x82 ../../../libopencm3/lib/libopencm3_stm32f1.a(rcc.o)
 .debug_macro   0x00002d7b       0x85 ../../../libopencm3/lib/libopencm3_stm32f1.a(rcc_common_all.o)
 .debug_macro   0x00002e00       0x7c ../../../libopencm3/lib/libopencm3_stm32f1.a(timer_common_all.o)
 .debug_macro   0x00002e7c      0xf8f ../../../libopencm3/lib/libopencm3_stm32f1.a(timer_common_all.o)
 .debug_macro   0x00003e0b       0x86 ../../../libopencm3/lib/libopencm3_stm32f1.a(vector.o)
 .debug_macro   0x00003e91      0x395 ../../../libopencm3/lib/libopencm3_stm32f1.a(vector.o)
 .debug_macro   0x00004226       0x6e ../../../libopencm3/lib/libopencm3_stm32f1.a(vector.o)
 .debug_macro   0x00004294      0x1a2 ../../../libopencm3/lib/libopencm3_stm32f1.a(vector.o)
 .debug_macro   0x00004436       0x6a ../../../libopencm3/lib/libopencm3_stm32f1.a(nvic.o)
 .debug_macro   0x000044a0       0x68 ../../../libopencm3/lib/libopencm3_stm32f1.a(nvic.o)
 .debug_macro   0x00004508      0x39b ../../../libopencm3/lib/libopencm3_stm32f1.a(nvic.o)
 .debug_macro   0x000048a3       0x77 ../../../libopencm3/lib/libopencm3_stm32f1.a(flash_common_all.o)
