Archive member included to satisfy reference by file (symbol)

../../../libopencm3/lib/libopencm3_stm32f1.a(gpio.o)
                              bin/main.o (gpio_set_mode)
../../../libopencm3/lib/libopencm3_stm32f1.a(gpio_common_all.o)
                              bin/main.o (gpio_set)
../../../libopencm3/lib/libopencm3_stm32f1.a(rcc.o)
                              bin/main.o (rcc_clock_setup_pll)
../../../libopencm3/lib/libopencm3_stm32f1.a(rcc_common_all.o)
                              bin/main.o (rcc_periph_clock_enable)
../../../libopencm3/lib/libopencm3_stm32f1.a(vector.o)
                              (reset_handler)
../../../libopencm3/lib/libopencm3_stm32f1.a(assert.o)
                              ../../../libopencm3/lib/libopencm3_stm32f1.a(rcc.o) (cm3_assert_failed)
../../../libopencm3/lib/libopencm3_stm32f1.a(flash_common_all.o)
                              ../../../libopencm3/lib/libopencm3_stm32f1.a(rcc.o) (flash_set_ws)

Discarded input sections

 .data          0x00000000        0x0 bin/main.o
 .bss           0x00000000        0x0 bin/main.o
 .group         0x00000000        0xc ../../../libopencm3/lib/libopencm3_stm32f1.a(gpio.o)
 .group         0x00000000        0xc ../../../libopencm3/lib/libopencm3_stm32f1.a(gpio.o)
 .group         0x00000000        0xc ../../../libopencm3/lib/libopencm3_stm32f1.a(gpio.o)
 .group         0x00000000        0xc ../../../libopencm3/lib/libopencm3_stm32f1.a(gpio.o)
 .group         0x00000000        0xc ../../../libopencm3/lib/libopencm3_stm32f1.a(gpio.o)
 .group         0x00000000        0xc ../../../libopencm3/lib/libopencm3_stm32f1.a(gpio.o)
 .group         0x00000000        0xc ../../../libopencm3/lib/libopencm3_stm32f1.a(gpio.o)
 .group         0x00000000        0xc ../../../libopencm3/lib/libopencm3_stm32f1.a(gpio.o)
 .group         0x00000000        0xc ../../../libopencm3/lib/libopencm3_stm32f1.a(gpio.o)
 .text          0x00000000        0x0 ../../../libopencm3/lib/libopencm3_stm32f1.a(gpio.o)
 .data          0x00000000        0x0 ../../../libopencm3/lib/libopencm3_stm32f1.a(gpio.o)
 .bss           0x00000000        0x0 ../../../libopencm3/lib/libopencm3_stm32f1.a(gpio.o)
 .text.gpio_set_eventout
                0x00000000       0x10 ../../../libopencm3/lib/libopencm3_stm32f1.a(gpio.o)
 .text.gpio_primary_remap
                0x00000000       0x14 ../../../libopencm3/lib/libopencm3_stm32f1.a(gpio.o)
 .text.gpio_secondary_remap
                0x00000000       0x10 ../../../libopencm3/lib/libopencm3_stm32f1.a(gpio.o)
 .group         0x00000000        0xc ../../../libopencm3/lib/libopencm3_stm32f1.a(gpio_common_all.o)
 .group         0x00000000        0xc ../../../libopencm3/lib/libopencm3_stm32f1.a(gpio_common_all.o)
 .group         0x00000000        0xc ../../../libopencm3/lib/libopencm3_stm32f1.a(gpio_common_all.o)
 .group         0x00000000        0xc ../../../libopencm3/lib/libopencm3_stm32f1.a(gpio_common_all.o)
 .group         0x00000000        0xc ../../../libopencm3/lib/libopencm3_stm32f1.a(gpio_common_all.o)
 .group         0x00000000        0xc ../../../libopencm3/lib/libopencm3_stm32f1.a(gpio_common_all.o)
 .group         0x00000000        0xc ../../../libopencm3/lib/libopencm3_stm32f1.a(gpio_common_all.o)
 .group         0x00000000        0xc ../../../libopencm3/lib/libopencm3_stm32f1.a(gpio_common_all.o)
 .group         0x00000000        0xc ../../../libopencm3/lib/libopencm3_stm32f1.a(gpio_common_all.o)
 .text          0x00000000        0x0 ../../../libopencm3/lib/libopencm3_stm32f1.a(gpio_common_all.o)
 .data          0x00000000        0x0 ../../../libopencm3/lib/libopencm3_stm32f1.a(gpio_common_all.o)
 .bss           0x00000000        0x0 ../../../libopencm3/lib/libopencm3_stm32f1.a(gpio_common_all.o)
 .text.gpio_toggle
                0x00000000       0x12 ../../../libopencm3/lib/libopencm3_stm32f1.a(gpio_common_all.o)
 .text.gpio_port_read
                0x00000000        0x6 ../../../libopencm3/lib/libopencm3_stm32f1.a(gpio_common_all.o)
 .text.gpio_port_write
                0x00000000        0x4 ../../../libopencm3/lib/libopencm3_stm32f1.a(gpio_common_all.o)
 .text.gpio_port_config_lock
                0x00000000       0x10 ../../../libopencm3/lib/libopencm3_stm32f1.a(gpio_common_all.o)
 .debug_macro   0x00000000      0xac0 ../../../libopencm3/lib/libopencm3_stm32f1.a(gpio_common_all.o)
 .debug_macro   0x00000000       0x1c ../../../libopencm3/lib/libopencm3_stm32f1.a(gpio_common_all.o)
 .debug_macro   0x00000000      0x34e ../../../libopencm3/lib/libopencm3_stm32f1.a(gpio_common_all.o)
 .debug_macro   0x00000000       0x22 ../../../libopencm3/lib/libopencm3_stm32f1.a(gpio_common_all.o)
 .debug_macro   0x00000000       0xe8 ../../../libopencm3/lib/libopencm3_stm32f1.a(gpio_common_all.o)
 .debug_macro   0x00000000       0x76 ../../../libopencm3/lib/libopencm3_stm32f1.a(gpio_common_all.o)
 .debug_macro   0x00000000      0x1b4 ../../../libopencm3/lib/libopencm3_stm32f1.a(gpio_common_all.o)
 .debug_macro   0x00000000       0x76 ../../../libopencm3/lib/libopencm3_stm32f1.a(gpio_common_all.o)
 .debug_macro   0x00000000      0xe2e ../../../libopencm3/lib/libopencm3_stm32f1.a(gpio_common_all.o)
 .group         0x00000000        0xc ../../../libopencm3/lib/libopencm3_stm32f1.a(rcc.o)
 .group         0x00000000        0xc ../../../libopencm3/lib/libopencm3_stm32f1.a(rcc.o)
 .group         0x00000000        0xc ../../../libopencm3/lib/libopencm3_stm32f1.a(rcc.o)
 .group         0x00000000        0xc ../../../libopencm3/lib/libopencm3_stm32f1.a(rcc.o)
 .group         0x00000000        0xc ../../../libopencm3/lib/libopencm3_stm32f1.a(rcc.o)
 .group         0x00000000        0xc ../../../libopencm3/lib/libopencm3_stm32f1.a(rcc.o)
 .group         0x00000000        0xc ../../../libopencm3/lib/libopencm3_stm32f1.a(rcc.o)
 .group         0x00000000        0xc ../../../libopencm3/lib/libopencm3_stm32f1.a(rcc.o)
 .group         0x00000000        0xc ../../../libopencm3/lib/libopencm3_stm32f1.a(rcc.o)
 .group         0x00000000        0xc ../../../libopencm3/lib/libopencm3_stm32f1.a(rcc.o)
 .group         0x00000000        0xc ../../../libopencm3/lib/libopencm3_stm32f1.a(rcc.o)
 .text          0x00000000        0x0 ../../../libopencm3/lib/libopencm3_stm32f1.a(rcc.o)
 .data          0x00000000        0x0 ../../../libopencm3/lib/libopencm3_stm32f1.a(rcc.o)
 .bss           0x00000000        0x0 ../../../libopencm3/lib/libopencm3_stm32f1.a(rcc.o)
 .text.rcc_osc_ready_int_clear
                0x00000000       0x5c ../../../libopencm3/lib/libopencm3_stm32f1.a(rcc.o)
 .text.rcc_osc_ready_int_enable
                0x00000000       0x5c ../../../libopencm3/lib/libopencm3_stm32f1.a(rcc.o)
 .text.rcc_osc_ready_int_disable
                0x00000000       0x5c ../../../libopencm3/lib/libopencm3_stm32f1.a(rcc.o)
 .text.rcc_osc_ready_int_flag
                0x00000000       0x54 ../../../libopencm3/lib/libopencm3_stm32f1.a(rcc.o)
 .text.rcc_css_int_clear
                0x00000000       0x10 ../../../libopencm3/lib/libopencm3_stm32f1.a(rcc.o)
 .text.rcc_css_int_flag
                0x00000000       0x10 ../../../libopencm3/lib/libopencm3_stm32f1.a(rcc.o)
 .text.rcc_osc_off
                0x00000000       0x60 ../../../libopencm3/lib/libopencm3_stm32f1.a(rcc.o)
 .text.rcc_css_enable
                0x00000000       0x10 ../../../libopencm3/lib/libopencm3_stm32f1.a(rcc.o)
 .text.rcc_css_disable
                0x00000000       0x10 ../../../libopencm3/lib/libopencm3_stm32f1.a(rcc.o)
 .text.rcc_rtc_clock_enabled_flag
                0x00000000       0x10 ../../../libopencm3/lib/libopencm3_stm32f1.a(rcc.o)
 .text.rcc_enable_rtc_clock
                0x00000000       0x10 ../../../libopencm3/lib/libopencm3_stm32f1.a(rcc.o)
 .text.rcc_set_rtc_clock_source
                0x00000000       0x84 ../../../libopencm3/lib/libopencm3_stm32f1.a(rcc.o)
 .text.rcc_system_clock_source
                0x00000000       0x10 ../../../libopencm3/lib/libopencm3_stm32f1.a(rcc.o)
 .text.rcc_clock_setup_in_hsi_out_64mhz
                0x00000000       0x70 ../../../libopencm3/lib/libopencm3_stm32f1.a(rcc.o)
 .text.rcc_clock_setup_in_hsi_out_48mhz
                0x00000000       0x7c ../../../libopencm3/lib/libopencm3_stm32f1.a(rcc.o)
 .text.rcc_clock_setup_in_hsi_out_24mhz
                0x00000000       0x60 ../../../libopencm3/lib/libopencm3_stm32f1.a(rcc.o)
 .text.rcc_clock_setup_in_hse_8mhz_out_24mhz
                0x00000000       0x78 ../../../libopencm3/lib/libopencm3_stm32f1.a(rcc.o)
 .text.rcc_clock_setup_in_hse_8mhz_out_72mhz
                0x00000000       0x88 ../../../libopencm3/lib/libopencm3_stm32f1.a(rcc.o)
 .text.rcc_clock_setup_in_hse_12mhz_out_72mhz
                0x00000000       0x88 ../../../libopencm3/lib/libopencm3_stm32f1.a(rcc.o)
 .text.rcc_clock_setup_in_hse_16mhz_out_72mhz
                0x00000000       0x88 ../../../libopencm3/lib/libopencm3_stm32f1.a(rcc.o)
 .text.rcc_clock_setup_in_hse_25mhz_out_72mhz
                0x00000000       0xa8 ../../../libopencm3/lib/libopencm3_stm32f1.a(rcc.o)
 .text.rcc_backupdomain_reset
                0x00000000       0x18 ../../../libopencm3/lib/libopencm3_stm32f1.a(rcc.o)
 .text.rcc_get_usart_clk_freq
                0x00000000       0x1c ../../../libopencm3/lib/libopencm3_stm32f1.a(rcc.o)
 .text.rcc_get_timer_clk_freq
                0x00000000       0x34 ../../../libopencm3/lib/libopencm3_stm32f1.a(rcc.o)
 .text.rcc_get_i2c_clk_freq
                0x00000000        0xc ../../../libopencm3/lib/libopencm3_stm32f1.a(rcc.o)
 .rodata.rcc_hsi_configs
                0x00000000       0x54 ../../../libopencm3/lib/libopencm3_stm32f1.a(rcc.o)
 .debug_macro   0x00000000      0xac0 ../../../libopencm3/lib/libopencm3_stm32f1.a(rcc.o)
 .debug_macro   0x00000000       0x1c ../../../libopencm3/lib/libopencm3_stm32f1.a(rcc.o)
 .debug_macro   0x00000000      0x34e ../../../libopencm3/lib/libopencm3_stm32f1.a(rcc.o)
 .debug_macro   0x00000000       0x22 ../../../libopencm3/lib/libopencm3_stm32f1.a(rcc.o)
 .debug_macro   0x00000000       0xe8 ../../../libopencm3/lib/libopencm3_stm32f1.a(rcc.o)
 .debug_macro   0x00000000       0x76 ../../../libopencm3/lib/libopencm3_stm32f1.a(rcc.o)
 .debug_macro   0x00000000      0x1b4 ../../../libopencm3/lib/libopencm3_stm32f1.a(rcc.o)
 .group         0x00000000        0xc ../../../libopencm3/lib/libopencm3_stm32f1.a(rcc_common_all.o)
 .group         0x00000000        0xc ../../../libopencm3/lib/libopencm3_stm32f1.a(rcc_common_all.o)
 .group         0x00000000        0xc ../../../libopencm3/lib/libopencm3_stm32f1.a(rcc_common_all.o)
 .group         0x00000000        0xc ../../../libopencm3/lib/libopencm3_stm32f1.a(rcc_common_all.o)
 .group         0x00000000        0xc ../../../libopencm3/lib/libopencm3_stm32f1.a(rcc_common_all.o)
 .group         0x00000000        0xc ../../../libopencm3/lib/libopencm3_stm32f1.a(rcc_common_all.o)
 .group         0x00000000        0xc ../../../libopencm3/lib/libopencm3_stm32f1.a(rcc_common_all.o)
 .group         0x00000000        0xc ../../../libopencm3/lib/libopencm3_stm32f1.a(rcc_common_all.o)
 .text          0x00000000        0x0 ../../../libopencm3/lib/libopencm3_stm32f1.a(rcc_common_all.o)
 .data          0x00000000        0x0 ../../../libopencm3/lib/libopencm3_stm32f1.a(rcc_common_all.o)
 .bss           0x00000000        0x0 ../../../libopencm3/lib/libopencm3_stm32f1.a(rcc_common_all.o)
 .text.rcc_peripheral_enable_clock
                0x00000000        0x8 ../../../libopencm3/lib/libopencm3_stm32f1.a(rcc_common_all.o)
 .text.rcc_peripheral_disable_clock
                0x00000000        0xa ../../../libopencm3/lib/libopencm3_stm32f1.a(rcc_common_all.o)
 .text.rcc_peripheral_reset
                0x00000000        0x8 ../../../libopencm3/lib/libopencm3_stm32f1.a(rcc_common_all.o)
 .text.rcc_peripheral_clear_reset
                0x00000000        0xa ../../../libopencm3/lib/libopencm3_stm32f1.a(rcc_common_all.o)
 .text.rcc_periph_clock_disable
                0x00000000       0x1c ../../../libopencm3/lib/libopencm3_stm32f1.a(rcc_common_all.o)
 .text.rcc_periph_reset_pulse
                0x00000000       0x22 ../../../libopencm3/lib/libopencm3_stm32f1.a(rcc_common_all.o)
 .text.rcc_periph_reset_hold
                0x00000000        0x4 ../../../libopencm3/lib/libopencm3_stm32f1.a(rcc_common_all.o)
 .text.rcc_periph_reset_release
                0x00000000        0x4 ../../../libopencm3/lib/libopencm3_stm32f1.a(rcc_common_all.o)
 .text.rcc_set_mco
                0x00000000       0x14 ../../../libopencm3/lib/libopencm3_stm32f1.a(rcc_common_all.o)
 .text.rcc_osc_bypass_enable
                0x00000000       0x28 ../../../libopencm3/lib/libopencm3_stm32f1.a(rcc_common_all.o)
 .text.rcc_osc_bypass_disable
                0x00000000       0x28 ../../../libopencm3/lib/libopencm3_stm32f1.a(rcc_common_all.o)
 .text.rcc_get_div_from_hpre
                0x00000000       0x18 ../../../libopencm3/lib/libopencm3_stm32f1.a(rcc_common_all.o)
 .debug_macro   0x00000000      0xac0 ../../../libopencm3/lib/libopencm3_stm32f1.a(rcc_common_all.o)
 .debug_macro   0x00000000       0x1c ../../../libopencm3/lib/libopencm3_stm32f1.a(rcc_common_all.o)
 .debug_macro   0x00000000      0x34e ../../../libopencm3/lib/libopencm3_stm32f1.a(rcc_common_all.o)
 .debug_macro   0x00000000       0x22 ../../../libopencm3/lib/libopencm3_stm32f1.a(rcc_common_all.o)
 .debug_macro   0x00000000       0xe8 ../../../libopencm3/lib/libopencm3_stm32f1.a(rcc_common_all.o)
 .debug_macro   0x00000000       0x76 ../../../libopencm3/lib/libopencm3_stm32f1.a(rcc_common_all.o)
 .debug_macro   0x00000000      0x1b4 ../../../libopencm3/lib/libopencm3_stm32f1.a(rcc_common_all.o)
 .debug_macro   0x00000000      0x8c6 ../../../libopencm3/lib/libopencm3_stm32f1.a(rcc_common_all.o)
 .group         0x00000000        0xc ../../../libopencm3/lib/libopencm3_stm32f1.a(vector.o)
 .group         0x00000000        0xc ../../../libopencm3/lib/libopencm3_stm32f1.a(vector.o)
 .group         0x00000000        0xc ../../../libopencm3/lib/libopencm3_stm32f1.a(vector.o)
 .group         0x00000000        0xc ../../../libopencm3/lib/libopencm3_stm32f1.a(vector.o)
 .group         0x00000000        0xc ../../../libopencm3/lib/libopencm3_stm32f1.a(vector.o)
 .group         0x00000000        0xc ../../../libopencm3/lib/libopencm3_stm32f1.a(vector.o)
 .group         0x00000000        0xc ../../../libopencm3/lib/libopencm3_stm32f1.a(vector.o)
 .group         0x00000000        0xc ../../../libopencm3/lib/libopencm3_stm32f1.a(vector.o)
 .group         0x00000000        0xc ../../../libopencm3/lib/libopencm3_stm32f1.a(vector.o)
 .text          0x00000000        0x0 ../../../libopencm3/lib/libopencm3_stm32f1.a(vector.o)
 .data          0x00000000        0x0 ../../../libopencm3/lib/libopencm3_stm32f1.a(vector.o)
 .bss           0x00000000        0x0 ../../../libopencm3/lib/libopencm3_stm32f1.a(vector.o)
 .debug_macro   0x00000000      0xac0 ../../../libopencm3/lib/libopencm3_stm32f1.a(vector.o)
 .debug_macro   0x00000000       0x76 ../../../libopencm3/lib/libopencm3_stm32f1.a(vector.o)
 .debug_macro   0x00000000       0x1c ../../../libopencm3/lib/libopencm3_stm32f1.a(vector.o)
 .debug_macro   0x00000000      0x34e ../../../libopencm3/lib/libopencm3_stm32f1.a(vector.o)
 .debug_macro   0x00000000       0x22 ../../../libopencm3/lib/libopencm3_stm32f1.a(vector.o)
 .debug_macro   0x00000000       0xe8 ../../../libopencm3/lib/libopencm3_stm32f1.a(vector.o)
 .group         0x00000000        0xc ../../../libopencm3/lib/libopencm3_stm32f1.a(assert.o)
 .group         0x00000000        0xc ../../../libopencm3/lib/libopencm3_stm32f1.a(assert.o)
 .group         0x00000000        0xc ../../../libopencm3/lib/libopencm3_stm32f1.a(assert.o)
 .group         0x00000000        0xc ../../../libopencm3/lib/libopencm3_stm32f1.a(assert.o)
 .group         0x00000000        0xc ../../../libopencm3/lib/libopencm3_stm32f1.a(assert.o)
 .group         0x00000000        0xc ../../../libopencm3/lib/libopencm3_stm32f1.a(assert.o)
 .text          0x00000000        0x0 ../../../libopencm3/lib/libopencm3_stm32f1.a(assert.o)
 .data          0x00000000        0x0 ../../../libopencm3/lib/libopencm3_stm32f1.a(assert.o)
 .bss           0x00000000        0x0 ../../../libopencm3/lib/libopencm3_stm32f1.a(assert.o)
 .text.cm3_assert_failed
                0x00000000        0x2 ../../../libopencm3/lib/libopencm3_stm32f1.a(assert.o)
 .text.cm3_assert_failed_verbose
                0x00000000        0x6 ../../../libopencm3/lib/libopencm3_stm32f1.a(assert.o)
 .debug_info    0x00000000      0x101 ../../../libopencm3/lib/libopencm3_stm32f1.a(assert.o)
 .debug_abbrev  0x00000000       0x94 ../../../libopencm3/lib/libopencm3_stm32f1.a(assert.o)
 .debug_loclists
                0x00000000       0x80 ../../../libopencm3/lib/libopencm3_stm32f1.a(assert.o)
 .debug_aranges
                0x00000000       0x28 ../../../libopencm3/lib/libopencm3_stm32f1.a(assert.o)
 .debug_rnglists
                0x00000000       0x19 ../../../libopencm3/lib/libopencm3_stm32f1.a(assert.o)
 .debug_macro   0x00000000       0x40 ../../../libopencm3/lib/libopencm3_stm32f1.a(assert.o)
 .debug_macro   0x00000000      0xac0 ../../../libopencm3/lib/libopencm3_stm32f1.a(assert.o)
 .debug_macro   0x00000000       0x1c ../../../libopencm3/lib/libopencm3_stm32f1.a(assert.o)
 .debug_macro   0x00000000      0x34e ../../../libopencm3/lib/libopencm3_stm32f1.a(assert.o)
 .debug_macro   0x00000000       0x22 ../../../libopencm3/lib/libopencm3_stm32f1.a(assert.o)
 .debug_macro   0x00000000       0xe8 ../../../libopencm3/lib/libopencm3_stm32f1.a(assert.o)
 .debug_macro   0x00000000       0x16 ../../../libopencm3/lib/libopencm3_stm32f1.a(assert.o)
 .debug_line    0x00000000       0xdf ../../../libopencm3/lib/libopencm3_stm32f1.a(assert.o)
 .debug_str     0x00000000     0x3d7d ../../../libopencm3/lib/libopencm3_stm32f1.a(assert.o)
 .comment       0x00000000       0x27 ../../../libopencm3/lib/libopencm3_stm32f1.a(assert.o)
 .debug_frame   0x00000000       0x38 ../../../libopencm3/lib/libopencm3_stm32f1.a(assert.o)
 .ARM.attributes
                0x00000000       0x2d ../../../libopencm3/lib/libopencm3_stm32f1.a(assert.o)
 .group         0x00000000        0xc ../../../libopencm3/lib/libopencm3_stm32f1.a(flash_common_all.o)
 .group         0x00000000        0xc ../../../libopencm3/lib/libopencm3_stm32f1.a(flash_common_all.o)
 .group         0x00000000        0xc ../../../libopencm3/lib/libopencm3_stm32f1.a(flash_common_all.o)
 .group         0x00000000        0xc ../../../libopencm3/lib/libopencm3_stm32f1.a(flash_common_all.o)
 .group         0x00000000        0xc ../../../libopencm3/lib/libopencm3_stm32f1.a(flash_common_all.o)
 .group         0x00000000        0xc ../../../libopencm3/lib/libopencm3_stm32f1.a(flash_common_all.o)
 .group         0x00000000        0xc ../../../libopencm3/lib/libopencm3_stm32f1.a(flash_common_all.o)
 .group         0x00000000        0xc ../../../libopencm3/lib/libopencm3_stm32f1.a(flash_common_all.o)
 .group         0x00000000        0xc ../../../libopencm3/lib/libopencm3_stm32f1.a(flash_common_all.o)
 .text          0x00000000        0x0 ../../../libopencm3/lib/libopencm3_stm32f1.a(flash_common_all.o)
 .data          0x00000000        0x0 ../../../libopencm3/lib/libopencm3_stm32f1.a(flash_common_all.o)
 .bss           0x00000000        0x0 ../../../libopencm3/lib/libopencm3_stm32f1.a(flash_common_all.o)
 .text.flash_prefetch_enable
                0x00000000       0x10 ../../../libopencm3/lib/libopencm3_stm32f1.a(flash_common_all.o)
 .text.flash_prefetch_disable
                0x00000000       0x10 ../../../libopencm3/lib/libopencm3_stm32f1.a(flash_common_all.o)
 .text.flash_unlock_option_bytes
                0x00000000       0x18 ../../../libopencm3/lib/libopencm3_stm32f1.a(flash_common_all.o)
 .debug_macro   0x00000000      0xac0 ../../../libopencm3/lib/libopencm3_stm32f1.a(flash_common_all.o)
 .debug_macro   0x00000000       0x1c ../../../libopencm3/lib/libopencm3_stm32f1.a(flash_common_all.o)
 .debug_macro   0x00000000      0x34e ../../../libopencm3/lib/libopencm3_stm32f1.a(flash_common_all.o)
 .debug_macro   0x00000000       0x22 ../../../libopencm3/lib/libopencm3_stm32f1.a(flash_common_all.o)
 .debug_macro   0x00000000       0xe8 ../../../libopencm3/lib/libopencm3_stm32f1.a(flash_common_all.o)
 .debug_macro   0x00000000       0x76 ../../../libopencm3/lib/libopencm3_stm32f1.a(flash_common_all.o)
 .debug_macro   0x00000000      0x1b4 ../../../libopencm3/lib/libopencm3_stm32f1.a(flash_common_all.o)
 .debug_macro   0x00000000       0xee ../../../libopencm3/lib/libopencm3_stm32f1.a(flash_common_all.o)
 .debug_macro   0x00000000       0x82 ../../../libopencm3/lib/libopencm3_stm32f1.a(flash_common_all.o)

Memory Configuration

Name             Origin             Length             Attributes
rom              0x08000000         0x00010000         xr
ram              0x20000000         0x00005000         xrw
*default*        0x00000000         0xffffffff

Linker script and memory map

LOAD bin/main.o
LOAD ../../../libopencm3/lib/libopencm3_stm32f1.a
LOAD ../../../libopencm3/lib/libopencm3_stm32f1.a
LOAD /usr/lib/gcc/arm-none-eabi/13.2.1/../../../arm-none-eabi/lib/thumb/v7-m/nofp/libc.a
LOAD /usr/lib/gcc/arm-none-eabi/13.2.1/thumb/v7-m/nofp/libgcc.a
LOAD /usr/lib/gcc/arm-none-eabi/13.2.1/../../../arm-none-eabi/lib/thumb/v7-m/nofp/libnosys.a
                0x20005000                        _stack = (ORIGIN (ram) + LENGTH (ram))

.text           0x08000000      0x694
 *(.vectors)
 .vectors       0x08000000      0x150 ../../../libopencm3/lib/libopencm3_stm32f1.a(vector.o)
                0x08000000                vector_table
 *(.text*)
 .text          0x08000150       0xdc bin/main.o
                0x08000150                delay
                0x08000172                main
 .text.gpio_set_mode
                0x0800022c       0x5e ../../../libopencm3/lib/libopencm3_stm32f1.a(gpio.o)
                0x0800022c                gpio_set_mode
 .text.gpio_set
                0x0800028a        0x4 ../../../libopencm3/lib/libopencm3_stm32f1.a(gpio_common_all.o)
                0x0800028a                gpio_set
 .text.gpio_clear
                0x0800028e        0x6 ../../../libopencm3/lib/libopencm3_stm32f1.a(gpio_common_all.o)
                0x0800028e                gpio_clear
 .text.gpio_get
                0x08000294        0x6 ../../../libopencm3/lib/libopencm3_stm32f1.a(gpio_common_all.o)
                0x08000294                gpio_get
 *fill*         0x0800029a        0x2 
 .text.rcc_is_osc_ready
                0x0800029c       0x58 ../../../libopencm3/lib/libopencm3_stm32f1.a(rcc.o)
                0x0800029c                rcc_is_osc_ready
 .text.rcc_wait_for_osc_ready
                0x080002f4       0x10 ../../../libopencm3/lib/libopencm3_stm32f1.a(rcc.o)
                0x080002f4                rcc_wait_for_osc_ready
 .text.rcc_osc_on
                0x08000304       0x60 ../../../libopencm3/lib/libopencm3_stm32f1.a(rcc.o)
                0x08000304                rcc_osc_on
 .text.rcc_set_sysclk_source
                0x08000364       0x14 ../../../libopencm3/lib/libopencm3_stm32f1.a(rcc.o)
                0x08000364                rcc_set_sysclk_source
 .text.rcc_set_pll_multiplication_factor
                0x08000378       0x14 ../../../libopencm3/lib/libopencm3_stm32f1.a(rcc.o)
                0x08000378                rcc_set_pll_multiplication_factor
 .text.rcc_set_pll2_multiplication_factor
                0x0800038c       0x14 ../../../libopencm3/lib/libopencm3_stm32f1.a(rcc.o)
                0x0800038c                rcc_set_pll2_multiplication_factor
 .text.rcc_set_pll3_multiplication_factor
                0x080003a0       0x14 ../../../libopencm3/lib/libopencm3_stm32f1.a(rcc.o)
                0x080003a0                rcc_set_pll3_multiplication_factor
 .text.rcc_set_pll_source
                0x080003b4       0x14 ../../../libopencm3/lib/libopencm3_stm32f1.a(rcc.o)
                0x080003b4                rcc_set_pll_source
 .text.rcc_set_pllxtpre
                0x080003c8       0x14 ../../../libopencm3/lib/libopencm3_stm32f1.a(rcc.o)
                0x080003c8                rcc_set_pllxtpre
 .text.rcc_set_adcpre
                0x080003dc       0x14 ../../../libopencm3/lib/libopencm3_stm32f1.a(rcc.o)
                0x080003dc                rcc_set_adcpre
 .text.rcc_set_ppre2
                0x080003f0       0x14 ../../../libopencm3/lib/libopencm3_stm32f1.a(rcc.o)
                0x080003f0                rcc_set_ppre2
 .text.rcc_set_ppre1
                0x08000404       0x14 ../../../libopencm3/lib/libopencm3_stm32f1.a(rcc.o)
                0x08000404                rcc_set_ppre1
 .text.rcc_set_hpre
                0x08000418       0x14 ../../../libopencm3/lib/libopencm3_stm32f1.a(rcc.o)
                0x08000418                rcc_set_hpre
 .text.rcc_set_usbpre
                0x0800042c       0x18 ../../../libopencm3/lib/libopencm3_stm32f1.a(rcc.o)
                0x0800042c                rcc_set_usbpre
 .text.rcc_set_prediv1
                0x08000444       0x14 ../../../libopencm3/lib/libopencm3_stm32f1.a(rcc.o)
                0x08000444                rcc_set_prediv1
 .text.rcc_set_prediv2
                0x08000458       0x14 ../../../libopencm3/lib/libopencm3_stm32f1.a(rcc.o)
                0x08000458                rcc_set_prediv2
 .text.rcc_set_prediv1_source
                0x0800046c       0x18 ../../../libopencm3/lib/libopencm3_stm32f1.a(rcc.o)
                0x0800046c                rcc_set_prediv1_source
 .text.rcc_clock_setup_pll
                0x08000484       0xbc ../../../libopencm3/lib/libopencm3_stm32f1.a(rcc.o)
                0x08000484                rcc_clock_setup_pll
 .text.rcc_periph_clock_enable
                0x08000540       0x1a ../../../libopencm3/lib/libopencm3_stm32f1.a(rcc_common_all.o)
                0x08000540                rcc_periph_clock_enable
 .text.blocking_handler
                0x0800055a        0x2 ../../../libopencm3/lib/libopencm3_stm32f1.a(vector.o)
                0x0800055a                usart3_isr
                0x0800055a                rtc_isr
                0x0800055a                tim7_isr
                0x0800055a                adc1_2_isr
                0x0800055a                tim1_trg_com_isr
                0x0800055a                usb_hp_can_tx_isr
                0x0800055a                tim6_isr
                0x0800055a                usb_wakeup_isr
                0x0800055a                blocking_handler
                0x0800055a                tim5_isr
                0x0800055a                otg_fs_isr
                0x0800055a                spi1_isr
                0x0800055a                exti2_isr
                0x0800055a                dma1_channel6_isr
                0x0800055a                can_rx1_isr
                0x0800055a                dma1_channel5_isr
                0x0800055a                dma2_channel5_isr
                0x0800055a                usart1_isr
                0x0800055a                usage_fault_handler
                0x0800055a                tim8_trg_com_isr
                0x0800055a                can2_rx0_isr
                0x0800055a                tim1_brk_isr
                0x0800055a                can2_rx1_isr
                0x0800055a                tim1_cc_isr
                0x0800055a                sdio_isr
                0x0800055a                eth_isr
                0x0800055a                dma1_channel4_isr
                0x0800055a                tim8_brk_isr
                0x0800055a                dma2_channel4_5_isr
                0x0800055a                pvd_isr
                0x0800055a                rcc_isr
                0x0800055a                flash_isr
                0x0800055a                uart4_isr
                0x0800055a                rtc_alarm_isr
                0x0800055a                exti15_10_isr
                0x0800055a                hard_fault_handler
                0x0800055a                exti1_isr
                0x0800055a                i2c1_ev_isr
                0x0800055a                dma2_channel1_isr
                0x0800055a                spi2_isr
                0x0800055a                tim8_up_isr
                0x0800055a                dma2_channel2_isr
                0x0800055a                exti3_isr
                0x0800055a                adc3_isr
                0x0800055a                tim3_isr
                0x0800055a                usart2_isr
                0x0800055a                usb_lp_can_rx0_isr
                0x0800055a                i2c2_er_isr
                0x0800055a                i2c2_ev_isr
                0x0800055a                uart5_isr
                0x0800055a                fsmc_isr
                0x0800055a                dma1_channel1_isr
                0x0800055a                exti4_isr
                0x0800055a                mem_manage_handler
                0x0800055a                can2_tx_isr
                0x0800055a                exti9_5_isr
                0x0800055a                dma2_channel3_isr
                0x0800055a                dma1_channel7_isr
                0x0800055a                tim1_up_isr
                0x0800055a                can2_sce_isr
                0x0800055a                tim4_isr
                0x0800055a                dma1_channel2_isr
                0x0800055a                i2c1_er_isr
                0x0800055a                can_sce_isr
                0x0800055a                tim8_cc_isr
                0x0800055a                tamper_isr
                0x0800055a                eth_wkup_isr
                0x0800055a                bus_fault_handler
                0x0800055a                wwdg_isr
                0x0800055a                dma1_channel3_isr
                0x0800055a                spi3_isr
                0x0800055a                tim2_isr
                0x0800055a                exti0_isr
 .text.null_handler
                0x0800055c        0x2 ../../../libopencm3/lib/libopencm3_stm32f1.a(vector.o)
                0x0800055c                null_handler
                0x0800055c                sv_call_handler
                0x0800055c                pend_sv_handler
                0x0800055c                debug_monitor_handler
                0x0800055c                sys_tick_handler
                0x0800055c                nmi_handler
 *fill*         0x0800055e        0x2 
 .text.reset_handler
                0x08000560       0x94 ../../../libopencm3/lib/libopencm3_stm32f1.a(vector.o)
                0x08000560                reset_handler
 .text.flash_set_ws
                0x080005f4       0x14 ../../../libopencm3/lib/libopencm3_stm32f1.a(flash_common_all.o)
                0x080005f4                flash_set_ws
 *(.rodata*)
 .rodata.rcc_hse_configs
                0x08000608       0x8c ../../../libopencm3/lib/libopencm3_stm32f1.a(rcc.o)
                0x08000608                rcc_hse_configs
 *(.glue_7)
 .glue_7        0x08000694        0x0 linker stubs
 *(.glue_7t)
 .glue_7t       0x08000694        0x0 linker stubs
 *(.eh_frame)

.vfp11_veneer   0x08000694        0x0
 .vfp11_veneer  0x08000694        0x0 linker stubs

.v4_bx          0x08000694        0x0
 .v4_bx         0x08000694        0x0 linker stubs

.iplt           0x08000694        0x0
 .iplt          0x08000694        0x0 bin/main.o

.rel.dyn        0x08000694        0x0
 .rel.iplt      0x08000694        0x0 bin/main.o

.ARM.exidx      0x08000694        0x0
                0x08000694                        __exidx_start = .
 *(.ARM.exidx*)
                0x08000694                        __exidx_end = .

.data           0x20000000        0xc load address 0x08000694
                0x20000000                        _data = .
                0x08000694                        _data_loadaddr = LOADADDR (.data)
 *(.data*)
 .data.rcc_ahb_frequency
                0x20000000        0x4 ../../../libopencm3/lib/libopencm3_stm32f1.a(rcc.o)
                0x20000000                rcc_ahb_frequency
 .data.rcc_apb2_frequency
                0x20000004        0x4 ../../../libopencm3/lib/libopencm3_stm32f1.a(rcc.o)
                0x20000004                rcc_apb2_frequency
 .data.rcc_apb1_frequency
                0x20000008        0x4 ../../../libopencm3/lib/libopencm3_stm32f1.a(rcc.o)
                0x20000008                rcc_apb1_frequency
                0x2000000c                        . = ALIGN (0x4)
                0x2000000c                        _edata = .

.igot.plt       0x2000000c        0x0 load address 0x080006a0
 .igot.plt      0x2000000c        0x0 bin/main.o

.bss            0x2000000c        0x0
                0x2000000c                        _bss = .
 *(.bss*)
 *(COMMON)
                0x2000000c                        . = ALIGN (0x4)
                0x2000000c                        _ebss = .

.init_array     0x2000000c        0x0
                0x2000000c                        __init_array_start = .
 *(.init_array*)
                0x2000000c                        __init_array_end = .

.fini_array     0x2000000c        0x0
                0x2000000c                        __fini_array_start = .
 *(.fini_array*)
                0x2000000c                        __fini_array_end = .

.preinit_array  0x2000000c        0x0
                0x2000000c                        __preinit_array_start = .
 *(.preinit_array*)
                0x2000000c                        __preinit_array_end = .
                0x08000694                        _etext = (LOADADDR (.text) + SIZEOF (.text))
OUTPUT(bin/main.elf elf32-littlearm)
LOAD linker stubs

.debug_info     0x00000000     0x2696
 .debug_info    0x00000000      0x452 bin/main.o
 .debug_info    0x00000452      0x1d1 ../../../libopencm3/lib/libopencm3_stm32f1.a(gpio.o)
 .debug_info    0x00000623      0x23a ../../../libopencm3/lib/libopencm3_stm32f1.a(gpio_common_all.o)
 .debug_info    0x0000085d     0x14b6 ../../../libopencm3/lib/libopencm3_stm32f1.a(rcc.o)
 .debug_info    0x00001d13      0x5e6 ../../../libopencm3/lib/libopencm3_stm32f1.a(rcc_common_all.o)
 .debug_info    0x000022f9      0x2b8 ../../../libopencm3/lib/libopencm3_stm32f1.a(vector.o)
 .debug_info    0x000025b1       0xe5 ../../../libopencm3/lib/libopencm3_stm32f1.a(flash_common_all.o)

.debug_abbrev   0x00000000      0x973
 .debug_abbrev  0x00000000      0x165 bin/main.o
 .debug_abbrev  0x00000165       0xd3 ../../../libopencm3/lib/libopencm3_stm32f1.a(gpio.o)
 .debug_abbrev  0x00000238      0x117 ../../../libopencm3/lib/libopencm3_stm32f1.a(gpio_common_all.o)
 .debug_abbrev  0x0000034f      0x2bf ../../../libopencm3/lib/libopencm3_stm32f1.a(rcc.o)
 .debug_abbrev  0x0000060e      0x186 ../../../libopencm3/lib/libopencm3_stm32f1.a(rcc_common_all.o)
 .debug_abbrev  0x00000794      0x149 ../../../libopencm3/lib/libopencm3_stm32f1.a(vector.o)
 .debug_abbrev  0x000008dd       0x96 ../../../libopencm3/lib/libopencm3_stm32f1.a(flash_common_all.o)

.debug_aranges  0x00000000      0x300
 .debug_aranges
                0x00000000       0x20 bin/main.o
 .debug_aranges
                0x00000020       0x38 ../../../libopencm3/lib/libopencm3_stm32f1.a(gpio.o)
 .debug_aranges
                0x00000058       0x50 ../../../libopencm3/lib/libopencm3_stm32f1.a(gpio_common_all.o)
 .debug_aranges
                0x000000a8      0x170 ../../../libopencm3/lib/libopencm3_stm32f1.a(rcc.o)
 .debug_aranges
                0x00000218       0x80 ../../../libopencm3/lib/libopencm3_stm32f1.a(rcc_common_all.o)
 .debug_aranges
                0x00000298       0x30 ../../../libopencm3/lib/libopencm3_stm32f1.a(vector.o)
 .debug_aranges
                0x000002c8       0x38 ../../../libopencm3/lib/libopencm3_stm32f1.a(flash_common_all.o)

.debug_line     0x00000000     0x1a95
 .debug_line    0x00000000      0x164 bin/main.o
 .debug_line    0x00000164      0x293 ../../../libopencm3/lib/libopencm3_stm32f1.a(gpio.o)
 .debug_line    0x000003f7      0x27b ../../../libopencm3/lib/libopencm3_stm32f1.a(gpio_common_all.o)
 .debug_line    0x00000672      0xc28 ../../../libopencm3/lib/libopencm3_stm32f1.a(rcc.o)
 .debug_line    0x0000129a      0x322 ../../../libopencm3/lib/libopencm3_stm32f1.a(rcc_common_all.o)
 .debug_line    0x000015bc      0x2ad ../../../libopencm3/lib/libopencm3_stm32f1.a(vector.o)
 .debug_line    0x00001869      0x22c ../../../libopencm3/lib/libopencm3_stm32f1.a(flash_common_all.o)

.debug_str      0x00000000     0xe1e8
 .debug_str     0x00000000     0xe1e8 bin/main.o
                                0x53d (size before relaxing)
 .debug_str     0x0000e1e8     0x82ba ../../../libopencm3/lib/libopencm3_stm32f1.a(gpio.o)
 .debug_str     0x0000e1e8     0x82b8 ../../../libopencm3/lib/libopencm3_stm32f1.a(gpio_common_all.o)
 .debug_str     0x0000e1e8     0x7f1a ../../../libopencm3/lib/libopencm3_stm32f1.a(rcc.o)
 .debug_str     0x0000e1e8     0x761d ../../../libopencm3/lib/libopencm3_stm32f1.a(rcc_common_all.o)
 .debug_str     0x0000e1e8     0x6309 ../../../libopencm3/lib/libopencm3_stm32f1.a(vector.o)
 .debug_str     0x0000e1e8     0x5208 ../../../libopencm3/lib/libopencm3_stm32f1.a(flash_common_all.o)

.comment        0x00000000       0x26
 .comment       0x00000000       0x26 bin/main.o
                                 0x27 (size before relaxing)
 .comment       0x00000026       0x27 ../../../libopencm3/lib/libopencm3_stm32f1.a(gpio.o)
 .comment       0x00000026       0x27 ../../../libopencm3/lib/libopencm3_stm32f1.a(gpio_common_all.o)
 .comment       0x00000026       0x27 ../../../libopencm3/lib/libopencm3_stm32f1.a(rcc.o)
 .comment       0x00000026       0x27 ../../../libopencm3/lib/libopencm3_stm32f1.a(rcc_common_all.o)
 .comment       0x00000026       0x27 ../../../libopencm3/lib/libopencm3_stm32f1.a(vector.o)
 .comment       0x00000026       0x27 ../../../libopencm3/lib/libopencm3_stm32f1.a(flash_common_all.o)

.ARM.attributes
                0x00000000       0x2d
 .ARM.attributes
                0x00000000       0x2d bin/main.o
 .ARM.attributes
                0x0000002d       0x2d ../../../libopencm3/lib/libopencm3_stm32f1.a(gpio.o)
 .ARM.attributes
                0x0000005a       0x2d ../../../libopencm3/lib/libopencm3_stm32f1.a(gpio_common_all.o)
 .ARM.attributes
                0x00000087       0x2d ../../../libopencm3/lib/libopencm3_stm32f1.a(rcc.o)
 .ARM.attributes
                0x000000b4       0x2d ../../../libopencm3/lib/libopencm3_stm32f1.a(rcc_common_all.o)
 .ARM.attributes
                0x000000e1       0x2d ../../../libopencm3/lib/libopencm3_stm32f1.a(vector.o)
 .ARM.attributes
                0x0000010e       0x2d ../../../libopencm3/lib/libopencm3_stm32f1.a(flash_common_all.o)

.debug_frame    0x00000000      0x5cc
 .debug_frame   0x00000000       0x58 bin/main.o
 .debug_frame   0x00000058       0x60 ../../../libopencm3/lib/libopencm3_stm32f1.a(gpio.o)
 .debug_frame   0x000000b8       0x80 ../../../libopencm3/lib/libopencm3_stm32f1.a(gpio_common_all.o)
 .debug_frame   0x00000138      0x318 ../../../libopencm3/lib/libopencm3_stm32f1.a(rcc.o)
 .debug_frame   0x00000450       0xe0 ../../../libopencm3/lib/libopencm3_stm32f1.a(rcc_common_all.o)
 .debug_frame   0x00000530       0x4c ../../../libopencm3/lib/libopencm3_stm32f1.a(vector.o)
 .debug_frame   0x0000057c       0x50 ../../../libopencm3/lib/libopencm3_stm32f1.a(flash_common_all.o)

.debug_loclists
                0x00000000      0x58a
 .debug_loclists
                0x00000000       0xd5 ../../../libopencm3/lib/libopencm3_stm32f1.a(gpio.o)
 .debug_loclists
                0x000000d5       0x96 ../../../libopencm3/lib/libopencm3_stm32f1.a(gpio_common_all.o)
 .debug_loclists
                0x0000016b      0x2cb ../../../libopencm3/lib/libopencm3_stm32f1.a(rcc.o)
 .debug_loclists
                0x00000436       0x87 ../../../libopencm3/lib/libopencm3_stm32f1.a(rcc_common_all.o)
 .debug_loclists
                0x000004bd       0xb6 ../../../libopencm3/lib/libopencm3_stm32f1.a(vector.o)
 .debug_loclists
                0x00000573       0x17 ../../../libopencm3/lib/libopencm3_stm32f1.a(flash_common_all.o)

.debug_rnglists
                0x00000000      0x25c
 .debug_rnglists
                0x00000000       0x25 ../../../libopencm3/lib/libopencm3_stm32f1.a(gpio.o)
 .debug_rnglists
                0x00000025       0x37 ../../../libopencm3/lib/libopencm3_stm32f1.a(gpio_common_all.o)
 .debug_rnglists
                0x0000005c      0x160 ../../../libopencm3/lib/libopencm3_stm32f1.a(rcc.o)
 .debug_rnglists
                0x000001bc       0x5b ../../../libopencm3/lib/libopencm3_stm32f1.a(rcc_common_all.o)
 .debug_rnglists
                0x00000217       0x20 ../../../libopencm3/lib/libopencm3_stm32f1.a(vector.o)
 .debug_rnglists
                0x00000237       0x25 ../../../libopencm3/lib/libopencm3_stm32f1.a(flash_common_all.o)

.debug_macro    0x00000000     0x32f1
 .debug_macro   0x00000000       0x6f ../../../libopencm3/lib/libopencm3_stm32f1.a(gpio.o)
 .debug_macro   0x0000006f      0xac0 ../../../libopencm3/lib/libopencm3_stm32f1.a(gpio.o)
 .debug_macro   0x00000b2f       0x1c ../../../libopencm3/lib/libopencm3_stm32f1.a(gpio.o)
 .debug_macro   0x00000b4b      0x34e ../../../libopencm3/lib/libopencm3_stm32f1.a(gpio.o)
 .debug_macro   0x00000e99       0x22 ../../../libopencm3/lib/libopencm3_stm32f1.a(gpio.o)
 .debug_macro   0x00000ebb       0xe8 ../../../libopencm3/lib/libopencm3_stm32f1.a(gpio.o)
 .debug_macro   0x00000fa3       0x76 ../../../libopencm3/lib/libopencm3_stm32f1.a(gpio.o)
 .debug_macro   0x00001019      0x1b4 ../../../libopencm3/lib/libopencm3_stm32f1.a(gpio.o)
 .debug_macro   0x000011cd       0x76 ../../../libopencm3/lib/libopencm3_stm32f1.a(gpio.o)
 .debug_macro   0x00001243      0xe2e ../../../libopencm3/lib/libopencm3_stm32f1.a(gpio.o)
 .debug_macro   0x00002071       0x6f ../../../libopencm3/lib/libopencm3_stm32f1.a(gpio_common_all.o)
 .debug_macro   0x000020e0       0x9e ../../../libopencm3/lib/libopencm3_stm32f1.a(rcc.o)
 .debug_macro   0x0000217e       0x16 ../../../libopencm3/lib/libopencm3_stm32f1.a(rcc.o)
 .debug_macro   0x00002194      0x8c6 ../../../libopencm3/lib/libopencm3_stm32f1.a(rcc.o)
 .debug_macro   0x00002a5a       0xee ../../../libopencm3/lib/libopencm3_stm32f1.a(rcc.o)
 .debug_macro   0x00002b48       0x82 ../../../libopencm3/lib/libopencm3_stm32f1.a(rcc.o)
 .debug_macro   0x00002bca       0x85 ../../../libopencm3/lib/libopencm3_stm32f1.a(rcc_common_all.o)
 .debug_macro   0x00002c4f       0x86 ../../../libopencm3/lib/libopencm3_stm32f1.a(vector.o)
 .debug_macro   0x00002cd5      0x395 ../../../libopencm3/lib/libopencm3_stm32f1.a(vector.o)
 .debug_macro   0x0000306a       0x6e ../../../libopencm3/lib/libopencm3_stm32f1.a(vector.o)
 .debug_macro   0x000030d8      0x1a2 ../../../libopencm3/lib/libopencm3_stm32f1.a(vector.o)
 .debug_macro   0x0000327a       0x77 ../../../libopencm3/lib/libopencm3_stm32f1.a(flash_common_all.o)
