Archive member included to satisfy reference by file (symbol)

../../../libopencm3/lib/libopencm3_stm32f1.a(gpio.o)
                              bin/main.o (gpio_set_mode)
../../../libopencm3/lib/libopencm3_stm32f1.a(gpio_common_all.o)
                              bin/main.o (gpio_set)
../../../libopencm3/lib/libopencm3_stm32f1.a(rcc.o)
                              bin/main.o (rcc_ahb_frequency)
../../../libopencm3/lib/libopencm3_stm32f1.a(rcc_common_all.o)
                              bin/main.o (rcc_periph_clock_enable)
../../../libopencm3/lib/libopencm3_stm32f1.a(timer_common_all.o)
                              bin/main.o (timer_enable_irq)
../../../libopencm3/lib/libopencm3_stm32f1.a(vector.o)
                              (reset_handler)
../../../libopencm3/lib/libopencm3_stm32f1.a(nvic.o)
                              bin/main.o (nvic_enable_irq)
../../../libopencm3/lib/libopencm3_stm32f1.a(assert.o)
                              ../../../libopencm3/lib/libopencm3_stm32f1.a(rcc.o) (cm3_assert_failed)
../../../libopencm3/lib/libopencm3_stm32f1.a(flash_common_all.o)
                              ../../../libopencm3/lib/libopencm3_stm32f1.a(rcc.o) (flash_set_ws)

Discarded input sections

 .group         0x00000000        0xc ../../../libopencm3/lib/libopencm3_stm32f1.a(gpio.o)
 .group         0x00000000        0xc ../../../libopencm3/lib/libopencm3_stm32f1.a(gpio.o)
 .group         0x00000000        0xc ../../../libopencm3/lib/libopencm3_stm32f1.a(gpio.o)
 .group         0x00000000        0xc ../../../libopencm3/lib/libopencm3_stm32f1.a(gpio.o)
 .group         0x00000000        0xc ../../../libopencm3/lib/libopencm3_stm32f1.a(gpio.o)
 .group         0x00000000        0xc ../../../libopencm3/lib/libopencm3_stm32f1.a(gpio.o)
 .group         0x00000000        0xc ../../../libopencm3/lib/libopencm3_stm32f1.a(gpio.o)
 .group         0x00000000        0xc ../../../libopencm3/lib/libopencm3_stm32f1.a(gpio.o)
 .group         0x00000000        0xc ../../../libopencm3/lib/libopencm3_stm32f1.a(gpio.o)
 .text          0x00000000        0x0 ../../../libopencm3/lib/libopencm3_stm32f1.a(gpio.o)
 .data          0x00000000        0x0 ../../../libopencm3/lib/libopencm3_stm32f1.a(gpio.o)
 .bss           0x00000000        0x0 ../../../libopencm3/lib/libopencm3_stm32f1.a(gpio.o)
 .text.gpio_set_eventout
                0x00000000       0x10 ../../../libopencm3/lib/libopencm3_stm32f1.a(gpio.o)
 .text.gpio_primary_remap
                0x00000000       0x14 ../../../libopencm3/lib/libopencm3_stm32f1.a(gpio.o)
 .text.gpio_secondary_remap
                0x00000000       0x10 ../../../libopencm3/lib/libopencm3_stm32f1.a(gpio.o)
 .group         0x00000000        0xc ../../../libopencm3/lib/libopencm3_stm32f1.a(gpio_common_all.o)
 .group         0x00000000        0xc ../../../libopencm3/lib/libopencm3_stm32f1.a(gpio_common_all.o)
 .group         0x00000000        0xc ../../../libopencm3/lib/libopencm3_stm32f1.a(gpio_common_all.o)
 .group         0x00000000        0xc ../../../libopencm3/lib/libopencm3_stm32f1.a(gpio_common_all.o)
 .group         0x00000000        0xc ../../../libopencm3/lib/libopencm3_stm32f1.a(gpio_common_all.o)
 .group         0x00000000        0xc ../../../libopencm3/lib/libopencm3_stm32f1.a(gpio_common_all.o)
 .group         0x00000000        0xc ../../../libopencm3/lib/libopencm3_stm32f1.a(gpio_common_all.o)
 .group         0x00000000        0xc ../../../libopencm3/lib/libopencm3_stm32f1.a(gpio_common_all.o)
 .group         0x00000000        0xc ../../../libopencm3/lib/libopencm3_stm32f1.a(gpio_common_all.o)
 .text          0x00000000        0x0 ../../../libopencm3/lib/libopencm3_stm32f1.a(gpio_common_all.o)
 .data          0x00000000        0x0 ../../../libopencm3/lib/libopencm3_stm32f1.a(gpio_common_all.o)
 .bss           0x00000000        0x0 ../../../libopencm3/lib/libopencm3_stm32f1.a(gpio_common_all.o)
 .text.gpio_toggle
                0x00000000       0x12 ../../../libopencm3/lib/libopencm3_stm32f1.a(gpio_common_all.o)
 .text.gpio_port_read
                0x00000000        0x6 ../../../libopencm3/lib/libopencm3_stm32f1.a(gpio_common_all.o)
 .text.gpio_port_write
                0x00000000        0x4 ../../../libopencm3/lib/libopencm3_stm32f1.a(gpio_common_all.o)
 .text.gpio_port_config_lock
                0x00000000       0x10 ../../../libopencm3/lib/libopencm3_stm32f1.a(gpio_common_all.o)
 .debug_macro   0x00000000      0xac0 ../../../libopencm3/lib/libopencm3_stm32f1.a(gpio_common_all.o)
 .debug_macro   0x00000000       0x1c ../../../libopencm3/lib/libopencm3_stm32f1.a(gpio_common_all.o)
 .debug_macro   0x00000000      0x34e ../../../libopencm3/lib/libopencm3_stm32f1.a(gpio_common_all.o)
 .debug_macro   0x00000000       0x22 ../../../libopencm3/lib/libopencm3_stm32f1.a(gpio_common_all.o)
 .debug_macro   0x00000000       0xe8 ../../../libopencm3/lib/libopencm3_stm32f1.a(gpio_common_all.o)
 .debug_macro   0x00000000       0x76 ../../../libopencm3/lib/libopencm3_stm32f1.a(gpio_common_all.o)
 .debug_macro   0x00000000      0x1b4 ../../../libopencm3/lib/libopencm3_stm32f1.a(gpio_common_all.o)
 .debug_macro   0x00000000       0x76 ../../../libopencm3/lib/libopencm3_stm32f1.a(gpio_common_all.o)
 .debug_macro   0x00000000      0xe2e ../../../libopencm3/lib/libopencm3_stm32f1.a(gpio_common_all.o)
 .group         0x00000000        0xc ../../../libopencm3/lib/libopencm3_stm32f1.a(rcc.o)
 .group         0x00000000        0xc ../../../libopencm3/lib/libopencm3_stm32f1.a(rcc.o)
 .group         0x00000000        0xc ../../../libopencm3/lib/libopencm3_stm32f1.a(rcc.o)
 .group         0x00000000        0xc ../../../libopencm3/lib/libopencm3_stm32f1.a(rcc.o)
 .group         0x00000000        0xc ../../../libopencm3/lib/libopencm3_stm32f1.a(rcc.o)
 .group         0x00000000        0xc ../../../libopencm3/lib/libopencm3_stm32f1.a(rcc.o)
 .group         0x00000000        0xc ../../../libopencm3/lib/libopencm3_stm32f1.a(rcc.o)
 .group         0x00000000        0xc ../../../libopencm3/lib/libopencm3_stm32f1.a(rcc.o)
 .group         0x00000000        0xc ../../../libopencm3/lib/libopencm3_stm32f1.a(rcc.o)
 .group         0x00000000        0xc ../../../libopencm3/lib/libopencm3_stm32f1.a(rcc.o)
 .group         0x00000000        0xc ../../../libopencm3/lib/libopencm3_stm32f1.a(rcc.o)
 .text          0x00000000        0x0 ../../../libopencm3/lib/libopencm3_stm32f1.a(rcc.o)
 .data          0x00000000        0x0 ../../../libopencm3/lib/libopencm3_stm32f1.a(rcc.o)
 .bss           0x00000000        0x0 ../../../libopencm3/lib/libopencm3_stm32f1.a(rcc.o)
 .text.rcc_osc_ready_int_clear
                0x00000000       0x5c ../../../libopencm3/lib/libopencm3_stm32f1.a(rcc.o)
 .text.rcc_osc_ready_int_enable
                0x00000000       0x5c ../../../libopencm3/lib/libopencm3_stm32f1.a(rcc.o)
 .text.rcc_osc_ready_int_disable
                0x00000000       0x5c ../../../libopencm3/lib/libopencm3_stm32f1.a(rcc.o)
 .text.rcc_osc_ready_int_flag
                0x00000000       0x54 ../../../libopencm3/lib/libopencm3_stm32f1.a(rcc.o)
 .text.rcc_css_int_clear
                0x00000000       0x10 ../../../libopencm3/lib/libopencm3_stm32f1.a(rcc.o)
 .text.rcc_css_int_flag
                0x00000000       0x10 ../../../libopencm3/lib/libopencm3_stm32f1.a(rcc.o)
 .text.rcc_osc_off
                0x00000000       0x60 ../../../libopencm3/lib/libopencm3_stm32f1.a(rcc.o)
 .text.rcc_css_enable
                0x00000000       0x10 ../../../libopencm3/lib/libopencm3_stm32f1.a(rcc.o)
 .text.rcc_css_disable
                0x00000000       0x10 ../../../libopencm3/lib/libopencm3_stm32f1.a(rcc.o)
 .text.rcc_rtc_clock_enabled_flag
                0x00000000       0x10 ../../../libopencm3/lib/libopencm3_stm32f1.a(rcc.o)
 .text.rcc_enable_rtc_clock
                0x00000000       0x10 ../../../libopencm3/lib/libopencm3_stm32f1.a(rcc.o)
 .text.rcc_set_rtc_clock_source
                0x00000000       0x84 ../../../libopencm3/lib/libopencm3_stm32f1.a(rcc.o)
 .text.rcc_system_clock_source
                0x00000000       0x10 ../../../libopencm3/lib/libopencm3_stm32f1.a(rcc.o)
 .text.rcc_clock_setup_in_hsi_out_64mhz
                0x00000000       0x70 ../../../libopencm3/lib/libopencm3_stm32f1.a(rcc.o)
 .text.rcc_clock_setup_in_hsi_out_48mhz
                0x00000000       0x7c ../../../libopencm3/lib/libopencm3_stm32f1.a(rcc.o)
 .text.rcc_clock_setup_in_hsi_out_24mhz
                0x00000000       0x60 ../../../libopencm3/lib/libopencm3_stm32f1.a(rcc.o)
 .text.rcc_clock_setup_in_hse_8mhz_out_24mhz
                0x00000000       0x78 ../../../libopencm3/lib/libopencm3_stm32f1.a(rcc.o)
 .text.rcc_clock_setup_in_hse_8mhz_out_72mhz
                0x00000000       0x88 ../../../libopencm3/lib/libopencm3_stm32f1.a(rcc.o)
 .text.rcc_clock_setup_in_hse_12mhz_out_72mhz
                0x00000000       0x88 ../../../libopencm3/lib/libopencm3_stm32f1.a(rcc.o)
 .text.rcc_clock_setup_in_hse_16mhz_out_72mhz
                0x00000000       0x88 ../../../libopencm3/lib/libopencm3_stm32f1.a(rcc.o)
 .text.rcc_clock_setup_in_hse_25mhz_out_72mhz
                0x00000000       0xa8 ../../../libopencm3/lib/libopencm3_stm32f1.a(rcc.o)
 .text.rcc_backupdomain_reset
                0x00000000       0x18 ../../../libopencm3/lib/libopencm3_stm32f1.a(rcc.o)
 .text.rcc_get_usart_clk_freq
                0x00000000       0x1c ../../../libopencm3/lib/libopencm3_stm32f1.a(rcc.o)
 .text.rcc_get_timer_clk_freq
                0x00000000       0x34 ../../../libopencm3/lib/libopencm3_stm32f1.a(rcc.o)
 .text.rcc_get_i2c_clk_freq
                0x00000000        0xc ../../../libopencm3/lib/libopencm3_stm32f1.a(rcc.o)
 .rodata.rcc_hsi_configs
                0x00000000       0x54 ../../../libopencm3/lib/libopencm3_stm32f1.a(rcc.o)
 .debug_macro   0x00000000      0xac0 ../../../libopencm3/lib/libopencm3_stm32f1.a(rcc.o)
 .debug_macro   0x00000000       0x1c ../../../libopencm3/lib/libopencm3_stm32f1.a(rcc.o)
 .debug_macro   0x00000000      0x34e ../../../libopencm3/lib/libopencm3_stm32f1.a(rcc.o)
 .debug_macro   0x00000000       0x22 ../../../libopencm3/lib/libopencm3_stm32f1.a(rcc.o)
 .debug_macro   0x00000000       0xe8 ../../../libopencm3/lib/libopencm3_stm32f1.a(rcc.o)
 .debug_macro   0x00000000       0x76 ../../../libopencm3/lib/libopencm3_stm32f1.a(rcc.o)
 .debug_macro   0x00000000      0x1b4 ../../../libopencm3/lib/libopencm3_stm32f1.a(rcc.o)
 .group         0x00000000        0xc ../../../libopencm3/lib/libopencm3_stm32f1.a(rcc_common_all.o)
 .group         0x00000000        0xc ../../../libopencm3/lib/libopencm3_stm32f1.a(rcc_common_all.o)
 .group         0x00000000        0xc ../../../libopencm3/lib/libopencm3_stm32f1.a(rcc_common_all.o)
 .group         0x00000000        0xc ../../../libopencm3/lib/libopencm3_stm32f1.a(rcc_common_all.o)
 .group         0x00000000        0xc ../../../libopencm3/lib/libopencm3_stm32f1.a(rcc_common_all.o)
 .group         0x00000000        0xc ../../../libopencm3/lib/libopencm3_stm32f1.a(rcc_common_all.o)
 .group         0x00000000        0xc ../../../libopencm3/lib/libopencm3_stm32f1.a(rcc_common_all.o)
 .group         0x00000000        0xc ../../../libopencm3/lib/libopencm3_stm32f1.a(rcc_common_all.o)
 .text          0x00000000        0x0 ../../../libopencm3/lib/libopencm3_stm32f1.a(rcc_common_all.o)
 .data          0x00000000        0x0 ../../../libopencm3/lib/libopencm3_stm32f1.a(rcc_common_all.o)
 .bss           0x00000000        0x0 ../../../libopencm3/lib/libopencm3_stm32f1.a(rcc_common_all.o)
 .text.rcc_peripheral_enable_clock
                0x00000000        0x8 ../../../libopencm3/lib/libopencm3_stm32f1.a(rcc_common_all.o)
 .text.rcc_peripheral_disable_clock
                0x00000000        0xa ../../../libopencm3/lib/libopencm3_stm32f1.a(rcc_common_all.o)
 .text.rcc_peripheral_reset
                0x00000000        0x8 ../../../libopencm3/lib/libopencm3_stm32f1.a(rcc_common_all.o)
 .text.rcc_peripheral_clear_reset
                0x00000000        0xa ../../../libopencm3/lib/libopencm3_stm32f1.a(rcc_common_all.o)
 .text.rcc_periph_clock_disable
                0x00000000       0x1c ../../../libopencm3/lib/libopencm3_stm32f1.a(rcc_common_all.o)
 .text.rcc_periph_reset_pulse
                0x00000000       0x22 ../../../libopencm3/lib/libopencm3_stm32f1.a(rcc_common_all.o)
 .text.rcc_periph_reset_hold
                0x00000000        0x4 ../../../libopencm3/lib/libopencm3_stm32f1.a(rcc_common_all.o)
 .text.rcc_periph_reset_release
                0x00000000        0x4 ../../../libopencm3/lib/libopencm3_stm32f1.a(rcc_common_all.o)
 .text.rcc_set_mco
                0x00000000       0x14 ../../../libopencm3/lib/libopencm3_stm32f1.a(rcc_common_all.o)
 .text.rcc_osc_bypass_enable
                0x00000000       0x28 ../../../libopencm3/lib/libopencm3_stm32f1.a(rcc_common_all.o)
 .text.rcc_osc_bypass_disable
                0x00000000       0x28 ../../../libopencm3/lib/libopencm3_stm32f1.a(rcc_common_all.o)
 .text.rcc_get_div_from_hpre
                0x00000000       0x18 ../../../libopencm3/lib/libopencm3_stm32f1.a(rcc_common_all.o)
 .debug_macro   0x00000000      0xac0 ../../../libopencm3/lib/libopencm3_stm32f1.a(rcc_common_all.o)
 .debug_macro   0x00000000       0x1c ../../../libopencm3/lib/libopencm3_stm32f1.a(rcc_common_all.o)
 .debug_macro   0x00000000      0x34e ../../../libopencm3/lib/libopencm3_stm32f1.a(rcc_common_all.o)
 .debug_macro   0x00000000       0x22 ../../../libopencm3/lib/libopencm3_stm32f1.a(rcc_common_all.o)
 .debug_macro   0x00000000       0xe8 ../../../libopencm3/lib/libopencm3_stm32f1.a(rcc_common_all.o)
 .debug_macro   0x00000000       0x76 ../../../libopencm3/lib/libopencm3_stm32f1.a(rcc_common_all.o)
 .debug_macro   0x00000000      0x1b4 ../../../libopencm3/lib/libopencm3_stm32f1.a(rcc_common_all.o)
 .debug_macro   0x00000000      0x8c6 ../../../libopencm3/lib/libopencm3_stm32f1.a(rcc_common_all.o)
 .group         0x00000000        0xc ../../../libopencm3/lib/libopencm3_stm32f1.a(timer_common_all.o)
 .group         0x00000000        0xc ../../../libopencm3/lib/libopencm3_stm32f1.a(timer_common_all.o)
 .group         0x00000000        0xc ../../../libopencm3/lib/libopencm3_stm32f1.a(timer_common_all.o)
 .group         0x00000000        0xc ../../../libopencm3/lib/libopencm3_stm32f1.a(timer_common_all.o)
 .group         0x00000000        0xc ../../../libopencm3/lib/libopencm3_stm32f1.a(timer_common_all.o)
 .group         0x00000000        0xc ../../../libopencm3/lib/libopencm3_stm32f1.a(timer_common_all.o)
 .group         0x00000000        0xc ../../../libopencm3/lib/libopencm3_stm32f1.a(timer_common_all.o)
 .group         0x00000000        0xc ../../../libopencm3/lib/libopencm3_stm32f1.a(timer_common_all.o)
 .group         0x00000000        0xc ../../../libopencm3/lib/libopencm3_stm32f1.a(timer_common_all.o)
 .text          0x00000000        0x0 ../../../libopencm3/lib/libopencm3_stm32f1.a(timer_common_all.o)
 .data          0x00000000        0x0 ../../../libopencm3/lib/libopencm3_stm32f1.a(timer_common_all.o)
 .bss           0x00000000        0x0 ../../../libopencm3/lib/libopencm3_stm32f1.a(timer_common_all.o)
 .text.timer_disable_irq
                0x00000000        0xa ../../../libopencm3/lib/libopencm3_stm32f1.a(timer_common_all.o)
 .text.timer_interrupt_source
                0x00000000       0x14 ../../../libopencm3/lib/libopencm3_stm32f1.a(timer_common_all.o)
 .text.timer_set_mode
                0x00000000       0x12 ../../../libopencm3/lib/libopencm3_stm32f1.a(timer_common_all.o)
 .text.timer_set_clock_division
                0x00000000       0x14 ../../../libopencm3/lib/libopencm3_stm32f1.a(timer_common_all.o)
 .text.timer_enable_preload
                0x00000000        0xa ../../../libopencm3/lib/libopencm3_stm32f1.a(timer_common_all.o)
 .text.timer_disable_preload
                0x00000000        0xa ../../../libopencm3/lib/libopencm3_stm32f1.a(timer_common_all.o)
 .text.timer_set_alignment
                0x00000000       0x14 ../../../libopencm3/lib/libopencm3_stm32f1.a(timer_common_all.o)
 .text.timer_direction_up
                0x00000000        0xa ../../../libopencm3/lib/libopencm3_stm32f1.a(timer_common_all.o)
 .text.timer_direction_down
                0x00000000        0xa ../../../libopencm3/lib/libopencm3_stm32f1.a(timer_common_all.o)
 .text.timer_one_shot_mode
                0x00000000        0xa ../../../libopencm3/lib/libopencm3_stm32f1.a(timer_common_all.o)
 .text.timer_continuous_mode
                0x00000000        0xa ../../../libopencm3/lib/libopencm3_stm32f1.a(timer_common_all.o)
 .text.timer_update_on_any
                0x00000000        0xa ../../../libopencm3/lib/libopencm3_stm32f1.a(timer_common_all.o)
 .text.timer_update_on_overflow
                0x00000000        0xa ../../../libopencm3/lib/libopencm3_stm32f1.a(timer_common_all.o)
 .text.timer_enable_update_event
                0x00000000        0xa ../../../libopencm3/lib/libopencm3_stm32f1.a(timer_common_all.o)
 .text.timer_disable_update_event
                0x00000000        0xa ../../../libopencm3/lib/libopencm3_stm32f1.a(timer_common_all.o)
 .text.timer_set_output_idle_state
                0x00000000        0xc ../../../libopencm3/lib/libopencm3_stm32f1.a(timer_common_all.o)
 .text.timer_reset_output_idle_state
                0x00000000        0xe ../../../libopencm3/lib/libopencm3_stm32f1.a(timer_common_all.o)
 .text.timer_set_ti1_ch123_xor
                0x00000000        0xa ../../../libopencm3/lib/libopencm3_stm32f1.a(timer_common_all.o)
 .text.timer_set_ti1_ch1
                0x00000000        0xa ../../../libopencm3/lib/libopencm3_stm32f1.a(timer_common_all.o)
 .text.timer_set_master_mode
                0x00000000       0x10 ../../../libopencm3/lib/libopencm3_stm32f1.a(timer_common_all.o)
 .text.timer_set_dma_on_compare_event
                0x00000000        0xa ../../../libopencm3/lib/libopencm3_stm32f1.a(timer_common_all.o)
 .text.timer_set_dma_on_update_event
                0x00000000        0xa ../../../libopencm3/lib/libopencm3_stm32f1.a(timer_common_all.o)
 .text.timer_enable_compare_control_update_on_trigger
                0x00000000        0xa ../../../libopencm3/lib/libopencm3_stm32f1.a(timer_common_all.o)
 .text.timer_disable_compare_control_update_on_trigger
                0x00000000        0xa ../../../libopencm3/lib/libopencm3_stm32f1.a(timer_common_all.o)
 .text.timer_enable_preload_complementry_enable_bits
                0x00000000        0xa ../../../libopencm3/lib/libopencm3_stm32f1.a(timer_common_all.o)
 .text.timer_disable_preload_complementry_enable_bits
                0x00000000        0xa ../../../libopencm3/lib/libopencm3_stm32f1.a(timer_common_all.o)
 .text.timer_set_repetition_counter
                0x00000000        0x4 ../../../libopencm3/lib/libopencm3_stm32f1.a(timer_common_all.o)
 .text.timer_enable_oc_clear
                0x00000000       0x34 ../../../libopencm3/lib/libopencm3_stm32f1.a(timer_common_all.o)
 .text.timer_disable_oc_clear
                0x00000000       0x34 ../../../libopencm3/lib/libopencm3_stm32f1.a(timer_common_all.o)
 .text.timer_set_oc_fast_mode
                0x00000000       0x34 ../../../libopencm3/lib/libopencm3_stm32f1.a(timer_common_all.o)
 .text.timer_set_oc_slow_mode
                0x00000000       0x34 ../../../libopencm3/lib/libopencm3_stm32f1.a(timer_common_all.o)
 .text.timer_set_oc_mode
                0x00000000      0x18c ../../../libopencm3/lib/libopencm3_stm32f1.a(timer_common_all.o)
 .text.timer_enable_oc_preload
                0x00000000       0x34 ../../../libopencm3/lib/libopencm3_stm32f1.a(timer_common_all.o)
 .text.timer_disable_oc_preload
                0x00000000       0x34 ../../../libopencm3/lib/libopencm3_stm32f1.a(timer_common_all.o)
 .text.timer_set_oc_polarity_high
                0x00000000       0x4a ../../../libopencm3/lib/libopencm3_stm32f1.a(timer_common_all.o)
 .text.timer_set_oc_polarity_low
                0x00000000       0x4a ../../../libopencm3/lib/libopencm3_stm32f1.a(timer_common_all.o)
 .text.timer_enable_oc_output
                0x00000000       0x4a ../../../libopencm3/lib/libopencm3_stm32f1.a(timer_common_all.o)
 .text.timer_disable_oc_output
                0x00000000       0x4a ../../../libopencm3/lib/libopencm3_stm32f1.a(timer_common_all.o)
 .text.timer_set_oc_idle_state_set
                0x00000000       0x4a ../../../libopencm3/lib/libopencm3_stm32f1.a(timer_common_all.o)
 .text.timer_set_oc_idle_state_unset
                0x00000000       0x4a ../../../libopencm3/lib/libopencm3_stm32f1.a(timer_common_all.o)
 .text.timer_set_oc_value
                0x00000000       0x20 ../../../libopencm3/lib/libopencm3_stm32f1.a(timer_common_all.o)
 .text.timer_enable_break_main_output
                0x00000000        0xa ../../../libopencm3/lib/libopencm3_stm32f1.a(timer_common_all.o)
 .text.timer_disable_break_main_output
                0x00000000        0xa ../../../libopencm3/lib/libopencm3_stm32f1.a(timer_common_all.o)
 .text.timer_enable_break_automatic_output
                0x00000000        0xa ../../../libopencm3/lib/libopencm3_stm32f1.a(timer_common_all.o)
 .text.timer_disable_break_automatic_output
                0x00000000        0xa ../../../libopencm3/lib/libopencm3_stm32f1.a(timer_common_all.o)
 .text.timer_set_break_polarity_high
                0x00000000        0xa ../../../libopencm3/lib/libopencm3_stm32f1.a(timer_common_all.o)
 .text.timer_set_break_polarity_low
                0x00000000        0xa ../../../libopencm3/lib/libopencm3_stm32f1.a(timer_common_all.o)
 .text.timer_enable_break
                0x00000000        0xa ../../../libopencm3/lib/libopencm3_stm32f1.a(timer_common_all.o)
 .text.timer_disable_break
                0x00000000        0xa ../../../libopencm3/lib/libopencm3_stm32f1.a(timer_common_all.o)
 .text.timer_set_enabled_off_state_in_run_mode
                0x00000000        0xa ../../../libopencm3/lib/libopencm3_stm32f1.a(timer_common_all.o)
 .text.timer_set_disabled_off_state_in_run_mode
                0x00000000        0xa ../../../libopencm3/lib/libopencm3_stm32f1.a(timer_common_all.o)
 .text.timer_set_enabled_off_state_in_idle_mode
                0x00000000        0xa ../../../libopencm3/lib/libopencm3_stm32f1.a(timer_common_all.o)
 .text.timer_set_disabled_off_state_in_idle_mode
                0x00000000        0xa ../../../libopencm3/lib/libopencm3_stm32f1.a(timer_common_all.o)
 .text.timer_set_break_lock
                0x00000000        0x8 ../../../libopencm3/lib/libopencm3_stm32f1.a(timer_common_all.o)
 .text.timer_set_deadtime
                0x00000000        0x4 ../../../libopencm3/lib/libopencm3_stm32f1.a(timer_common_all.o)
 .text.timer_generate_event
                0x00000000        0x8 ../../../libopencm3/lib/libopencm3_stm32f1.a(timer_common_all.o)
 .text.timer_get_counter
                0x00000000        0x4 ../../../libopencm3/lib/libopencm3_stm32f1.a(timer_common_all.o)
 .text.timer_set_counter
                0x00000000        0x4 ../../../libopencm3/lib/libopencm3_stm32f1.a(timer_common_all.o)
 .text.timer_ic_set_filter
                0x00000000       0x50 ../../../libopencm3/lib/libopencm3_stm32f1.a(timer_common_all.o)
 .text.timer_ic_set_prescaler
                0x00000000       0x50 ../../../libopencm3/lib/libopencm3_stm32f1.a(timer_common_all.o)
 .text.timer_ic_set_input
                0x00000000       0x62 ../../../libopencm3/lib/libopencm3_stm32f1.a(timer_common_all.o)
 .text.timer_ic_enable
                0x00000000        0xe ../../../libopencm3/lib/libopencm3_stm32f1.a(timer_common_all.o)
 .text.timer_ic_disable
                0x00000000       0x10 ../../../libopencm3/lib/libopencm3_stm32f1.a(timer_common_all.o)
 .text.timer_slave_set_filter
                0x00000000       0x12 ../../../libopencm3/lib/libopencm3_stm32f1.a(timer_common_all.o)
 .text.timer_slave_set_prescaler
                0x00000000       0x12 ../../../libopencm3/lib/libopencm3_stm32f1.a(timer_common_all.o)
 .text.timer_slave_set_polarity
                0x00000000       0x12 ../../../libopencm3/lib/libopencm3_stm32f1.a(timer_common_all.o)
 .text.timer_slave_set_mode
                0x00000000       0x10 ../../../libopencm3/lib/libopencm3_stm32f1.a(timer_common_all.o)
 .text.timer_slave_set_trigger
                0x00000000       0x10 ../../../libopencm3/lib/libopencm3_stm32f1.a(timer_common_all.o)
 .text.timer_slave_set_extclockmode2
                0x00000000       0x12 ../../../libopencm3/lib/libopencm3_stm32f1.a(timer_common_all.o)
 .debug_macro   0x00000000      0xac0 ../../../libopencm3/lib/libopencm3_stm32f1.a(timer_common_all.o)
 .debug_macro   0x00000000       0x1c ../../../libopencm3/lib/libopencm3_stm32f1.a(timer_common_all.o)
 .debug_macro   0x00000000      0x34e ../../../libopencm3/lib/libopencm3_stm32f1.a(timer_common_all.o)
 .debug_macro   0x00000000       0x22 ../../../libopencm3/lib/libopencm3_stm32f1.a(timer_common_all.o)
 .debug_macro   0x00000000       0xe8 ../../../libopencm3/lib/libopencm3_stm32f1.a(timer_common_all.o)
 .debug_macro   0x00000000       0x76 ../../../libopencm3/lib/libopencm3_stm32f1.a(timer_common_all.o)
 .debug_macro   0x00000000      0x1b4 ../../../libopencm3/lib/libopencm3_stm32f1.a(timer_common_all.o)
 .debug_macro   0x00000000      0x8c6 ../../../libopencm3/lib/libopencm3_stm32f1.a(timer_common_all.o)
 .group         0x00000000        0xc ../../../libopencm3/lib/libopencm3_stm32f1.a(vector.o)
 .group         0x00000000        0xc ../../../libopencm3/lib/libopencm3_stm32f1.a(vector.o)
 .group         0x00000000        0xc ../../../libopencm3/lib/libopencm3_stm32f1.a(vector.o)
 .group         0x00000000        0xc ../../../libopencm3/lib/libopencm3_stm32f1.a(vector.o)
 .group         0x00000000        0xc ../../../libopencm3/lib/libopencm3_stm32f1.a(vector.o)
 .group         0x00000000        0xc ../../../libopencm3/lib/libopencm3_stm32f1.a(vector.o)
 .group         0x00000000        0xc ../../../libopencm3/lib/libopencm3_stm32f1.a(vector.o)
 .group         0x00000000        0xc ../../../libopencm3/lib/libopencm3_stm32f1.a(vector.o)
 .group         0x00000000        0xc ../../../libopencm3/lib/libopencm3_stm32f1.a(vector.o)
 .text          0x00000000        0x0 ../../../libopencm3/lib/libopencm3_stm32f1.a(vector.o)
 .data          0x00000000        0x0 ../../../libopencm3/lib/libopencm3_stm32f1.a(vector.o)
 .bss           0x00000000        0x0 ../../../libopencm3/lib/libopencm3_stm32f1.a(vector.o)
 .debug_macro   0x00000000      0xac0 ../../../libopencm3/lib/libopencm3_stm32f1.a(vector.o)
 .debug_macro   0x00000000       0x76 ../../../libopencm3/lib/libopencm3_stm32f1.a(vector.o)
 .debug_macro   0x00000000       0x1c ../../../libopencm3/lib/libopencm3_stm32f1.a(vector.o)
 .debug_macro   0x00000000      0x34e ../../../libopencm3/lib/libopencm3_stm32f1.a(vector.o)
 .debug_macro   0x00000000       0x22 ../../../libopencm3/lib/libopencm3_stm32f1.a(vector.o)
 .debug_macro   0x00000000       0xe8 ../../../libopencm3/lib/libopencm3_stm32f1.a(vector.o)
 .group         0x00000000        0xc ../../../libopencm3/lib/libopencm3_stm32f1.a(nvic.o)
 .group         0x00000000        0xc ../../../libopencm3/lib/libopencm3_stm32f1.a(nvic.o)
 .group         0x00000000        0xc ../../../libopencm3/lib/libopencm3_stm32f1.a(nvic.o)
 .group         0x00000000        0xc ../../../libopencm3/lib/libopencm3_stm32f1.a(nvic.o)
 .group         0x00000000        0xc ../../../libopencm3/lib/libopencm3_stm32f1.a(nvic.o)
 .group         0x00000000        0xc ../../../libopencm3/lib/libopencm3_stm32f1.a(nvic.o)
 .group         0x00000000        0xc ../../../libopencm3/lib/libopencm3_stm32f1.a(nvic.o)
 .group         0x00000000        0xc ../../../libopencm3/lib/libopencm3_stm32f1.a(nvic.o)
 .group         0x00000000        0xc ../../../libopencm3/lib/libopencm3_stm32f1.a(nvic.o)
 .text          0x00000000        0x0 ../../../libopencm3/lib/libopencm3_stm32f1.a(nvic.o)
 .data          0x00000000        0x0 ../../../libopencm3/lib/libopencm3_stm32f1.a(nvic.o)
 .bss           0x00000000        0x0 ../../../libopencm3/lib/libopencm3_stm32f1.a(nvic.o)
 .text.nvic_disable_irq
                0x00000000       0x18 ../../../libopencm3/lib/libopencm3_stm32f1.a(nvic.o)
 .text.nvic_get_pending_irq
                0x00000000       0x20 ../../../libopencm3/lib/libopencm3_stm32f1.a(nvic.o)
 .text.nvic_set_pending_irq
                0x00000000       0x18 ../../../libopencm3/lib/libopencm3_stm32f1.a(nvic.o)
 .text.nvic_clear_pending_irq
                0x00000000       0x18 ../../../libopencm3/lib/libopencm3_stm32f1.a(nvic.o)
 .text.nvic_get_irq_enabled
                0x00000000       0x20 ../../../libopencm3/lib/libopencm3_stm32f1.a(nvic.o)
 .text.nvic_set_priority
                0x00000000       0x20 ../../../libopencm3/lib/libopencm3_stm32f1.a(nvic.o)
 .text.nvic_get_active_irq
                0x00000000       0x20 ../../../libopencm3/lib/libopencm3_stm32f1.a(nvic.o)
 .text.nvic_generate_software_interrupt
                0x00000000       0x14 ../../../libopencm3/lib/libopencm3_stm32f1.a(nvic.o)
 .debug_macro   0x00000000      0xac0 ../../../libopencm3/lib/libopencm3_stm32f1.a(nvic.o)
 .debug_macro   0x00000000       0x1c ../../../libopencm3/lib/libopencm3_stm32f1.a(nvic.o)
 .debug_macro   0x00000000      0x34e ../../../libopencm3/lib/libopencm3_stm32f1.a(nvic.o)
 .debug_macro   0x00000000       0x22 ../../../libopencm3/lib/libopencm3_stm32f1.a(nvic.o)
 .debug_macro   0x00000000       0xe8 ../../../libopencm3/lib/libopencm3_stm32f1.a(nvic.o)
 .debug_macro   0x00000000       0x76 ../../../libopencm3/lib/libopencm3_stm32f1.a(nvic.o)
 .debug_macro   0x00000000      0x1a2 ../../../libopencm3/lib/libopencm3_stm32f1.a(nvic.o)
 .group         0x00000000        0xc ../../../libopencm3/lib/libopencm3_stm32f1.a(assert.o)
 .group         0x00000000        0xc ../../../libopencm3/lib/libopencm3_stm32f1.a(assert.o)
 .group         0x00000000        0xc ../../../libopencm3/lib/libopencm3_stm32f1.a(assert.o)
 .group         0x00000000        0xc ../../../libopencm3/lib/libopencm3_stm32f1.a(assert.o)
 .group         0x00000000        0xc ../../../libopencm3/lib/libopencm3_stm32f1.a(assert.o)
 .group         0x00000000        0xc ../../../libopencm3/lib/libopencm3_stm32f1.a(assert.o)
 .text          0x00000000        0x0 ../../../libopencm3/lib/libopencm3_stm32f1.a(assert.o)
 .data          0x00000000        0x0 ../../../libopencm3/lib/libopencm3_stm32f1.a(assert.o)
 .bss           0x00000000        0x0 ../../../libopencm3/lib/libopencm3_stm32f1.a(assert.o)
 .text.cm3_assert_failed
                0x00000000        0x2 ../../../libopencm3/lib/libopencm3_stm32f1.a(assert.o)
 .text.cm3_assert_failed_verbose
                0x00000000        0x6 ../../../libopencm3/lib/libopencm3_stm32f1.a(assert.o)
 .debug_info    0x00000000      0x101 ../../../libopencm3/lib/libopencm3_stm32f1.a(assert.o)
 .debug_abbrev  0x00000000       0x94 ../../../libopencm3/lib/libopencm3_stm32f1.a(assert.o)
 .debug_loclists
                0x00000000       0x80 ../../../libopencm3/lib/libopencm3_stm32f1.a(assert.o)
 .debug_aranges
                0x00000000       0x28 ../../../libopencm3/lib/libopencm3_stm32f1.a(assert.o)
 .debug_rnglists
                0x00000000       0x19 ../../../libopencm3/lib/libopencm3_stm32f1.a(assert.o)
 .debug_macro   0x00000000       0x40 ../../../libopencm3/lib/libopencm3_stm32f1.a(assert.o)
 .debug_macro   0x00000000      0xac0 ../../../libopencm3/lib/libopencm3_stm32f1.a(assert.o)
 .debug_macro   0x00000000       0x1c ../../../libopencm3/lib/libopencm3_stm32f1.a(assert.o)
 .debug_macro   0x00000000      0x34e ../../../libopencm3/lib/libopencm3_stm32f1.a(assert.o)
 .debug_macro   0x00000000       0x22 ../../../libopencm3/lib/libopencm3_stm32f1.a(assert.o)
 .debug_macro   0x00000000       0xe8 ../../../libopencm3/lib/libopencm3_stm32f1.a(assert.o)
 .debug_macro   0x00000000       0x16 ../../../libopencm3/lib/libopencm3_stm32f1.a(assert.o)
 .debug_line    0x00000000       0xdf ../../../libopencm3/lib/libopencm3_stm32f1.a(assert.o)
 .debug_str     0x00000000     0x3d7d ../../../libopencm3/lib/libopencm3_stm32f1.a(assert.o)
 .comment       0x00000000       0x27 ../../../libopencm3/lib/libopencm3_stm32f1.a(assert.o)
 .debug_frame   0x00000000       0x38 ../../../libopencm3/lib/libopencm3_stm32f1.a(assert.o)
 .ARM.attributes
                0x00000000       0x2d ../../../libopencm3/lib/libopencm3_stm32f1.a(assert.o)
 .group         0x00000000        0xc ../../../libopencm3/lib/libopencm3_stm32f1.a(flash_common_all.o)
 .group         0x00000000        0xc ../../../libopencm3/lib/libopencm3_stm32f1.a(flash_common_all.o)
 .group         0x00000000        0xc ../../../libopencm3/lib/libopencm3_stm32f1.a(flash_common_all.o)
 .group         0x00000000        0xc ../../../libopencm3/lib/libopencm3_stm32f1.a(flash_common_all.o)
 .group         0x00000000        0xc ../../../libopencm3/lib/libopencm3_stm32f1.a(flash_common_all.o)
 .group         0x00000000        0xc ../../../libopencm3/lib/libopencm3_stm32f1.a(flash_common_all.o)
 .group         0x00000000        0xc ../../../libopencm3/lib/libopencm3_stm32f1.a(flash_common_all.o)
 .group         0x00000000        0xc ../../../libopencm3/lib/libopencm3_stm32f1.a(flash_common_all.o)
 .group         0x00000000        0xc ../../../libopencm3/lib/libopencm3_stm32f1.a(flash_common_all.o)
 .text          0x00000000        0x0 ../../../libopencm3/lib/libopencm3_stm32f1.a(flash_common_all.o)
 .data          0x00000000        0x0 ../../../libopencm3/lib/libopencm3_stm32f1.a(flash_common_all.o)
 .bss           0x00000000        0x0 ../../../libopencm3/lib/libopencm3_stm32f1.a(flash_common_all.o)
 .text.flash_prefetch_enable
                0x00000000       0x10 ../../../libopencm3/lib/libopencm3_stm32f1.a(flash_common_all.o)
 .text.flash_prefetch_disable
                0x00000000       0x10 ../../../libopencm3/lib/libopencm3_stm32f1.a(flash_common_all.o)
 .text.flash_unlock_option_bytes
                0x00000000       0x18 ../../../libopencm3/lib/libopencm3_stm32f1.a(flash_common_all.o)
 .debug_macro   0x00000000      0xac0 ../../../libopencm3/lib/libopencm3_stm32f1.a(flash_common_all.o)
 .debug_macro   0x00000000       0x1c ../../../libopencm3/lib/libopencm3_stm32f1.a(flash_common_all.o)
 .debug_macro   0x00000000      0x34e ../../../libopencm3/lib/libopencm3_stm32f1.a(flash_common_all.o)
 .debug_macro   0x00000000       0x22 ../../../libopencm3/lib/libopencm3_stm32f1.a(flash_common_all.o)
 .debug_macro   0x00000000       0xe8 ../../../libopencm3/lib/libopencm3_stm32f1.a(flash_common_all.o)
 .debug_macro   0x00000000       0x76 ../../../libopencm3/lib/libopencm3_stm32f1.a(flash_common_all.o)
 .debug_macro   0x00000000      0x1b4 ../../../libopencm3/lib/libopencm3_stm32f1.a(flash_common_all.o)
 .debug_macro   0x00000000       0xee ../../../libopencm3/lib/libopencm3_stm32f1.a(flash_common_all.o)
 .debug_macro   0x00000000       0x82 ../../../libopencm3/lib/libopencm3_stm32f1.a(flash_common_all.o)

Memory Configuration

Name             Origin             Length             Attributes
rom              0x08000000         0x00010000         xr
ram              0x20000000         0x00005000         xrw
*default*        0x00000000         0xffffffff

Linker script and memory map

LOAD bin/main.o
LOAD ../../../libopencm3/lib/libopencm3_stm32f1.a
LOAD ../../../libopencm3/lib/libopencm3_stm32f1.a
LOAD /usr/lib/gcc/arm-none-eabi/13.2.1/../../../arm-none-eabi/lib/thumb/v7-m/nofp/libc.a
LOAD /usr/lib/gcc/arm-none-eabi/13.2.1/thumb/v7-m/nofp/libgcc.a
LOAD /usr/lib/gcc/arm-none-eabi/13.2.1/../../../arm-none-eabi/lib/thumb/v7-m/nofp/libnosys.a
                0x20005000                        _stack = (ORIGIN (ram) + LENGTH (ram))

.text           0x08000000      0x79c
 *(.vectors)
 .vectors       0x08000000      0x150 ../../../libopencm3/lib/libopencm3_stm32f1.a(vector.o)
                0x08000000                vector_table
 *(.text*)
 .text          0x08000150      0x198 bin/main.o
                0x08000150                tim2_isr
                0x080002cc                main
 .text.gpio_set_mode
                0x080002e8       0x5e ../../../libopencm3/lib/libopencm3_stm32f1.a(gpio.o)
                0x080002e8                gpio_set_mode
 .text.gpio_set
                0x08000346        0x4 ../../../libopencm3/lib/libopencm3_stm32f1.a(gpio_common_all.o)
                0x08000346                gpio_set
 .text.gpio_clear
                0x0800034a        0x6 ../../../libopencm3/lib/libopencm3_stm32f1.a(gpio_common_all.o)
                0x0800034a                gpio_clear
 .text.gpio_get
                0x08000350        0x6 ../../../libopencm3/lib/libopencm3_stm32f1.a(gpio_common_all.o)
                0x08000350                gpio_get
 *fill*         0x08000356        0x2 
 .text.rcc_is_osc_ready
                0x08000358       0x58 ../../../libopencm3/lib/libopencm3_stm32f1.a(rcc.o)
                0x08000358                rcc_is_osc_ready
 .text.rcc_wait_for_osc_ready
                0x080003b0       0x10 ../../../libopencm3/lib/libopencm3_stm32f1.a(rcc.o)
                0x080003b0                rcc_wait_for_osc_ready
 .text.rcc_osc_on
                0x080003c0       0x60 ../../../libopencm3/lib/libopencm3_stm32f1.a(rcc.o)
                0x080003c0                rcc_osc_on
 .text.rcc_set_sysclk_source
                0x08000420       0x14 ../../../libopencm3/lib/libopencm3_stm32f1.a(rcc.o)
                0x08000420                rcc_set_sysclk_source
 .text.rcc_set_pll_multiplication_factor
                0x08000434       0x14 ../../../libopencm3/lib/libopencm3_stm32f1.a(rcc.o)
                0x08000434                rcc_set_pll_multiplication_factor
 .text.rcc_set_pll2_multiplication_factor
                0x08000448       0x14 ../../../libopencm3/lib/libopencm3_stm32f1.a(rcc.o)
                0x08000448                rcc_set_pll2_multiplication_factor
 .text.rcc_set_pll3_multiplication_factor
                0x0800045c       0x14 ../../../libopencm3/lib/libopencm3_stm32f1.a(rcc.o)
                0x0800045c                rcc_set_pll3_multiplication_factor
 .text.rcc_set_pll_source
                0x08000470       0x14 ../../../libopencm3/lib/libopencm3_stm32f1.a(rcc.o)
                0x08000470                rcc_set_pll_source
 .text.rcc_set_pllxtpre
                0x08000484       0x14 ../../../libopencm3/lib/libopencm3_stm32f1.a(rcc.o)
                0x08000484                rcc_set_pllxtpre
 .text.rcc_set_adcpre
                0x08000498       0x14 ../../../libopencm3/lib/libopencm3_stm32f1.a(rcc.o)
                0x08000498                rcc_set_adcpre
 .text.rcc_set_ppre2
                0x080004ac       0x14 ../../../libopencm3/lib/libopencm3_stm32f1.a(rcc.o)
                0x080004ac                rcc_set_ppre2
 .text.rcc_set_ppre1
                0x080004c0       0x14 ../../../libopencm3/lib/libopencm3_stm32f1.a(rcc.o)
                0x080004c0                rcc_set_ppre1
 .text.rcc_set_hpre
                0x080004d4       0x14 ../../../libopencm3/lib/libopencm3_stm32f1.a(rcc.o)
                0x080004d4                rcc_set_hpre
 .text.rcc_set_usbpre
                0x080004e8       0x18 ../../../libopencm3/lib/libopencm3_stm32f1.a(rcc.o)
                0x080004e8                rcc_set_usbpre
 .text.rcc_set_prediv1
                0x08000500       0x14 ../../../libopencm3/lib/libopencm3_stm32f1.a(rcc.o)
                0x08000500                rcc_set_prediv1
 .text.rcc_set_prediv2
                0x08000514       0x14 ../../../libopencm3/lib/libopencm3_stm32f1.a(rcc.o)
                0x08000514                rcc_set_prediv2
 .text.rcc_set_prediv1_source
                0x08000528       0x18 ../../../libopencm3/lib/libopencm3_stm32f1.a(rcc.o)
                0x08000528                rcc_set_prediv1_source
 .text.rcc_clock_setup_pll
                0x08000540       0xbc ../../../libopencm3/lib/libopencm3_stm32f1.a(rcc.o)
                0x08000540                rcc_clock_setup_pll
 .text.rcc_periph_clock_enable
                0x080005fc       0x1a ../../../libopencm3/lib/libopencm3_stm32f1.a(rcc_common_all.o)
                0x080005fc                rcc_periph_clock_enable
 .text.timer_enable_irq
                0x08000616        0x8 ../../../libopencm3/lib/libopencm3_stm32f1.a(timer_common_all.o)
                0x08000616                timer_enable_irq
 .text.timer_get_flag
                0x0800061e        0xc ../../../libopencm3/lib/libopencm3_stm32f1.a(timer_common_all.o)
                0x0800061e                timer_get_flag
 .text.timer_clear_flag
                0x0800062a        0x6 ../../../libopencm3/lib/libopencm3_stm32f1.a(timer_common_all.o)
                0x0800062a                timer_clear_flag
 .text.timer_enable_counter
                0x08000630        0xa ../../../libopencm3/lib/libopencm3_stm32f1.a(timer_common_all.o)
                0x08000630                timer_enable_counter
 .text.timer_disable_counter
                0x0800063a        0xa ../../../libopencm3/lib/libopencm3_stm32f1.a(timer_common_all.o)
                0x0800063a                timer_disable_counter
 .text.timer_set_prescaler
                0x08000644        0x4 ../../../libopencm3/lib/libopencm3_stm32f1.a(timer_common_all.o)
                0x08000644                timer_set_prescaler
 .text.timer_set_period
                0x08000648        0x4 ../../../libopencm3/lib/libopencm3_stm32f1.a(timer_common_all.o)
                0x08000648                timer_set_period
 .text.blocking_handler
                0x0800064c        0x2 ../../../libopencm3/lib/libopencm3_stm32f1.a(vector.o)
                0x0800064c                usart3_isr
                0x0800064c                rtc_isr
                0x0800064c                tim7_isr
                0x0800064c                adc1_2_isr
                0x0800064c                tim1_trg_com_isr
                0x0800064c                usb_hp_can_tx_isr
                0x0800064c                tim6_isr
                0x0800064c                usb_wakeup_isr
                0x0800064c                blocking_handler
                0x0800064c                tim5_isr
                0x0800064c                otg_fs_isr
                0x0800064c                spi1_isr
                0x0800064c                exti2_isr
                0x0800064c                dma1_channel6_isr
                0x0800064c                can_rx1_isr
                0x0800064c                dma1_channel5_isr
                0x0800064c                dma2_channel5_isr
                0x0800064c                usart1_isr
                0x0800064c                usage_fault_handler
                0x0800064c                tim8_trg_com_isr
                0x0800064c                can2_rx0_isr
                0x0800064c                tim1_brk_isr
                0x0800064c                can2_rx1_isr
                0x0800064c                tim1_cc_isr
                0x0800064c                sdio_isr
                0x0800064c                eth_isr
                0x0800064c                dma1_channel4_isr
                0x0800064c                tim8_brk_isr
                0x0800064c                dma2_channel4_5_isr
                0x0800064c                pvd_isr
                0x0800064c                rcc_isr
                0x0800064c                flash_isr
                0x0800064c                uart4_isr
                0x0800064c                rtc_alarm_isr
                0x0800064c                exti15_10_isr
                0x0800064c                hard_fault_handler
                0x0800064c                exti1_isr
                0x0800064c                i2c1_ev_isr
                0x0800064c                dma2_channel1_isr
                0x0800064c                spi2_isr
                0x0800064c                tim8_up_isr
                0x0800064c                dma2_channel2_isr
                0x0800064c                exti3_isr
                0x0800064c                adc3_isr
                0x0800064c                tim3_isr
                0x0800064c                usart2_isr
                0x0800064c                usb_lp_can_rx0_isr
                0x0800064c                i2c2_er_isr
                0x0800064c                i2c2_ev_isr
                0x0800064c                uart5_isr
                0x0800064c                fsmc_isr
                0x0800064c                dma1_channel1_isr
                0x0800064c                exti4_isr
                0x0800064c                mem_manage_handler
                0x0800064c                can2_tx_isr
                0x0800064c                exti9_5_isr
                0x0800064c                dma2_channel3_isr
                0x0800064c                dma1_channel7_isr
                0x0800064c                tim1_up_isr
                0x0800064c                can2_sce_isr
                0x0800064c                tim4_isr
                0x0800064c                dma1_channel2_isr
                0x0800064c                i2c1_er_isr
                0x0800064c                can_sce_isr
                0x0800064c                tim8_cc_isr
                0x0800064c                tamper_isr
                0x0800064c                eth_wkup_isr
                0x0800064c                bus_fault_handler
                0x0800064c                wwdg_isr
                0x0800064c                dma1_channel3_isr
                0x0800064c                spi3_isr
                0x0800064c                exti0_isr
 .text.null_handler
                0x0800064e        0x2 ../../../libopencm3/lib/libopencm3_stm32f1.a(vector.o)
                0x0800064e                null_handler
                0x0800064e                sv_call_handler
                0x0800064e                pend_sv_handler
                0x0800064e                debug_monitor_handler
                0x0800064e                sys_tick_handler
                0x0800064e                nmi_handler
 .text.reset_handler
                0x08000650       0x94 ../../../libopencm3/lib/libopencm3_stm32f1.a(vector.o)
                0x08000650                reset_handler
 .text.nvic_enable_irq
                0x080006e4       0x18 ../../../libopencm3/lib/libopencm3_stm32f1.a(nvic.o)
                0x080006e4                nvic_enable_irq
 .text.flash_set_ws
                0x080006fc       0x14 ../../../libopencm3/lib/libopencm3_stm32f1.a(flash_common_all.o)
                0x080006fc                flash_set_ws
 *(.rodata*)
 .rodata.rcc_hse_configs
                0x08000710       0x8c ../../../libopencm3/lib/libopencm3_stm32f1.a(rcc.o)
                0x08000710                rcc_hse_configs
 *(.glue_7)
 .glue_7        0x0800079c        0x0 linker stubs
 *(.glue_7t)
 .glue_7t       0x0800079c        0x0 linker stubs
 *(.eh_frame)

.vfp11_veneer   0x0800079c        0x0
 .vfp11_veneer  0x0800079c        0x0 linker stubs

.v4_bx          0x0800079c        0x0
 .v4_bx         0x0800079c        0x0 linker stubs

.iplt           0x0800079c        0x0
 .iplt          0x0800079c        0x0 bin/main.o

.rel.dyn        0x0800079c        0x0
 .rel.iplt      0x0800079c        0x0 bin/main.o

.ARM.exidx      0x0800079c        0x0
                0x0800079c                        __exidx_start = .
 *(.ARM.exidx*)
                0x0800079c                        __exidx_end = .

.data           0x20000000       0x14 load address 0x0800079c
                0x20000000                        _data = .
                0x0800079c                        _data_loadaddr = LOADADDR (.data)
 *(.data*)
 .data          0x20000000        0x8 bin/main.o
                0x20000000                estado_estable
                0x20000004                estado_anterior
 .data.rcc_ahb_frequency
                0x20000008        0x4 ../../../libopencm3/lib/libopencm3_stm32f1.a(rcc.o)
                0x20000008                rcc_ahb_frequency
 .data.rcc_apb2_frequency
                0x2000000c        0x4 ../../../libopencm3/lib/libopencm3_stm32f1.a(rcc.o)
                0x2000000c                rcc_apb2_frequency
 .data.rcc_apb1_frequency
                0x20000010        0x4 ../../../libopencm3/lib/libopencm3_stm32f1.a(rcc.o)
                0x20000010                rcc_apb1_frequency
                0x20000014                        . = ALIGN (0x4)
                0x20000014                        _edata = .

.igot.plt       0x20000014        0x0 load address 0x080007b0
 .igot.plt      0x20000014        0x0 bin/main.o

.bss            0x20000014        0x8 load address 0x080007b0
                0x20000014                        _bss = .
 *(.bss*)
 .bss           0x20000014        0x8 bin/main.o
                0x20000014                contador_estabilidad
                0x20000018                led_on
 *(COMMON)
                0x2000001c                        . = ALIGN (0x4)
                0x2000001c                        _ebss = .

.init_array     0x2000001c        0x0
                0x2000001c                        __init_array_start = .
 *(.init_array*)
                0x2000001c                        __init_array_end = .

.fini_array     0x2000001c        0x0
                0x2000001c                        __fini_array_start = .
 *(.fini_array*)
                0x2000001c                        __fini_array_end = .

.preinit_array  0x2000001c        0x0
                0x2000001c                        __preinit_array_start = .
 *(.preinit_array*)
                0x2000001c                        __preinit_array_end = .
                0x0800079c                        _etext = (LOADADDR (.text) + SIZEOF (.text))
OUTPUT(bin/main.elf elf32-littlearm)
LOAD linker stubs

.debug_info     0x00000000     0x39cc
 .debug_info    0x00000000      0x58c bin/main.o
 .debug_info    0x0000058c      0x1d1 ../../../libopencm3/lib/libopencm3_stm32f1.a(gpio.o)
 .debug_info    0x0000075d      0x23a ../../../libopencm3/lib/libopencm3_stm32f1.a(gpio_common_all.o)
 .debug_info    0x00000997     0x14b6 ../../../libopencm3/lib/libopencm3_stm32f1.a(rcc.o)
 .debug_info    0x00001e4d      0x5e6 ../../../libopencm3/lib/libopencm3_stm32f1.a(rcc_common_all.o)
 .debug_info    0x00002433      0xfea ../../../libopencm3/lib/libopencm3_stm32f1.a(timer_common_all.o)
 .debug_info    0x0000341d      0x2b8 ../../../libopencm3/lib/libopencm3_stm32f1.a(vector.o)
 .debug_info    0x000036d5      0x212 ../../../libopencm3/lib/libopencm3_stm32f1.a(nvic.o)
 .debug_info    0x000038e7       0xe5 ../../../libopencm3/lib/libopencm3_stm32f1.a(flash_common_all.o)

.debug_abbrev   0x00000000      0xc11
 .debug_abbrev  0x00000000      0x19f bin/main.o
 .debug_abbrev  0x0000019f       0xd3 ../../../libopencm3/lib/libopencm3_stm32f1.a(gpio.o)
 .debug_abbrev  0x00000272      0x117 ../../../libopencm3/lib/libopencm3_stm32f1.a(gpio_common_all.o)
 .debug_abbrev  0x00000389      0x2bf ../../../libopencm3/lib/libopencm3_stm32f1.a(rcc.o)
 .debug_abbrev  0x00000648      0x186 ../../../libopencm3/lib/libopencm3_stm32f1.a(rcc_common_all.o)
 .debug_abbrev  0x000007ce      0x1ad ../../../libopencm3/lib/libopencm3_stm32f1.a(timer_common_all.o)
 .debug_abbrev  0x0000097b      0x149 ../../../libopencm3/lib/libopencm3_stm32f1.a(vector.o)
 .debug_abbrev  0x00000ac4       0xb7 ../../../libopencm3/lib/libopencm3_stm32f1.a(nvic.o)
 .debug_abbrev  0x00000b7b       0x96 ../../../libopencm3/lib/libopencm3_stm32f1.a(flash_common_all.o)

.debug_aranges  0x00000000      0x5d8
 .debug_aranges
                0x00000000       0x20 bin/main.o
 .debug_aranges
                0x00000020       0x38 ../../../libopencm3/lib/libopencm3_stm32f1.a(gpio.o)
 .debug_aranges
                0x00000058       0x50 ../../../libopencm3/lib/libopencm3_stm32f1.a(gpio_common_all.o)
 .debug_aranges
                0x000000a8      0x170 ../../../libopencm3/lib/libopencm3_stm32f1.a(rcc.o)
 .debug_aranges
                0x00000218       0x80 ../../../libopencm3/lib/libopencm3_stm32f1.a(rcc_common_all.o)
 .debug_aranges
                0x00000298      0x278 ../../../libopencm3/lib/libopencm3_stm32f1.a(timer_common_all.o)
 .debug_aranges
                0x00000510       0x30 ../../../libopencm3/lib/libopencm3_stm32f1.a(vector.o)
 .debug_aranges
                0x00000540       0x60 ../../../libopencm3/lib/libopencm3_stm32f1.a(nvic.o)
 .debug_aranges
                0x000005a0       0x38 ../../../libopencm3/lib/libopencm3_stm32f1.a(flash_common_all.o)

.debug_rnglists
                0x00000000      0x48b
 .debug_rnglists
                0x00000000       0x16 bin/main.o
 .debug_rnglists
                0x00000016       0x25 ../../../libopencm3/lib/libopencm3_stm32f1.a(gpio.o)
 .debug_rnglists
                0x0000003b       0x37 ../../../libopencm3/lib/libopencm3_stm32f1.a(gpio_common_all.o)
 .debug_rnglists
                0x00000072      0x160 ../../../libopencm3/lib/libopencm3_stm32f1.a(rcc.o)
 .debug_rnglists
                0x000001d2       0x5b ../../../libopencm3/lib/libopencm3_stm32f1.a(rcc_common_all.o)
 .debug_rnglists
                0x0000022d      0x1d6 ../../../libopencm3/lib/libopencm3_stm32f1.a(timer_common_all.o)
 .debug_rnglists
                0x00000403       0x20 ../../../libopencm3/lib/libopencm3_stm32f1.a(vector.o)
 .debug_rnglists
                0x00000423       0x43 ../../../libopencm3/lib/libopencm3_stm32f1.a(nvic.o)
 .debug_rnglists
                0x00000466       0x25 ../../../libopencm3/lib/libopencm3_stm32f1.a(flash_common_all.o)

.debug_line     0x00000000     0x2d19
 .debug_line    0x00000000      0x1e4 bin/main.o
 .debug_line    0x000001e4      0x293 ../../../libopencm3/lib/libopencm3_stm32f1.a(gpio.o)
 .debug_line    0x00000477      0x27b ../../../libopencm3/lib/libopencm3_stm32f1.a(gpio_common_all.o)
 .debug_line    0x000006f2      0xc28 ../../../libopencm3/lib/libopencm3_stm32f1.a(rcc.o)
 .debug_line    0x0000131a      0x322 ../../../libopencm3/lib/libopencm3_stm32f1.a(rcc_common_all.o)
 .debug_line    0x0000163c      0xf61 ../../../libopencm3/lib/libopencm3_stm32f1.a(timer_common_all.o)
 .debug_line    0x0000259d      0x2ad ../../../libopencm3/lib/libopencm3_stm32f1.a(vector.o)
 .debug_line    0x0000284a      0x2a3 ../../../libopencm3/lib/libopencm3_stm32f1.a(nvic.o)
 .debug_line    0x00002aed      0x22c ../../../libopencm3/lib/libopencm3_stm32f1.a(flash_common_all.o)

.debug_str      0x00000000    0x12e80
 .debug_str     0x00000000    0x12e80 bin/main.o
                                0x692 (size before relaxing)
 .debug_str     0x00012e80     0x82ba ../../../libopencm3/lib/libopencm3_stm32f1.a(gpio.o)
 .debug_str     0x00012e80     0x82b8 ../../../libopencm3/lib/libopencm3_stm32f1.a(gpio_common_all.o)
 .debug_str     0x00012e80     0x7f1a ../../../libopencm3/lib/libopencm3_stm32f1.a(rcc.o)
 .debug_str     0x00012e80     0x761d ../../../libopencm3/lib/libopencm3_stm32f1.a(rcc_common_all.o)
 .debug_str     0x00012e80     0xbbc4 ../../../libopencm3/lib/libopencm3_stm32f1.a(timer_common_all.o)
 .debug_str     0x00012e80     0x6309 ../../../libopencm3/lib/libopencm3_stm32f1.a(vector.o)
 .debug_str     0x00012e80     0x58d6 ../../../libopencm3/lib/libopencm3_stm32f1.a(nvic.o)
 .debug_str     0x00012e80     0x5208 ../../../libopencm3/lib/libopencm3_stm32f1.a(flash_common_all.o)

.comment        0x00000000       0x26
 .comment       0x00000000       0x26 bin/main.o
                                 0x27 (size before relaxing)
 .comment       0x00000026       0x27 ../../../libopencm3/lib/libopencm3_stm32f1.a(gpio.o)
 .comment       0x00000026       0x27 ../../../libopencm3/lib/libopencm3_stm32f1.a(gpio_common_all.o)
 .comment       0x00000026       0x27 ../../../libopencm3/lib/libopencm3_stm32f1.a(rcc.o)
 .comment       0x00000026       0x27 ../../../libopencm3/lib/libopencm3_stm32f1.a(rcc_common_all.o)
 .comment       0x00000026       0x27 ../../../libopencm3/lib/libopencm3_stm32f1.a(timer_common_all.o)
 .comment       0x00000026       0x27 ../../../libopencm3/lib/libopencm3_stm32f1.a(vector.o)
 .comment       0x00000026       0x27 ../../../libopencm3/lib/libopencm3_stm32f1.a(nvic.o)
 .comment       0x00000026       0x27 ../../../libopencm3/lib/libopencm3_stm32f1.a(flash_common_all.o)

.ARM.attributes
                0x00000000       0x2d
 .ARM.attributes
                0x00000000       0x2d bin/main.o
 .ARM.attributes
                0x0000002d       0x2d ../../../libopencm3/lib/libopencm3_stm32f1.a(gpio.o)
 .ARM.attributes
                0x0000005a       0x2d ../../../libopencm3/lib/libopencm3_stm32f1.a(gpio_common_all.o)
 .ARM.attributes
                0x00000087       0x2d ../../../libopencm3/lib/libopencm3_stm32f1.a(rcc.o)
 .ARM.attributes
                0x000000b4       0x2d ../../../libopencm3/lib/libopencm3_stm32f1.a(rcc_common_all.o)
 .ARM.attributes
                0x000000e1       0x2d ../../../libopencm3/lib/libopencm3_stm32f1.a(timer_common_all.o)
 .ARM.attributes
                0x0000010e       0x2d ../../../libopencm3/lib/libopencm3_stm32f1.a(vector.o)
 .ARM.attributes
                0x0000013b       0x2d ../../../libopencm3/lib/libopencm3_stm32f1.a(nvic.o)
 .ARM.attributes
                0x00000168       0x2d ../../../libopencm3/lib/libopencm3_stm32f1.a(flash_common_all.o)

.debug_frame    0x00000000      0xb74
 .debug_frame   0x00000000       0x88 bin/main.o
 .debug_frame   0x00000088       0x60 ../../../libopencm3/lib/libopencm3_stm32f1.a(gpio.o)
 .debug_frame   0x000000e8       0x80 ../../../libopencm3/lib/libopencm3_stm32f1.a(gpio_common_all.o)
 .debug_frame   0x00000168      0x318 ../../../libopencm3/lib/libopencm3_stm32f1.a(rcc.o)
 .debug_frame   0x00000480       0xe0 ../../../libopencm3/lib/libopencm3_stm32f1.a(rcc_common_all.o)
 .debug_frame   0x00000560      0x4d8 ../../../libopencm3/lib/libopencm3_stm32f1.a(timer_common_all.o)
 .debug_frame   0x00000a38       0x4c ../../../libopencm3/lib/libopencm3_stm32f1.a(vector.o)
 .debug_frame   0x00000a84       0xa0 ../../../libopencm3/lib/libopencm3_stm32f1.a(nvic.o)
 .debug_frame   0x00000b24       0x50 ../../../libopencm3/lib/libopencm3_stm32f1.a(flash_common_all.o)

.debug_loclists
                0x00000000      0x870
 .debug_loclists
                0x00000000       0xd5 ../../../libopencm3/lib/libopencm3_stm32f1.a(gpio.o)
 .debug_loclists
                0x000000d5       0x96 ../../../libopencm3/lib/libopencm3_stm32f1.a(gpio_common_all.o)
 .debug_loclists
                0x0000016b      0x2cb ../../../libopencm3/lib/libopencm3_stm32f1.a(rcc.o)
 .debug_loclists
                0x00000436       0x87 ../../../libopencm3/lib/libopencm3_stm32f1.a(rcc_common_all.o)
 .debug_loclists
                0x000004bd      0x1d5 ../../../libopencm3/lib/libopencm3_stm32f1.a(timer_common_all.o)
 .debug_loclists
                0x00000692       0xb6 ../../../libopencm3/lib/libopencm3_stm32f1.a(vector.o)
 .debug_loclists
                0x00000748      0x111 ../../../libopencm3/lib/libopencm3_stm32f1.a(nvic.o)
 .debug_loclists
                0x00000859       0x17 ../../../libopencm3/lib/libopencm3_stm32f1.a(flash_common_all.o)

.debug_macro    0x00000000     0x4769
 .debug_macro   0x00000000       0x6f ../../../libopencm3/lib/libopencm3_stm32f1.a(gpio.o)
 .debug_macro   0x0000006f      0xac0 ../../../libopencm3/lib/libopencm3_stm32f1.a(gpio.o)
 .debug_macro   0x00000b2f       0x1c ../../../libopencm3/lib/libopencm3_stm32f1.a(gpio.o)
 .debug_macro   0x00000b4b      0x34e ../../../libopencm3/lib/libopencm3_stm32f1.a(gpio.o)
 .debug_macro   0x00000e99       0x22 ../../../libopencm3/lib/libopencm3_stm32f1.a(gpio.o)
 .debug_macro   0x00000ebb       0xe8 ../../../libopencm3/lib/libopencm3_stm32f1.a(gpio.o)
 .debug_macro   0x00000fa3       0x76 ../../../libopencm3/lib/libopencm3_stm32f1.a(gpio.o)
 .debug_macro   0x00001019      0x1b4 ../../../libopencm3/lib/libopencm3_stm32f1.a(gpio.o)
 .debug_macro   0x000011cd       0x76 ../../../libopencm3/lib/libopencm3_stm32f1.a(gpio.o)
 .debug_macro   0x00001243      0xe2e ../../../libopencm3/lib/libopencm3_stm32f1.a(gpio.o)
 .debug_macro   0x00002071       0x6f ../../../libopencm3/lib/libopencm3_stm32f1.a(gpio_common_all.o)
 .debug_macro   0x000020e0       0x9e ../../../libopencm3/lib/libopencm3_stm32f1.a(rcc.o)
 .debug_macro   0x0000217e       0x16 ../../../libopencm3/lib/libopencm3_stm32f1.a(rcc.o)
 .debug_macro   0x00002194      0x8c6 ../../../libopencm3/lib/libopencm3_stm32f1.a(rcc.o)
 .debug_macro   0x00002a5a       0xee ../../../libopencm3/lib/libopencm3_stm32f1.a(rcc.o)
 .debug_macro   0x00002b48       0x82 ../../../libopencm3/lib/libopencm3_stm32f1.a(rcc.o)
 .debug_macro   0x00002bca       0x85 ../../../libopencm3/lib/libopencm3_stm32f1.a(rcc_common_all.o)
 .debug_macro   0x00002c4f       0x7c ../../../libopencm3/lib/libopencm3_stm32f1.a(timer_common_all.o)
 .debug_macro   0x00002ccb      0xf8f ../../../libopencm3/lib/libopencm3_stm32f1.a(timer_common_all.o)
 .debug_macro   0x00003c5a       0x86 ../../../libopencm3/lib/libopencm3_stm32f1.a(vector.o)
 .debug_macro   0x00003ce0      0x395 ../../../libopencm3/lib/libopencm3_stm32f1.a(vector.o)
 .debug_macro   0x00004075       0x6e ../../../libopencm3/lib/libopencm3_stm32f1.a(vector.o)
 .debug_macro   0x000040e3      0x1a2 ../../../libopencm3/lib/libopencm3_stm32f1.a(vector.o)
 .debug_macro   0x00004285       0x6a ../../../libopencm3/lib/libopencm3_stm32f1.a(nvic.o)
 .debug_macro   0x000042ef       0x68 ../../../libopencm3/lib/libopencm3_stm32f1.a(nvic.o)
 .debug_macro   0x00004357      0x39b ../../../libopencm3/lib/libopencm3_stm32f1.a(nvic.o)
 .debug_macro   0x000046f2       0x77 ../../../libopencm3/lib/libopencm3_stm32f1.a(flash_common_all.o)
