Archive member included to satisfy reference by file (symbol)

../../libopencm3/lib/libopencm3_stm32f1.a(gpio.o)
                              bin/main.o (gpio_set_mode)
../../libopencm3/lib/libopencm3_stm32f1.a(gpio_common_all.o)
                              bin/main.o (gpio_set)
../../libopencm3/lib/libopencm3_stm32f1.a(rcc.o)
                              bin/main.o (rcc_clock_setup_pll)
../../libopencm3/lib/libopencm3_stm32f1.a(rcc_common_all.o)
                              bin/main.o (rcc_periph_clock_enable)
../../libopencm3/lib/libopencm3_stm32f1.a(timer_common_all.o)
                              bin/main.o (timer_enable_irq)
../../libopencm3/lib/libopencm3_stm32f1.a(vector.o)
                              (reset_handler)
../../libopencm3/lib/libopencm3_stm32f1.a(nvic.o)
                              bin/main.o (nvic_enable_irq)
../../libopencm3/lib/libopencm3_stm32f1.a(assert.o)
                              ../../libopencm3/lib/libopencm3_stm32f1.a(rcc.o) (cm3_assert_failed)
../../libopencm3/lib/libopencm3_stm32f1.a(flash_common_all.o)
                              ../../libopencm3/lib/libopencm3_stm32f1.a(rcc.o) (flash_set_ws)

Discarded input sections

 .data          0x00000000        0x0 bin/main.o
 .group         0x00000000        0xc ../../libopencm3/lib/libopencm3_stm32f1.a(gpio.o)
 .group         0x00000000        0xc ../../libopencm3/lib/libopencm3_stm32f1.a(gpio.o)
 .group         0x00000000        0xc ../../libopencm3/lib/libopencm3_stm32f1.a(gpio.o)
 .group         0x00000000        0xc ../../libopencm3/lib/libopencm3_stm32f1.a(gpio.o)
 .group         0x00000000        0xc ../../libopencm3/lib/libopencm3_stm32f1.a(gpio.o)
 .group         0x00000000        0xc ../../libopencm3/lib/libopencm3_stm32f1.a(gpio.o)
 .group         0x00000000        0xc ../../libopencm3/lib/libopencm3_stm32f1.a(gpio.o)
 .group         0x00000000        0xc ../../libopencm3/lib/libopencm3_stm32f1.a(gpio.o)
 .group         0x00000000        0xc ../../libopencm3/lib/libopencm3_stm32f1.a(gpio.o)
 .text          0x00000000        0x0 ../../libopencm3/lib/libopencm3_stm32f1.a(gpio.o)
 .data          0x00000000        0x0 ../../libopencm3/lib/libopencm3_stm32f1.a(gpio.o)
 .bss           0x00000000        0x0 ../../libopencm3/lib/libopencm3_stm32f1.a(gpio.o)
 .text.gpio_set_eventout
                0x00000000       0x10 ../../libopencm3/lib/libopencm3_stm32f1.a(gpio.o)
 .text.gpio_primary_remap
                0x00000000       0x14 ../../libopencm3/lib/libopencm3_stm32f1.a(gpio.o)
 .text.gpio_secondary_remap
                0x00000000       0x10 ../../libopencm3/lib/libopencm3_stm32f1.a(gpio.o)
 .group         0x00000000        0xc ../../libopencm3/lib/libopencm3_stm32f1.a(gpio_common_all.o)
 .group         0x00000000        0xc ../../libopencm3/lib/libopencm3_stm32f1.a(gpio_common_all.o)
 .group         0x00000000        0xc ../../libopencm3/lib/libopencm3_stm32f1.a(gpio_common_all.o)
 .group         0x00000000        0xc ../../libopencm3/lib/libopencm3_stm32f1.a(gpio_common_all.o)
 .group         0x00000000        0xc ../../libopencm3/lib/libopencm3_stm32f1.a(gpio_common_all.o)
 .group         0x00000000        0xc ../../libopencm3/lib/libopencm3_stm32f1.a(gpio_common_all.o)
 .group         0x00000000        0xc ../../libopencm3/lib/libopencm3_stm32f1.a(gpio_common_all.o)
 .group         0x00000000        0xc ../../libopencm3/lib/libopencm3_stm32f1.a(gpio_common_all.o)
 .group         0x00000000        0xc ../../libopencm3/lib/libopencm3_stm32f1.a(gpio_common_all.o)
 .text          0x00000000        0x0 ../../libopencm3/lib/libopencm3_stm32f1.a(gpio_common_all.o)
 .data          0x00000000        0x0 ../../libopencm3/lib/libopencm3_stm32f1.a(gpio_common_all.o)
 .bss           0x00000000        0x0 ../../libopencm3/lib/libopencm3_stm32f1.a(gpio_common_all.o)
 .text.gpio_clear
                0x00000000        0x6 ../../libopencm3/lib/libopencm3_stm32f1.a(gpio_common_all.o)
 .text.gpio_get
                0x00000000        0x6 ../../libopencm3/lib/libopencm3_stm32f1.a(gpio_common_all.o)
 .text.gpio_port_read
                0x00000000        0x6 ../../libopencm3/lib/libopencm3_stm32f1.a(gpio_common_all.o)
 .text.gpio_port_write
                0x00000000        0x4 ../../libopencm3/lib/libopencm3_stm32f1.a(gpio_common_all.o)
 .text.gpio_port_config_lock
                0x00000000       0x10 ../../libopencm3/lib/libopencm3_stm32f1.a(gpio_common_all.o)
 .debug_macro   0x00000000      0xac0 ../../libopencm3/lib/libopencm3_stm32f1.a(gpio_common_all.o)
 .debug_macro   0x00000000       0x1c ../../libopencm3/lib/libopencm3_stm32f1.a(gpio_common_all.o)
 .debug_macro   0x00000000      0x34e ../../libopencm3/lib/libopencm3_stm32f1.a(gpio_common_all.o)
 .debug_macro   0x00000000       0x22 ../../libopencm3/lib/libopencm3_stm32f1.a(gpio_common_all.o)
 .debug_macro   0x00000000       0xe8 ../../libopencm3/lib/libopencm3_stm32f1.a(gpio_common_all.o)
 .debug_macro   0x00000000       0x76 ../../libopencm3/lib/libopencm3_stm32f1.a(gpio_common_all.o)
 .debug_macro   0x00000000      0x1b4 ../../libopencm3/lib/libopencm3_stm32f1.a(gpio_common_all.o)
 .debug_macro   0x00000000       0x76 ../../libopencm3/lib/libopencm3_stm32f1.a(gpio_common_all.o)
 .debug_macro   0x00000000      0xe2e ../../libopencm3/lib/libopencm3_stm32f1.a(gpio_common_all.o)
 .group         0x00000000        0xc ../../libopencm3/lib/libopencm3_stm32f1.a(rcc.o)
 .group         0x00000000        0xc ../../libopencm3/lib/libopencm3_stm32f1.a(rcc.o)
 .group         0x00000000        0xc ../../libopencm3/lib/libopencm3_stm32f1.a(rcc.o)
 .group         0x00000000        0xc ../../libopencm3/lib/libopencm3_stm32f1.a(rcc.o)
 .group         0x00000000        0xc ../../libopencm3/lib/libopencm3_stm32f1.a(rcc.o)
 .group         0x00000000        0xc ../../libopencm3/lib/libopencm3_stm32f1.a(rcc.o)
 .group         0x00000000        0xc ../../libopencm3/lib/libopencm3_stm32f1.a(rcc.o)
 .group         0x00000000        0xc ../../libopencm3/lib/libopencm3_stm32f1.a(rcc.o)
 .group         0x00000000        0xc ../../libopencm3/lib/libopencm3_stm32f1.a(rcc.o)
 .group         0x00000000        0xc ../../libopencm3/lib/libopencm3_stm32f1.a(rcc.o)
 .group         0x00000000        0xc ../../libopencm3/lib/libopencm3_stm32f1.a(rcc.o)
 .text          0x00000000        0x0 ../../libopencm3/lib/libopencm3_stm32f1.a(rcc.o)
 .data          0x00000000        0x0 ../../libopencm3/lib/libopencm3_stm32f1.a(rcc.o)
 .bss           0x00000000        0x0 ../../libopencm3/lib/libopencm3_stm32f1.a(rcc.o)
 .text.rcc_osc_ready_int_clear
                0x00000000       0x5c ../../libopencm3/lib/libopencm3_stm32f1.a(rcc.o)
 .text.rcc_osc_ready_int_enable
                0x00000000       0x5c ../../libopencm3/lib/libopencm3_stm32f1.a(rcc.o)
 .text.rcc_osc_ready_int_disable
                0x00000000       0x5c ../../libopencm3/lib/libopencm3_stm32f1.a(rcc.o)
 .text.rcc_osc_ready_int_flag
                0x00000000       0x54 ../../libopencm3/lib/libopencm3_stm32f1.a(rcc.o)
 .text.rcc_css_int_clear
                0x00000000       0x10 ../../libopencm3/lib/libopencm3_stm32f1.a(rcc.o)
 .text.rcc_css_int_flag
                0x00000000       0x10 ../../libopencm3/lib/libopencm3_stm32f1.a(rcc.o)
 .text.rcc_osc_off
                0x00000000       0x60 ../../libopencm3/lib/libopencm3_stm32f1.a(rcc.o)
 .text.rcc_css_enable
                0x00000000       0x10 ../../libopencm3/lib/libopencm3_stm32f1.a(rcc.o)
 .text.rcc_css_disable
                0x00000000       0x10 ../../libopencm3/lib/libopencm3_stm32f1.a(rcc.o)
 .text.rcc_rtc_clock_enabled_flag
                0x00000000       0x10 ../../libopencm3/lib/libopencm3_stm32f1.a(rcc.o)
 .text.rcc_enable_rtc_clock
                0x00000000       0x10 ../../libopencm3/lib/libopencm3_stm32f1.a(rcc.o)
 .text.rcc_set_rtc_clock_source
                0x00000000       0x84 ../../libopencm3/lib/libopencm3_stm32f1.a(rcc.o)
 .text.rcc_system_clock_source
                0x00000000       0x10 ../../libopencm3/lib/libopencm3_stm32f1.a(rcc.o)
 .text.rcc_clock_setup_in_hsi_out_64mhz
                0x00000000       0x70 ../../libopencm3/lib/libopencm3_stm32f1.a(rcc.o)
 .text.rcc_clock_setup_in_hsi_out_48mhz
                0x00000000       0x7c ../../libopencm3/lib/libopencm3_stm32f1.a(rcc.o)
 .text.rcc_clock_setup_in_hsi_out_24mhz
                0x00000000       0x60 ../../libopencm3/lib/libopencm3_stm32f1.a(rcc.o)
 .text.rcc_clock_setup_in_hse_8mhz_out_24mhz
                0x00000000       0x78 ../../libopencm3/lib/libopencm3_stm32f1.a(rcc.o)
 .text.rcc_clock_setup_in_hse_8mhz_out_72mhz
                0x00000000       0x88 ../../libopencm3/lib/libopencm3_stm32f1.a(rcc.o)
 .text.rcc_clock_setup_in_hse_12mhz_out_72mhz
                0x00000000       0x88 ../../libopencm3/lib/libopencm3_stm32f1.a(rcc.o)
 .text.rcc_clock_setup_in_hse_16mhz_out_72mhz
                0x00000000       0x88 ../../libopencm3/lib/libopencm3_stm32f1.a(rcc.o)
 .text.rcc_clock_setup_in_hse_25mhz_out_72mhz
                0x00000000       0xa8 ../../libopencm3/lib/libopencm3_stm32f1.a(rcc.o)
 .text.rcc_backupdomain_reset
                0x00000000       0x18 ../../libopencm3/lib/libopencm3_stm32f1.a(rcc.o)
 .text.rcc_get_usart_clk_freq
                0x00000000       0x1c ../../libopencm3/lib/libopencm3_stm32f1.a(rcc.o)
 .text.rcc_get_timer_clk_freq
                0x00000000       0x34 ../../libopencm3/lib/libopencm3_stm32f1.a(rcc.o)
 .text.rcc_get_i2c_clk_freq
                0x00000000        0xc ../../libopencm3/lib/libopencm3_stm32f1.a(rcc.o)
 .rodata.rcc_hsi_configs
                0x00000000       0x54 ../../libopencm3/lib/libopencm3_stm32f1.a(rcc.o)
 .debug_macro   0x00000000      0xac0 ../../libopencm3/lib/libopencm3_stm32f1.a(rcc.o)
 .debug_macro   0x00000000       0x1c ../../libopencm3/lib/libopencm3_stm32f1.a(rcc.o)
 .debug_macro   0x00000000      0x34e ../../libopencm3/lib/libopencm3_stm32f1.a(rcc.o)
 .debug_macro   0x00000000       0x22 ../../libopencm3/lib/libopencm3_stm32f1.a(rcc.o)
 .debug_macro   0x00000000       0xe8 ../../libopencm3/lib/libopencm3_stm32f1.a(rcc.o)
 .debug_macro   0x00000000       0x76 ../../libopencm3/lib/libopencm3_stm32f1.a(rcc.o)
 .debug_macro   0x00000000      0x1b4 ../../libopencm3/lib/libopencm3_stm32f1.a(rcc.o)
 .group         0x00000000        0xc ../../libopencm3/lib/libopencm3_stm32f1.a(rcc_common_all.o)
 .group         0x00000000        0xc ../../libopencm3/lib/libopencm3_stm32f1.a(rcc_common_all.o)
 .group         0x00000000        0xc ../../libopencm3/lib/libopencm3_stm32f1.a(rcc_common_all.o)
 .group         0x00000000        0xc ../../libopencm3/lib/libopencm3_stm32f1.a(rcc_common_all.o)
 .group         0x00000000        0xc ../../libopencm3/lib/libopencm3_stm32f1.a(rcc_common_all.o)
 .group         0x00000000        0xc ../../libopencm3/lib/libopencm3_stm32f1.a(rcc_common_all.o)
 .group         0x00000000        0xc ../../libopencm3/lib/libopencm3_stm32f1.a(rcc_common_all.o)
 .group         0x00000000        0xc ../../libopencm3/lib/libopencm3_stm32f1.a(rcc_common_all.o)
 .text          0x00000000        0x0 ../../libopencm3/lib/libopencm3_stm32f1.a(rcc_common_all.o)
 .data          0x00000000        0x0 ../../libopencm3/lib/libopencm3_stm32f1.a(rcc_common_all.o)
 .bss           0x00000000        0x0 ../../libopencm3/lib/libopencm3_stm32f1.a(rcc_common_all.o)
 .text.rcc_peripheral_enable_clock
                0x00000000        0x8 ../../libopencm3/lib/libopencm3_stm32f1.a(rcc_common_all.o)
 .text.rcc_peripheral_disable_clock
                0x00000000        0xa ../../libopencm3/lib/libopencm3_stm32f1.a(rcc_common_all.o)
 .text.rcc_peripheral_reset
                0x00000000        0x8 ../../libopencm3/lib/libopencm3_stm32f1.a(rcc_common_all.o)
 .text.rcc_peripheral_clear_reset
                0x00000000        0xa ../../libopencm3/lib/libopencm3_stm32f1.a(rcc_common_all.o)
 .text.rcc_periph_clock_disable
                0x00000000       0x1c ../../libopencm3/lib/libopencm3_stm32f1.a(rcc_common_all.o)
 .text.rcc_periph_reset_pulse
                0x00000000       0x22 ../../libopencm3/lib/libopencm3_stm32f1.a(rcc_common_all.o)
 .text.rcc_periph_reset_hold
                0x00000000        0x4 ../../libopencm3/lib/libopencm3_stm32f1.a(rcc_common_all.o)
 .text.rcc_periph_reset_release
                0x00000000        0x4 ../../libopencm3/lib/libopencm3_stm32f1.a(rcc_common_all.o)
 .text.rcc_set_mco
                0x00000000       0x14 ../../libopencm3/lib/libopencm3_stm32f1.a(rcc_common_all.o)
 .text.rcc_osc_bypass_enable
                0x00000000       0x28 ../../libopencm3/lib/libopencm3_stm32f1.a(rcc_common_all.o)
 .text.rcc_osc_bypass_disable
                0x00000000       0x28 ../../libopencm3/lib/libopencm3_stm32f1.a(rcc_common_all.o)
 .text.rcc_get_div_from_hpre
                0x00000000       0x18 ../../libopencm3/lib/libopencm3_stm32f1.a(rcc_common_all.o)
 .debug_macro   0x00000000      0xac0 ../../libopencm3/lib/libopencm3_stm32f1.a(rcc_common_all.o)
 .debug_macro   0x00000000       0x1c ../../libopencm3/lib/libopencm3_stm32f1.a(rcc_common_all.o)
 .debug_macro   0x00000000      0x34e ../../libopencm3/lib/libopencm3_stm32f1.a(rcc_common_all.o)
 .debug_macro   0x00000000       0x22 ../../libopencm3/lib/libopencm3_stm32f1.a(rcc_common_all.o)
 .debug_macro   0x00000000       0xe8 ../../libopencm3/lib/libopencm3_stm32f1.a(rcc_common_all.o)
 .debug_macro   0x00000000       0x76 ../../libopencm3/lib/libopencm3_stm32f1.a(rcc_common_all.o)
 .debug_macro   0x00000000      0x1b4 ../../libopencm3/lib/libopencm3_stm32f1.a(rcc_common_all.o)
 .debug_macro   0x00000000      0x8c6 ../../libopencm3/lib/libopencm3_stm32f1.a(rcc_common_all.o)
 .group         0x00000000        0xc ../../libopencm3/lib/libopencm3_stm32f1.a(timer_common_all.o)
 .group         0x00000000        0xc ../../libopencm3/lib/libopencm3_stm32f1.a(timer_common_all.o)
 .group         0x00000000        0xc ../../libopencm3/lib/libopencm3_stm32f1.a(timer_common_all.o)
 .group         0x00000000        0xc ../../libopencm3/lib/libopencm3_stm32f1.a(timer_common_all.o)
 .group         0x00000000        0xc ../../libopencm3/lib/libopencm3_stm32f1.a(timer_common_all.o)
 .group         0x00000000        0xc ../../libopencm3/lib/libopencm3_stm32f1.a(timer_common_all.o)
 .group         0x00000000        0xc ../../libopencm3/lib/libopencm3_stm32f1.a(timer_common_all.o)
 .group         0x00000000        0xc ../../libopencm3/lib/libopencm3_stm32f1.a(timer_common_all.o)
 .group         0x00000000        0xc ../../libopencm3/lib/libopencm3_stm32f1.a(timer_common_all.o)
 .text          0x00000000        0x0 ../../libopencm3/lib/libopencm3_stm32f1.a(timer_common_all.o)
 .data          0x00000000        0x0 ../../libopencm3/lib/libopencm3_stm32f1.a(timer_common_all.o)
 .bss           0x00000000        0x0 ../../libopencm3/lib/libopencm3_stm32f1.a(timer_common_all.o)
 .text.timer_disable_irq
                0x00000000        0xa ../../libopencm3/lib/libopencm3_stm32f1.a(timer_common_all.o)
 .text.timer_interrupt_source
                0x00000000       0x14 ../../libopencm3/lib/libopencm3_stm32f1.a(timer_common_all.o)
 .text.timer_set_mode
                0x00000000       0x12 ../../libopencm3/lib/libopencm3_stm32f1.a(timer_common_all.o)
 .text.timer_set_clock_division
                0x00000000       0x14 ../../libopencm3/lib/libopencm3_stm32f1.a(timer_common_all.o)
 .text.timer_enable_preload
                0x00000000        0xa ../../libopencm3/lib/libopencm3_stm32f1.a(timer_common_all.o)
 .text.timer_disable_preload
                0x00000000        0xa ../../libopencm3/lib/libopencm3_stm32f1.a(timer_common_all.o)
 .text.timer_set_alignment
                0x00000000       0x14 ../../libopencm3/lib/libopencm3_stm32f1.a(timer_common_all.o)
 .text.timer_direction_up
                0x00000000        0xa ../../libopencm3/lib/libopencm3_stm32f1.a(timer_common_all.o)
 .text.timer_direction_down
                0x00000000        0xa ../../libopencm3/lib/libopencm3_stm32f1.a(timer_common_all.o)
 .text.timer_one_shot_mode
                0x00000000        0xa ../../libopencm3/lib/libopencm3_stm32f1.a(timer_common_all.o)
 .text.timer_continuous_mode
                0x00000000        0xa ../../libopencm3/lib/libopencm3_stm32f1.a(timer_common_all.o)
 .text.timer_update_on_any
                0x00000000        0xa ../../libopencm3/lib/libopencm3_stm32f1.a(timer_common_all.o)
 .text.timer_update_on_overflow
                0x00000000        0xa ../../libopencm3/lib/libopencm3_stm32f1.a(timer_common_all.o)
 .text.timer_enable_update_event
                0x00000000        0xa ../../libopencm3/lib/libopencm3_stm32f1.a(timer_common_all.o)
 .text.timer_disable_update_event
                0x00000000        0xa ../../libopencm3/lib/libopencm3_stm32f1.a(timer_common_all.o)
 .text.timer_set_output_idle_state
                0x00000000        0xc ../../libopencm3/lib/libopencm3_stm32f1.a(timer_common_all.o)
 .text.timer_reset_output_idle_state
                0x00000000        0xe ../../libopencm3/lib/libopencm3_stm32f1.a(timer_common_all.o)
 .text.timer_set_ti1_ch123_xor
                0x00000000        0xa ../../libopencm3/lib/libopencm3_stm32f1.a(timer_common_all.o)
 .text.timer_set_ti1_ch1
                0x00000000        0xa ../../libopencm3/lib/libopencm3_stm32f1.a(timer_common_all.o)
 .text.timer_set_master_mode
                0x00000000       0x10 ../../libopencm3/lib/libopencm3_stm32f1.a(timer_common_all.o)
 .text.timer_set_dma_on_compare_event
                0x00000000        0xa ../../libopencm3/lib/libopencm3_stm32f1.a(timer_common_all.o)
 .text.timer_set_dma_on_update_event
                0x00000000        0xa ../../libopencm3/lib/libopencm3_stm32f1.a(timer_common_all.o)
 .text.timer_enable_compare_control_update_on_trigger
                0x00000000        0xa ../../libopencm3/lib/libopencm3_stm32f1.a(timer_common_all.o)
 .text.timer_disable_compare_control_update_on_trigger
                0x00000000        0xa ../../libopencm3/lib/libopencm3_stm32f1.a(timer_common_all.o)
 .text.timer_enable_preload_complementry_enable_bits
                0x00000000        0xa ../../libopencm3/lib/libopencm3_stm32f1.a(timer_common_all.o)
 .text.timer_disable_preload_complementry_enable_bits
                0x00000000        0xa ../../libopencm3/lib/libopencm3_stm32f1.a(timer_common_all.o)
 .text.timer_set_repetition_counter
                0x00000000        0x4 ../../libopencm3/lib/libopencm3_stm32f1.a(timer_common_all.o)
 .text.timer_enable_oc_clear
                0x00000000       0x34 ../../libopencm3/lib/libopencm3_stm32f1.a(timer_common_all.o)
 .text.timer_disable_oc_clear
                0x00000000       0x34 ../../libopencm3/lib/libopencm3_stm32f1.a(timer_common_all.o)
 .text.timer_set_oc_fast_mode
                0x00000000       0x34 ../../libopencm3/lib/libopencm3_stm32f1.a(timer_common_all.o)
 .text.timer_set_oc_slow_mode
                0x00000000       0x34 ../../libopencm3/lib/libopencm3_stm32f1.a(timer_common_all.o)
 .text.timer_set_oc_mode
                0x00000000      0x18c ../../libopencm3/lib/libopencm3_stm32f1.a(timer_common_all.o)
 .text.timer_enable_oc_preload
                0x00000000       0x34 ../../libopencm3/lib/libopencm3_stm32f1.a(timer_common_all.o)
 .text.timer_disable_oc_preload
                0x00000000       0x34 ../../libopencm3/lib/libopencm3_stm32f1.a(timer_common_all.o)
 .text.timer_set_oc_polarity_high
                0x00000000       0x4a ../../libopencm3/lib/libopencm3_stm32f1.a(timer_common_all.o)
 .text.timer_set_oc_polarity_low
                0x00000000       0x4a ../../libopencm3/lib/libopencm3_stm32f1.a(timer_common_all.o)
 .text.timer_enable_oc_output
                0x00000000       0x4a ../../libopencm3/lib/libopencm3_stm32f1.a(timer_common_all.o)
 .text.timer_disable_oc_output
                0x00000000       0x4a ../../libopencm3/lib/libopencm3_stm32f1.a(timer_common_all.o)
 .text.timer_set_oc_idle_state_set
                0x00000000       0x4a ../../libopencm3/lib/libopencm3_stm32f1.a(timer_common_all.o)
 .text.timer_set_oc_idle_state_unset
                0x00000000       0x4a ../../libopencm3/lib/libopencm3_stm32f1.a(timer_common_all.o)
 .text.timer_set_oc_value
                0x00000000       0x20 ../../libopencm3/lib/libopencm3_stm32f1.a(timer_common_all.o)
 .text.timer_enable_break_main_output
                0x00000000        0xa ../../libopencm3/lib/libopencm3_stm32f1.a(timer_common_all.o)
 .text.timer_disable_break_main_output
                0x00000000        0xa ../../libopencm3/lib/libopencm3_stm32f1.a(timer_common_all.o)
 .text.timer_enable_break_automatic_output
                0x00000000        0xa ../../libopencm3/lib/libopencm3_stm32f1.a(timer_common_all.o)
 .text.timer_disable_break_automatic_output
                0x00000000        0xa ../../libopencm3/lib/libopencm3_stm32f1.a(timer_common_all.o)
 .text.timer_set_break_polarity_high
                0x00000000        0xa ../../libopencm3/lib/libopencm3_stm32f1.a(timer_common_all.o)
 .text.timer_set_break_polarity_low
                0x00000000        0xa ../../libopencm3/lib/libopencm3_stm32f1.a(timer_common_all.o)
 .text.timer_enable_break
                0x00000000        0xa ../../libopencm3/lib/libopencm3_stm32f1.a(timer_common_all.o)
 .text.timer_disable_break
                0x00000000        0xa ../../libopencm3/lib/libopencm3_stm32f1.a(timer_common_all.o)
 .text.timer_set_enabled_off_state_in_run_mode
                0x00000000        0xa ../../libopencm3/lib/libopencm3_stm32f1.a(timer_common_all.o)
 .text.timer_set_disabled_off_state_in_run_mode
                0x00000000        0xa ../../libopencm3/lib/libopencm3_stm32f1.a(timer_common_all.o)
 .text.timer_set_enabled_off_state_in_idle_mode
                0x00000000        0xa ../../libopencm3/lib/libopencm3_stm32f1.a(timer_common_all.o)
 .text.timer_set_disabled_off_state_in_idle_mode
                0x00000000        0xa ../../libopencm3/lib/libopencm3_stm32f1.a(timer_common_all.o)
 .text.timer_set_break_lock
                0x00000000        0x8 ../../libopencm3/lib/libopencm3_stm32f1.a(timer_common_all.o)
 .text.timer_set_deadtime
                0x00000000        0x4 ../../libopencm3/lib/libopencm3_stm32f1.a(timer_common_all.o)
 .text.timer_generate_event
                0x00000000        0x8 ../../libopencm3/lib/libopencm3_stm32f1.a(timer_common_all.o)
 .text.timer_get_counter
                0x00000000        0x4 ../../libopencm3/lib/libopencm3_stm32f1.a(timer_common_all.o)
 .text.timer_ic_set_filter
                0x00000000       0x50 ../../libopencm3/lib/libopencm3_stm32f1.a(timer_common_all.o)
 .text.timer_ic_set_prescaler
                0x00000000       0x50 ../../libopencm3/lib/libopencm3_stm32f1.a(timer_common_all.o)
 .text.timer_ic_set_input
                0x00000000       0x62 ../../libopencm3/lib/libopencm3_stm32f1.a(timer_common_all.o)
 .text.timer_ic_enable
                0x00000000        0xe ../../libopencm3/lib/libopencm3_stm32f1.a(timer_common_all.o)
 .text.timer_ic_disable
                0x00000000       0x10 ../../libopencm3/lib/libopencm3_stm32f1.a(timer_common_all.o)
 .text.timer_slave_set_filter
                0x00000000       0x12 ../../libopencm3/lib/libopencm3_stm32f1.a(timer_common_all.o)
 .text.timer_slave_set_prescaler
                0x00000000       0x12 ../../libopencm3/lib/libopencm3_stm32f1.a(timer_common_all.o)
 .text.timer_slave_set_polarity
                0x00000000       0x12 ../../libopencm3/lib/libopencm3_stm32f1.a(timer_common_all.o)
 .text.timer_slave_set_mode
                0x00000000       0x10 ../../libopencm3/lib/libopencm3_stm32f1.a(timer_common_all.o)
 .text.timer_slave_set_trigger
                0x00000000       0x10 ../../libopencm3/lib/libopencm3_stm32f1.a(timer_common_all.o)
 .text.timer_slave_set_extclockmode2
                0x00000000       0x12 ../../libopencm3/lib/libopencm3_stm32f1.a(timer_common_all.o)
 .debug_macro   0x00000000      0xac0 ../../libopencm3/lib/libopencm3_stm32f1.a(timer_common_all.o)
 .debug_macro   0x00000000       0x1c ../../libopencm3/lib/libopencm3_stm32f1.a(timer_common_all.o)
 .debug_macro   0x00000000      0x34e ../../libopencm3/lib/libopencm3_stm32f1.a(timer_common_all.o)
 .debug_macro   0x00000000       0x22 ../../libopencm3/lib/libopencm3_stm32f1.a(timer_common_all.o)
 .debug_macro   0x00000000       0xe8 ../../libopencm3/lib/libopencm3_stm32f1.a(timer_common_all.o)
 .debug_macro   0x00000000       0x76 ../../libopencm3/lib/libopencm3_stm32f1.a(timer_common_all.o)
 .debug_macro   0x00000000      0x1b4 ../../libopencm3/lib/libopencm3_stm32f1.a(timer_common_all.o)
 .debug_macro   0x00000000      0x8c6 ../../libopencm3/lib/libopencm3_stm32f1.a(timer_common_all.o)
 .group         0x00000000        0xc ../../libopencm3/lib/libopencm3_stm32f1.a(vector.o)
 .group         0x00000000        0xc ../../libopencm3/lib/libopencm3_stm32f1.a(vector.o)
 .group         0x00000000        0xc ../../libopencm3/lib/libopencm3_stm32f1.a(vector.o)
 .group         0x00000000        0xc ../../libopencm3/lib/libopencm3_stm32f1.a(vector.o)
 .group         0x00000000        0xc ../../libopencm3/lib/libopencm3_stm32f1.a(vector.o)
 .group         0x00000000        0xc ../../libopencm3/lib/libopencm3_stm32f1.a(vector.o)
 .group         0x00000000        0xc ../../libopencm3/lib/libopencm3_stm32f1.a(vector.o)
 .group         0x00000000        0xc ../../libopencm3/lib/libopencm3_stm32f1.a(vector.o)
 .group         0x00000000        0xc ../../libopencm3/lib/libopencm3_stm32f1.a(vector.o)
 .text          0x00000000        0x0 ../../libopencm3/lib/libopencm3_stm32f1.a(vector.o)
 .data          0x00000000        0x0 ../../libopencm3/lib/libopencm3_stm32f1.a(vector.o)
 .bss           0x00000000        0x0 ../../libopencm3/lib/libopencm3_stm32f1.a(vector.o)
 .debug_macro   0x00000000      0xac0 ../../libopencm3/lib/libopencm3_stm32f1.a(vector.o)
 .debug_macro   0x00000000       0x76 ../../libopencm3/lib/libopencm3_stm32f1.a(vector.o)
 .debug_macro   0x00000000       0x1c ../../libopencm3/lib/libopencm3_stm32f1.a(vector.o)
 .debug_macro   0x00000000      0x34e ../../libopencm3/lib/libopencm3_stm32f1.a(vector.o)
 .debug_macro   0x00000000       0x22 ../../libopencm3/lib/libopencm3_stm32f1.a(vector.o)
 .debug_macro   0x00000000       0xe8 ../../libopencm3/lib/libopencm3_stm32f1.a(vector.o)
 .group         0x00000000        0xc ../../libopencm3/lib/libopencm3_stm32f1.a(nvic.o)
 .group         0x00000000        0xc ../../libopencm3/lib/libopencm3_stm32f1.a(nvic.o)
 .group         0x00000000        0xc ../../libopencm3/lib/libopencm3_stm32f1.a(nvic.o)
 .group         0x00000000        0xc ../../libopencm3/lib/libopencm3_stm32f1.a(nvic.o)
 .group         0x00000000        0xc ../../libopencm3/lib/libopencm3_stm32f1.a(nvic.o)
 .group         0x00000000        0xc ../../libopencm3/lib/libopencm3_stm32f1.a(nvic.o)
 .group         0x00000000        0xc ../../libopencm3/lib/libopencm3_stm32f1.a(nvic.o)
 .group         0x00000000        0xc ../../libopencm3/lib/libopencm3_stm32f1.a(nvic.o)
 .group         0x00000000        0xc ../../libopencm3/lib/libopencm3_stm32f1.a(nvic.o)
 .text          0x00000000        0x0 ../../libopencm3/lib/libopencm3_stm32f1.a(nvic.o)
 .data          0x00000000        0x0 ../../libopencm3/lib/libopencm3_stm32f1.a(nvic.o)
 .bss           0x00000000        0x0 ../../libopencm3/lib/libopencm3_stm32f1.a(nvic.o)
 .text.nvic_disable_irq
                0x00000000       0x18 ../../libopencm3/lib/libopencm3_stm32f1.a(nvic.o)
 .text.nvic_get_pending_irq
                0x00000000       0x20 ../../libopencm3/lib/libopencm3_stm32f1.a(nvic.o)
 .text.nvic_set_pending_irq
                0x00000000       0x18 ../../libopencm3/lib/libopencm3_stm32f1.a(nvic.o)
 .text.nvic_clear_pending_irq
                0x00000000       0x18 ../../libopencm3/lib/libopencm3_stm32f1.a(nvic.o)
 .text.nvic_get_irq_enabled
                0x00000000       0x20 ../../libopencm3/lib/libopencm3_stm32f1.a(nvic.o)
 .text.nvic_set_priority
                0x00000000       0x20 ../../libopencm3/lib/libopencm3_stm32f1.a(nvic.o)
 .text.nvic_get_active_irq
                0x00000000       0x20 ../../libopencm3/lib/libopencm3_stm32f1.a(nvic.o)
 .text.nvic_generate_software_interrupt
                0x00000000       0x14 ../../libopencm3/lib/libopencm3_stm32f1.a(nvic.o)
 .debug_macro   0x00000000      0xac0 ../../libopencm3/lib/libopencm3_stm32f1.a(nvic.o)
 .debug_macro   0x00000000       0x1c ../../libopencm3/lib/libopencm3_stm32f1.a(nvic.o)
 .debug_macro   0x00000000      0x34e ../../libopencm3/lib/libopencm3_stm32f1.a(nvic.o)
 .debug_macro   0x00000000       0x22 ../../libopencm3/lib/libopencm3_stm32f1.a(nvic.o)
 .debug_macro   0x00000000       0xe8 ../../libopencm3/lib/libopencm3_stm32f1.a(nvic.o)
 .debug_macro   0x00000000       0x76 ../../libopencm3/lib/libopencm3_stm32f1.a(nvic.o)
 .debug_macro   0x00000000      0x1a2 ../../libopencm3/lib/libopencm3_stm32f1.a(nvic.o)
 .group         0x00000000        0xc ../../libopencm3/lib/libopencm3_stm32f1.a(assert.o)
 .group         0x00000000        0xc ../../libopencm3/lib/libopencm3_stm32f1.a(assert.o)
 .group         0x00000000        0xc ../../libopencm3/lib/libopencm3_stm32f1.a(assert.o)
 .group         0x00000000        0xc ../../libopencm3/lib/libopencm3_stm32f1.a(assert.o)
 .group         0x00000000        0xc ../../libopencm3/lib/libopencm3_stm32f1.a(assert.o)
 .group         0x00000000        0xc ../../libopencm3/lib/libopencm3_stm32f1.a(assert.o)
 .text          0x00000000        0x0 ../../libopencm3/lib/libopencm3_stm32f1.a(assert.o)
 .data          0x00000000        0x0 ../../libopencm3/lib/libopencm3_stm32f1.a(assert.o)
 .bss           0x00000000        0x0 ../../libopencm3/lib/libopencm3_stm32f1.a(assert.o)
 .text.cm3_assert_failed
                0x00000000        0x2 ../../libopencm3/lib/libopencm3_stm32f1.a(assert.o)
 .text.cm3_assert_failed_verbose
                0x00000000        0x6 ../../libopencm3/lib/libopencm3_stm32f1.a(assert.o)
 .debug_info    0x00000000      0x101 ../../libopencm3/lib/libopencm3_stm32f1.a(assert.o)
 .debug_abbrev  0x00000000       0x94 ../../libopencm3/lib/libopencm3_stm32f1.a(assert.o)
 .debug_loclists
                0x00000000       0x80 ../../libopencm3/lib/libopencm3_stm32f1.a(assert.o)
 .debug_aranges
                0x00000000       0x28 ../../libopencm3/lib/libopencm3_stm32f1.a(assert.o)
 .debug_rnglists
                0x00000000       0x19 ../../libopencm3/lib/libopencm3_stm32f1.a(assert.o)
 .debug_macro   0x00000000       0x40 ../../libopencm3/lib/libopencm3_stm32f1.a(assert.o)
 .debug_macro   0x00000000      0xac0 ../../libopencm3/lib/libopencm3_stm32f1.a(assert.o)
 .debug_macro   0x00000000       0x1c ../../libopencm3/lib/libopencm3_stm32f1.a(assert.o)
 .debug_macro   0x00000000      0x34e ../../libopencm3/lib/libopencm3_stm32f1.a(assert.o)
 .debug_macro   0x00000000       0x22 ../../libopencm3/lib/libopencm3_stm32f1.a(assert.o)
 .debug_macro   0x00000000       0xe8 ../../libopencm3/lib/libopencm3_stm32f1.a(assert.o)
 .debug_macro   0x00000000       0x16 ../../libopencm3/lib/libopencm3_stm32f1.a(assert.o)
 .debug_line    0x00000000       0xdf ../../libopencm3/lib/libopencm3_stm32f1.a(assert.o)
 .debug_str     0x00000000     0x3d7d ../../libopencm3/lib/libopencm3_stm32f1.a(assert.o)
 .comment       0x00000000       0x27 ../../libopencm3/lib/libopencm3_stm32f1.a(assert.o)
 .debug_frame   0x00000000       0x38 ../../libopencm3/lib/libopencm3_stm32f1.a(assert.o)
 .ARM.attributes
                0x00000000       0x2d ../../libopencm3/lib/libopencm3_stm32f1.a(assert.o)
 .group         0x00000000        0xc ../../libopencm3/lib/libopencm3_stm32f1.a(flash_common_all.o)
 .group         0x00000000        0xc ../../libopencm3/lib/libopencm3_stm32f1.a(flash_common_all.o)
 .group         0x00000000        0xc ../../libopencm3/lib/libopencm3_stm32f1.a(flash_common_all.o)
 .group         0x00000000        0xc ../../libopencm3/lib/libopencm3_stm32f1.a(flash_common_all.o)
 .group         0x00000000        0xc ../../libopencm3/lib/libopencm3_stm32f1.a(flash_common_all.o)
 .group         0x00000000        0xc ../../libopencm3/lib/libopencm3_stm32f1.a(flash_common_all.o)
 .group         0x00000000        0xc ../../libopencm3/lib/libopencm3_stm32f1.a(flash_common_all.o)
 .group         0x00000000        0xc ../../libopencm3/lib/libopencm3_stm32f1.a(flash_common_all.o)
 .group         0x00000000        0xc ../../libopencm3/lib/libopencm3_stm32f1.a(flash_common_all.o)
 .text          0x00000000        0x0 ../../libopencm3/lib/libopencm3_stm32f1.a(flash_common_all.o)
 .data          0x00000000        0x0 ../../libopencm3/lib/libopencm3_stm32f1.a(flash_common_all.o)
 .bss           0x00000000        0x0 ../../libopencm3/lib/libopencm3_stm32f1.a(flash_common_all.o)
 .text.flash_prefetch_enable
                0x00000000       0x10 ../../libopencm3/lib/libopencm3_stm32f1.a(flash_common_all.o)
 .text.flash_prefetch_disable
                0x00000000       0x10 ../../libopencm3/lib/libopencm3_stm32f1.a(flash_common_all.o)
 .text.flash_unlock_option_bytes
                0x00000000       0x18 ../../libopencm3/lib/libopencm3_stm32f1.a(flash_common_all.o)
 .debug_macro   0x00000000      0xac0 ../../libopencm3/lib/libopencm3_stm32f1.a(flash_common_all.o)
 .debug_macro   0x00000000       0x1c ../../libopencm3/lib/libopencm3_stm32f1.a(flash_common_all.o)
 .debug_macro   0x00000000      0x34e ../../libopencm3/lib/libopencm3_stm32f1.a(flash_common_all.o)
 .debug_macro   0x00000000       0x22 ../../libopencm3/lib/libopencm3_stm32f1.a(flash_common_all.o)
 .debug_macro   0x00000000       0xe8 ../../libopencm3/lib/libopencm3_stm32f1.a(flash_common_all.o)
 .debug_macro   0x00000000       0x76 ../../libopencm3/lib/libopencm3_stm32f1.a(flash_common_all.o)
 .debug_macro   0x00000000      0x1b4 ../../libopencm3/lib/libopencm3_stm32f1.a(flash_common_all.o)
 .debug_macro   0x00000000       0xee ../../libopencm3/lib/libopencm3_stm32f1.a(flash_common_all.o)
 .debug_macro   0x00000000       0x82 ../../libopencm3/lib/libopencm3_stm32f1.a(flash_common_all.o)

Memory Configuration

Name             Origin             Length             Attributes
rom              0x08000000         0x00010000         xr
ram              0x20000000         0x00005000         xrw
*default*        0x00000000         0xffffffff

Linker script and memory map

LOAD bin/main.o
LOAD ../../libopencm3/lib/libopencm3_stm32f1.a
LOAD ../../libopencm3/lib/libopencm3_stm32f1.a
LOAD /usr/lib/gcc/arm-none-eabi/13.2.1/../../../arm-none-eabi/lib/thumb/v7-m/nofp/libc.a
LOAD /usr/lib/gcc/arm-none-eabi/13.2.1/thumb/v7-m/nofp/libgcc.a
LOAD /usr/lib/gcc/arm-none-eabi/13.2.1/../../../arm-none-eabi/lib/thumb/v7-m/nofp/libnosys.a
                0x20005000                        _stack = (ORIGIN (ram) + LENGTH (ram))

.text           0x08000000      0x70c
 *(.vectors)
 .vectors       0x08000000      0x150 ../../libopencm3/lib/libopencm3_stm32f1.a(vector.o)
                0x08000000                vector_table
 *(.text*)
 .text          0x08000150      0x100 bin/main.o
                0x0800015e                tim2_isr
                0x0800019c                gpio_setup
                0x080001c8                timer2_setup
                0x08000224                system_clock_setup
                0x08000238                main
 .text.gpio_set_mode
                0x08000250       0x5e ../../libopencm3/lib/libopencm3_stm32f1.a(gpio.o)
                0x08000250                gpio_set_mode
 .text.gpio_set
                0x080002ae        0x4 ../../libopencm3/lib/libopencm3_stm32f1.a(gpio_common_all.o)
                0x080002ae                gpio_set
 .text.gpio_toggle
                0x080002b2       0x12 ../../libopencm3/lib/libopencm3_stm32f1.a(gpio_common_all.o)
                0x080002b2                gpio_toggle
 .text.rcc_is_osc_ready
                0x080002c4       0x58 ../../libopencm3/lib/libopencm3_stm32f1.a(rcc.o)
                0x080002c4                rcc_is_osc_ready
 .text.rcc_wait_for_osc_ready
                0x0800031c       0x10 ../../libopencm3/lib/libopencm3_stm32f1.a(rcc.o)
                0x0800031c                rcc_wait_for_osc_ready
 .text.rcc_osc_on
                0x0800032c       0x60 ../../libopencm3/lib/libopencm3_stm32f1.a(rcc.o)
                0x0800032c                rcc_osc_on
 .text.rcc_set_sysclk_source
                0x0800038c       0x14 ../../libopencm3/lib/libopencm3_stm32f1.a(rcc.o)
                0x0800038c                rcc_set_sysclk_source
 .text.rcc_set_pll_multiplication_factor
                0x080003a0       0x14 ../../libopencm3/lib/libopencm3_stm32f1.a(rcc.o)
                0x080003a0                rcc_set_pll_multiplication_factor
 .text.rcc_set_pll2_multiplication_factor
                0x080003b4       0x14 ../../libopencm3/lib/libopencm3_stm32f1.a(rcc.o)
                0x080003b4                rcc_set_pll2_multiplication_factor
 .text.rcc_set_pll3_multiplication_factor
                0x080003c8       0x14 ../../libopencm3/lib/libopencm3_stm32f1.a(rcc.o)
                0x080003c8                rcc_set_pll3_multiplication_factor
 .text.rcc_set_pll_source
                0x080003dc       0x14 ../../libopencm3/lib/libopencm3_stm32f1.a(rcc.o)
                0x080003dc                rcc_set_pll_source
 .text.rcc_set_pllxtpre
                0x080003f0       0x14 ../../libopencm3/lib/libopencm3_stm32f1.a(rcc.o)
                0x080003f0                rcc_set_pllxtpre
 .text.rcc_set_adcpre
                0x08000404       0x14 ../../libopencm3/lib/libopencm3_stm32f1.a(rcc.o)
                0x08000404                rcc_set_adcpre
 .text.rcc_set_ppre2
                0x08000418       0x14 ../../libopencm3/lib/libopencm3_stm32f1.a(rcc.o)
                0x08000418                rcc_set_ppre2
 .text.rcc_set_ppre1
                0x0800042c       0x14 ../../libopencm3/lib/libopencm3_stm32f1.a(rcc.o)
                0x0800042c                rcc_set_ppre1
 .text.rcc_set_hpre
                0x08000440       0x14 ../../libopencm3/lib/libopencm3_stm32f1.a(rcc.o)
                0x08000440                rcc_set_hpre
 .text.rcc_set_usbpre
                0x08000454       0x18 ../../libopencm3/lib/libopencm3_stm32f1.a(rcc.o)
                0x08000454                rcc_set_usbpre
 .text.rcc_set_prediv1
                0x0800046c       0x14 ../../libopencm3/lib/libopencm3_stm32f1.a(rcc.o)
                0x0800046c                rcc_set_prediv1
 .text.rcc_set_prediv2
                0x08000480       0x14 ../../libopencm3/lib/libopencm3_stm32f1.a(rcc.o)
                0x08000480                rcc_set_prediv2
 .text.rcc_set_prediv1_source
                0x08000494       0x18 ../../libopencm3/lib/libopencm3_stm32f1.a(rcc.o)
                0x08000494                rcc_set_prediv1_source
 .text.rcc_clock_setup_pll
                0x080004ac       0xbc ../../libopencm3/lib/libopencm3_stm32f1.a(rcc.o)
                0x080004ac                rcc_clock_setup_pll
 .text.rcc_periph_clock_enable
                0x08000568       0x1a ../../libopencm3/lib/libopencm3_stm32f1.a(rcc_common_all.o)
                0x08000568                rcc_periph_clock_enable
 .text.timer_enable_irq
                0x08000582        0x8 ../../libopencm3/lib/libopencm3_stm32f1.a(timer_common_all.o)
                0x08000582                timer_enable_irq
 .text.timer_get_flag
                0x0800058a        0xc ../../libopencm3/lib/libopencm3_stm32f1.a(timer_common_all.o)
                0x0800058a                timer_get_flag
 .text.timer_clear_flag
                0x08000596        0x6 ../../libopencm3/lib/libopencm3_stm32f1.a(timer_common_all.o)
                0x08000596                timer_clear_flag
 .text.timer_enable_counter
                0x0800059c        0xa ../../libopencm3/lib/libopencm3_stm32f1.a(timer_common_all.o)
                0x0800059c                timer_enable_counter
 .text.timer_disable_counter
                0x080005a6        0xa ../../libopencm3/lib/libopencm3_stm32f1.a(timer_common_all.o)
                0x080005a6                timer_disable_counter
 .text.timer_set_prescaler
                0x080005b0        0x4 ../../libopencm3/lib/libopencm3_stm32f1.a(timer_common_all.o)
                0x080005b0                timer_set_prescaler
 .text.timer_set_period
                0x080005b4        0x4 ../../libopencm3/lib/libopencm3_stm32f1.a(timer_common_all.o)
                0x080005b4                timer_set_period
 .text.timer_set_counter
                0x080005b8        0x4 ../../libopencm3/lib/libopencm3_stm32f1.a(timer_common_all.o)
                0x080005b8                timer_set_counter
 .text.blocking_handler
                0x080005bc        0x2 ../../libopencm3/lib/libopencm3_stm32f1.a(vector.o)
                0x080005bc                usart3_isr
                0x080005bc                rtc_isr
                0x080005bc                tim7_isr
                0x080005bc                adc1_2_isr
                0x080005bc                tim1_trg_com_isr
                0x080005bc                usb_hp_can_tx_isr
                0x080005bc                tim6_isr
                0x080005bc                usb_wakeup_isr
                0x080005bc                blocking_handler
                0x080005bc                tim5_isr
                0x080005bc                otg_fs_isr
                0x080005bc                spi1_isr
                0x080005bc                exti2_isr
                0x080005bc                dma1_channel6_isr
                0x080005bc                can_rx1_isr
                0x080005bc                dma1_channel5_isr
                0x080005bc                dma2_channel5_isr
                0x080005bc                usart1_isr
                0x080005bc                usage_fault_handler
                0x080005bc                tim8_trg_com_isr
                0x080005bc                can2_rx0_isr
                0x080005bc                tim1_brk_isr
                0x080005bc                can2_rx1_isr
                0x080005bc                tim1_cc_isr
                0x080005bc                sdio_isr
                0x080005bc                eth_isr
                0x080005bc                dma1_channel4_isr
                0x080005bc                tim8_brk_isr
                0x080005bc                dma2_channel4_5_isr
                0x080005bc                pvd_isr
                0x080005bc                rcc_isr
                0x080005bc                flash_isr
                0x080005bc                uart4_isr
                0x080005bc                rtc_alarm_isr
                0x080005bc                exti15_10_isr
                0x080005bc                hard_fault_handler
                0x080005bc                exti1_isr
                0x080005bc                i2c1_ev_isr
                0x080005bc                dma2_channel1_isr
                0x080005bc                spi2_isr
                0x080005bc                tim8_up_isr
                0x080005bc                dma2_channel2_isr
                0x080005bc                exti3_isr
                0x080005bc                adc3_isr
                0x080005bc                tim3_isr
                0x080005bc                usart2_isr
                0x080005bc                usb_lp_can_rx0_isr
                0x080005bc                i2c2_er_isr
                0x080005bc                i2c2_ev_isr
                0x080005bc                uart5_isr
                0x080005bc                fsmc_isr
                0x080005bc                dma1_channel1_isr
                0x080005bc                exti4_isr
                0x080005bc                mem_manage_handler
                0x080005bc                can2_tx_isr
                0x080005bc                exti9_5_isr
                0x080005bc                dma2_channel3_isr
                0x080005bc                dma1_channel7_isr
                0x080005bc                tim1_up_isr
                0x080005bc                can2_sce_isr
                0x080005bc                tim4_isr
                0x080005bc                dma1_channel2_isr
                0x080005bc                i2c1_er_isr
                0x080005bc                can_sce_isr
                0x080005bc                tim8_cc_isr
                0x080005bc                tamper_isr
                0x080005bc                eth_wkup_isr
                0x080005bc                bus_fault_handler
                0x080005bc                wwdg_isr
                0x080005bc                dma1_channel3_isr
                0x080005bc                spi3_isr
                0x080005bc                exti0_isr
 .text.null_handler
                0x080005be        0x2 ../../libopencm3/lib/libopencm3_stm32f1.a(vector.o)
                0x080005be                null_handler
                0x080005be                sv_call_handler
                0x080005be                pend_sv_handler
                0x080005be                debug_monitor_handler
                0x080005be                sys_tick_handler
                0x080005be                nmi_handler
 .text.reset_handler
                0x080005c0       0x94 ../../libopencm3/lib/libopencm3_stm32f1.a(vector.o)
                0x080005c0                reset_handler
 .text.nvic_enable_irq
                0x08000654       0x18 ../../libopencm3/lib/libopencm3_stm32f1.a(nvic.o)
                0x08000654                nvic_enable_irq
 .text.flash_set_ws
                0x0800066c       0x14 ../../libopencm3/lib/libopencm3_stm32f1.a(flash_common_all.o)
                0x0800066c                flash_set_ws
 *(.rodata*)
 .rodata.rcc_hse_configs
                0x08000680       0x8c ../../libopencm3/lib/libopencm3_stm32f1.a(rcc.o)
                0x08000680                rcc_hse_configs
 *(.glue_7)
 .glue_7        0x0800070c        0x0 linker stubs
 *(.glue_7t)
 .glue_7t       0x0800070c        0x0 linker stubs
 *(.eh_frame)

.vfp11_veneer   0x0800070c        0x0
 .vfp11_veneer  0x0800070c        0x0 linker stubs

.v4_bx          0x0800070c        0x0
 .v4_bx         0x0800070c        0x0 linker stubs

.iplt           0x0800070c        0x0
 .iplt          0x0800070c        0x0 bin/main.o

.rel.dyn        0x0800070c        0x0
 .rel.iplt      0x0800070c        0x0 bin/main.o

.ARM.exidx      0x0800070c        0x0
                0x0800070c                        __exidx_start = .
 *(.ARM.exidx*)
                0x0800070c                        __exidx_end = .

.data           0x20000000        0xc load address 0x0800070c
                0x20000000                        _data = .
                0x0800070c                        _data_loadaddr = LOADADDR (.data)
 *(.data*)
 .data.rcc_ahb_frequency
                0x20000000        0x4 ../../libopencm3/lib/libopencm3_stm32f1.a(rcc.o)
                0x20000000                rcc_ahb_frequency
 .data.rcc_apb2_frequency
                0x20000004        0x4 ../../libopencm3/lib/libopencm3_stm32f1.a(rcc.o)
                0x20000004                rcc_apb2_frequency
 .data.rcc_apb1_frequency
                0x20000008        0x4 ../../libopencm3/lib/libopencm3_stm32f1.a(rcc.o)
                0x20000008                rcc_apb1_frequency
                0x2000000c                        . = ALIGN (0x4)
                0x2000000c                        _edata = .

.igot.plt       0x2000000c        0x0 load address 0x08000718
 .igot.plt      0x2000000c        0x0 bin/main.o

.bss            0x2000000c        0x4 load address 0x08000718
                0x2000000c                        _bss = .
 *(.bss*)
 .bss           0x2000000c        0x4 bin/main.o
                0x2000000c                blink_count
 *(COMMON)
                0x20000010                        . = ALIGN (0x4)
                0x20000010                        _ebss = .

.init_array     0x20000010        0x0
                0x20000010                        __init_array_start = .
 *(.init_array*)
                0x20000010                        __init_array_end = .

.fini_array     0x20000010        0x0
                0x20000010                        __fini_array_start = .
 *(.fini_array*)
                0x20000010                        __fini_array_end = .

.preinit_array  0x20000010        0x0
                0x20000010                        __preinit_array_start = .
 *(.preinit_array*)
                0x20000010                        __preinit_array_end = .
                0x0800070c                        _etext = (LOADADDR (.text) + SIZEOF (.text))
OUTPUT(bin/main.elf elf32-littlearm)
LOAD linker stubs

.debug_info     0x00000000     0x3999
 .debug_info    0x00000000      0x559 bin/main.o
 .debug_info    0x00000559      0x1d1 ../../libopencm3/lib/libopencm3_stm32f1.a(gpio.o)
 .debug_info    0x0000072a      0x23a ../../libopencm3/lib/libopencm3_stm32f1.a(gpio_common_all.o)
 .debug_info    0x00000964     0x14b6 ../../libopencm3/lib/libopencm3_stm32f1.a(rcc.o)
 .debug_info    0x00001e1a      0x5e6 ../../libopencm3/lib/libopencm3_stm32f1.a(rcc_common_all.o)
 .debug_info    0x00002400      0xfea ../../libopencm3/lib/libopencm3_stm32f1.a(timer_common_all.o)
 .debug_info    0x000033ea      0x2b8 ../../libopencm3/lib/libopencm3_stm32f1.a(vector.o)
 .debug_info    0x000036a2      0x212 ../../libopencm3/lib/libopencm3_stm32f1.a(nvic.o)
 .debug_info    0x000038b4       0xe5 ../../libopencm3/lib/libopencm3_stm32f1.a(flash_common_all.o)

.debug_abbrev   0x00000000      0xbdf
 .debug_abbrev  0x00000000      0x16d bin/main.o
 .debug_abbrev  0x0000016d       0xd3 ../../libopencm3/lib/libopencm3_stm32f1.a(gpio.o)
 .debug_abbrev  0x00000240      0x117 ../../libopencm3/lib/libopencm3_stm32f1.a(gpio_common_all.o)
 .debug_abbrev  0x00000357      0x2bf ../../libopencm3/lib/libopencm3_stm32f1.a(rcc.o)
 .debug_abbrev  0x00000616      0x186 ../../libopencm3/lib/libopencm3_stm32f1.a(rcc_common_all.o)
 .debug_abbrev  0x0000079c      0x1ad ../../libopencm3/lib/libopencm3_stm32f1.a(timer_common_all.o)
 .debug_abbrev  0x00000949      0x149 ../../libopencm3/lib/libopencm3_stm32f1.a(vector.o)
 .debug_abbrev  0x00000a92       0xb7 ../../libopencm3/lib/libopencm3_stm32f1.a(nvic.o)
 .debug_abbrev  0x00000b49       0x96 ../../libopencm3/lib/libopencm3_stm32f1.a(flash_common_all.o)

.debug_aranges  0x00000000      0x5d8
 .debug_aranges
                0x00000000       0x20 bin/main.o
 .debug_aranges
                0x00000020       0x38 ../../libopencm3/lib/libopencm3_stm32f1.a(gpio.o)
 .debug_aranges
                0x00000058       0x50 ../../libopencm3/lib/libopencm3_stm32f1.a(gpio_common_all.o)
 .debug_aranges
                0x000000a8      0x170 ../../libopencm3/lib/libopencm3_stm32f1.a(rcc.o)
 .debug_aranges
                0x00000218       0x80 ../../libopencm3/lib/libopencm3_stm32f1.a(rcc_common_all.o)
 .debug_aranges
                0x00000298      0x278 ../../libopencm3/lib/libopencm3_stm32f1.a(timer_common_all.o)
 .debug_aranges
                0x00000510       0x30 ../../libopencm3/lib/libopencm3_stm32f1.a(vector.o)
 .debug_aranges
                0x00000540       0x60 ../../libopencm3/lib/libopencm3_stm32f1.a(nvic.o)
 .debug_aranges
                0x000005a0       0x38 ../../libopencm3/lib/libopencm3_stm32f1.a(flash_common_all.o)

.debug_line     0x00000000     0x2ce5
 .debug_line    0x00000000      0x1b0 bin/main.o
 .debug_line    0x000001b0      0x293 ../../libopencm3/lib/libopencm3_stm32f1.a(gpio.o)
 .debug_line    0x00000443      0x27b ../../libopencm3/lib/libopencm3_stm32f1.a(gpio_common_all.o)
 .debug_line    0x000006be      0xc28 ../../libopencm3/lib/libopencm3_stm32f1.a(rcc.o)
 .debug_line    0x000012e6      0x322 ../../libopencm3/lib/libopencm3_stm32f1.a(rcc_common_all.o)
 .debug_line    0x00001608      0xf61 ../../libopencm3/lib/libopencm3_stm32f1.a(timer_common_all.o)
 .debug_line    0x00002569      0x2ad ../../libopencm3/lib/libopencm3_stm32f1.a(vector.o)
 .debug_line    0x00002816      0x2a3 ../../libopencm3/lib/libopencm3_stm32f1.a(nvic.o)
 .debug_line    0x00002ab9      0x22c ../../libopencm3/lib/libopencm3_stm32f1.a(flash_common_all.o)

.debug_str      0x00000000    0x12e59
 .debug_str     0x00000000    0x12e59 bin/main.o
                                0x663 (size before relaxing)
 .debug_str     0x00012e59     0x82ba ../../libopencm3/lib/libopencm3_stm32f1.a(gpio.o)
 .debug_str     0x00012e59     0x82b8 ../../libopencm3/lib/libopencm3_stm32f1.a(gpio_common_all.o)
 .debug_str     0x00012e59     0x7f1a ../../libopencm3/lib/libopencm3_stm32f1.a(rcc.o)
 .debug_str     0x00012e59     0x761d ../../libopencm3/lib/libopencm3_stm32f1.a(rcc_common_all.o)
 .debug_str     0x00012e59     0xbbc4 ../../libopencm3/lib/libopencm3_stm32f1.a(timer_common_all.o)
 .debug_str     0x00012e59     0x6309 ../../libopencm3/lib/libopencm3_stm32f1.a(vector.o)
 .debug_str     0x00012e59     0x58d6 ../../libopencm3/lib/libopencm3_stm32f1.a(nvic.o)
 .debug_str     0x00012e59     0x5208 ../../libopencm3/lib/libopencm3_stm32f1.a(flash_common_all.o)

.comment        0x00000000       0x26
 .comment       0x00000000       0x26 bin/main.o
                                 0x27 (size before relaxing)
 .comment       0x00000026       0x27 ../../libopencm3/lib/libopencm3_stm32f1.a(gpio.o)
 .comment       0x00000026       0x27 ../../libopencm3/lib/libopencm3_stm32f1.a(gpio_common_all.o)
 .comment       0x00000026       0x27 ../../libopencm3/lib/libopencm3_stm32f1.a(rcc.o)
 .comment       0x00000026       0x27 ../../libopencm3/lib/libopencm3_stm32f1.a(rcc_common_all.o)
 .comment       0x00000026       0x27 ../../libopencm3/lib/libopencm3_stm32f1.a(timer_common_all.o)
 .comment       0x00000026       0x27 ../../libopencm3/lib/libopencm3_stm32f1.a(vector.o)
 .comment       0x00000026       0x27 ../../libopencm3/lib/libopencm3_stm32f1.a(nvic.o)
 .comment       0x00000026       0x27 ../../libopencm3/lib/libopencm3_stm32f1.a(flash_common_all.o)

.ARM.attributes
                0x00000000       0x2d
 .ARM.attributes
                0x00000000       0x2d bin/main.o
 .ARM.attributes
                0x0000002d       0x2d ../../libopencm3/lib/libopencm3_stm32f1.a(gpio.o)
 .ARM.attributes
                0x0000005a       0x2d ../../libopencm3/lib/libopencm3_stm32f1.a(gpio_common_all.o)
 .ARM.attributes
                0x00000087       0x2d ../../libopencm3/lib/libopencm3_stm32f1.a(rcc.o)
 .ARM.attributes
                0x000000b4       0x2d ../../libopencm3/lib/libopencm3_stm32f1.a(rcc_common_all.o)
 .ARM.attributes
                0x000000e1       0x2d ../../libopencm3/lib/libopencm3_stm32f1.a(timer_common_all.o)
 .ARM.attributes
                0x0000010e       0x2d ../../libopencm3/lib/libopencm3_stm32f1.a(vector.o)
 .ARM.attributes
                0x0000013b       0x2d ../../libopencm3/lib/libopencm3_stm32f1.a(nvic.o)
 .ARM.attributes
                0x00000168       0x2d ../../libopencm3/lib/libopencm3_stm32f1.a(flash_common_all.o)

.debug_frame    0x00000000      0xba8
 .debug_frame   0x00000000       0xbc bin/main.o
 .debug_frame   0x000000bc       0x60 ../../libopencm3/lib/libopencm3_stm32f1.a(gpio.o)
 .debug_frame   0x0000011c       0x80 ../../libopencm3/lib/libopencm3_stm32f1.a(gpio_common_all.o)
 .debug_frame   0x0000019c      0x318 ../../libopencm3/lib/libopencm3_stm32f1.a(rcc.o)
 .debug_frame   0x000004b4       0xe0 ../../libopencm3/lib/libopencm3_stm32f1.a(rcc_common_all.o)
 .debug_frame   0x00000594      0x4d8 ../../libopencm3/lib/libopencm3_stm32f1.a(timer_common_all.o)
 .debug_frame   0x00000a6c       0x4c ../../libopencm3/lib/libopencm3_stm32f1.a(vector.o)
 .debug_frame   0x00000ab8       0xa0 ../../libopencm3/lib/libopencm3_stm32f1.a(nvic.o)
 .debug_frame   0x00000b58       0x50 ../../libopencm3/lib/libopencm3_stm32f1.a(flash_common_all.o)

.debug_loclists
                0x00000000      0x870
 .debug_loclists
                0x00000000       0xd5 ../../libopencm3/lib/libopencm3_stm32f1.a(gpio.o)
 .debug_loclists
                0x000000d5       0x96 ../../libopencm3/lib/libopencm3_stm32f1.a(gpio_common_all.o)
 .debug_loclists
                0x0000016b      0x2cb ../../libopencm3/lib/libopencm3_stm32f1.a(rcc.o)
 .debug_loclists
                0x00000436       0x87 ../../libopencm3/lib/libopencm3_stm32f1.a(rcc_common_all.o)
 .debug_loclists
                0x000004bd      0x1d5 ../../libopencm3/lib/libopencm3_stm32f1.a(timer_common_all.o)
 .debug_loclists
                0x00000692       0xb6 ../../libopencm3/lib/libopencm3_stm32f1.a(vector.o)
 .debug_loclists
                0x00000748      0x111 ../../libopencm3/lib/libopencm3_stm32f1.a(nvic.o)
 .debug_loclists
                0x00000859       0x17 ../../libopencm3/lib/libopencm3_stm32f1.a(flash_common_all.o)

.debug_rnglists
                0x00000000      0x475
 .debug_rnglists
                0x00000000       0x25 ../../libopencm3/lib/libopencm3_stm32f1.a(gpio.o)
 .debug_rnglists
                0x00000025       0x37 ../../libopencm3/lib/libopencm3_stm32f1.a(gpio_common_all.o)
 .debug_rnglists
                0x0000005c      0x160 ../../libopencm3/lib/libopencm3_stm32f1.a(rcc.o)
 .debug_rnglists
                0x000001bc       0x5b ../../libopencm3/lib/libopencm3_stm32f1.a(rcc_common_all.o)
 .debug_rnglists
                0x00000217      0x1d6 ../../libopencm3/lib/libopencm3_stm32f1.a(timer_common_all.o)
 .debug_rnglists
                0x000003ed       0x20 ../../libopencm3/lib/libopencm3_stm32f1.a(vector.o)
 .debug_rnglists
                0x0000040d       0x43 ../../libopencm3/lib/libopencm3_stm32f1.a(nvic.o)
 .debug_rnglists
                0x00000450       0x25 ../../libopencm3/lib/libopencm3_stm32f1.a(flash_common_all.o)

.debug_macro    0x00000000     0x4769
 .debug_macro   0x00000000       0x6f ../../libopencm3/lib/libopencm3_stm32f1.a(gpio.o)
 .debug_macro   0x0000006f      0xac0 ../../libopencm3/lib/libopencm3_stm32f1.a(gpio.o)
 .debug_macro   0x00000b2f       0x1c ../../libopencm3/lib/libopencm3_stm32f1.a(gpio.o)
 .debug_macro   0x00000b4b      0x34e ../../libopencm3/lib/libopencm3_stm32f1.a(gpio.o)
 .debug_macro   0x00000e99       0x22 ../../libopencm3/lib/libopencm3_stm32f1.a(gpio.o)
 .debug_macro   0x00000ebb       0xe8 ../../libopencm3/lib/libopencm3_stm32f1.a(gpio.o)
 .debug_macro   0x00000fa3       0x76 ../../libopencm3/lib/libopencm3_stm32f1.a(gpio.o)
 .debug_macro   0x00001019      0x1b4 ../../libopencm3/lib/libopencm3_stm32f1.a(gpio.o)
 .debug_macro   0x000011cd       0x76 ../../libopencm3/lib/libopencm3_stm32f1.a(gpio.o)
 .debug_macro   0x00001243      0xe2e ../../libopencm3/lib/libopencm3_stm32f1.a(gpio.o)
 .debug_macro   0x00002071       0x6f ../../libopencm3/lib/libopencm3_stm32f1.a(gpio_common_all.o)
 .debug_macro   0x000020e0       0x9e ../../libopencm3/lib/libopencm3_stm32f1.a(rcc.o)
 .debug_macro   0x0000217e       0x16 ../../libopencm3/lib/libopencm3_stm32f1.a(rcc.o)
 .debug_macro   0x00002194      0x8c6 ../../libopencm3/lib/libopencm3_stm32f1.a(rcc.o)
 .debug_macro   0x00002a5a       0xee ../../libopencm3/lib/libopencm3_stm32f1.a(rcc.o)
 .debug_macro   0x00002b48       0x82 ../../libopencm3/lib/libopencm3_stm32f1.a(rcc.o)
 .debug_macro   0x00002bca       0x85 ../../libopencm3/lib/libopencm3_stm32f1.a(rcc_common_all.o)
 .debug_macro   0x00002c4f       0x7c ../../libopencm3/lib/libopencm3_stm32f1.a(timer_common_all.o)
 .debug_macro   0x00002ccb      0xf8f ../../libopencm3/lib/libopencm3_stm32f1.a(timer_common_all.o)
 .debug_macro   0x00003c5a       0x86 ../../libopencm3/lib/libopencm3_stm32f1.a(vector.o)
 .debug_macro   0x00003ce0      0x395 ../../libopencm3/lib/libopencm3_stm32f1.a(vector.o)
 .debug_macro   0x00004075       0x6e ../../libopencm3/lib/libopencm3_stm32f1.a(vector.o)
 .debug_macro   0x000040e3      0x1a2 ../../libopencm3/lib/libopencm3_stm32f1.a(vector.o)
 .debug_macro   0x00004285       0x6a ../../libopencm3/lib/libopencm3_stm32f1.a(nvic.o)
 .debug_macro   0x000042ef       0x68 ../../libopencm3/lib/libopencm3_stm32f1.a(nvic.o)
 .debug_macro   0x00004357      0x39b ../../libopencm3/lib/libopencm3_stm32f1.a(nvic.o)
 .debug_macro   0x000046f2       0x77 ../../libopencm3/lib/libopencm3_stm32f1.a(flash_common_all.o)
